<?xml version="1.0" encoding="ISO-8859-1" ?>
<link_info>
   <banner>TMS320C2000 Linker PC v20.2.1.LTS</banner>
   <copyright>Copyright (c) 1996-2018 Texas Instruments Incorporated</copyright>
   <link_time>0x5f35f4d2</link_time>
   <link_errors>0x0</link_errors>
   <output_file>empty_bitfield_driverlib_project.out</output_file>
   <entry_point>
      <name>code_start</name>
      <address>0x0</address>
   </entry_point>
   <input_file_list>
      <input_file id="fl-2">
         <path>.\</path>
         <kind>object</kind>
         <file>empty_bitfield_driverlib_main.obj</file>
         <name>empty_bitfield_driverlib_main.obj</name>
      </input_file>
      <input_file id="fl-3">
         <path>.\</path>
         <kind>object</kind>
         <file>f2838x_codestartbranch.obj</file>
         <name>f2838x_codestartbranch.obj</name>
      </input_file>
      <input_file id="fl-4">
         <path>.\</path>
         <kind>object</kind>
         <file>f2838x_defaultisr.obj</file>
         <name>f2838x_defaultisr.obj</name>
      </input_file>
      <input_file id="fl-5">
         <path>.\</path>
         <kind>object</kind>
         <file>f2838x_globalvariabledefs.obj</file>
         <name>f2838x_globalvariabledefs.obj</name>
      </input_file>
      <input_file id="fl-6">
         <path>.\</path>
         <kind>object</kind>
         <file>f2838x_gpio.obj</file>
         <name>f2838x_gpio.obj</name>
      </input_file>
      <input_file id="fl-7">
         <path>.\</path>
         <kind>object</kind>
         <file>f2838x_piectrl.obj</file>
         <name>f2838x_piectrl.obj</name>
      </input_file>
      <input_file id="fl-8">
         <path>.\</path>
         <kind>object</kind>
         <file>f2838x_pievect.obj</file>
         <name>f2838x_pievect.obj</name>
      </input_file>
      <input_file id="fl-9">
         <path>.\</path>
         <kind>object</kind>
         <file>f2838x_sysctrl.obj</file>
         <name>f2838x_sysctrl.obj</name>
      </input_file>
      <input_file id="fl-a">
         <path>.\</path>
         <kind>object</kind>
         <file>f2838x_usdelay.obj</file>
         <name>f2838x_usdelay.obj</name>
      </input_file>
      <input_file id="fl-b">
         <path>.\device\</path>
         <kind>object</kind>
         <file>device.obj</file>
         <name>device.obj</name>
      </input_file>
      <input_file id="fl-13">
         <kind>object</kind>
         <file>&lt;internal&gt;</file>
         <name>&lt;internal&gt;</name>
      </input_file>
      <input_file id="fl-14">
         <path>C:\TI\c2000_ware\C2000Ware_3_02_00_00\driverlib\f2838x\driverlib\ccs\Debug\</path>
         <kind>archive</kind>
         <file>driverlib.lib</file>
         <name>ipc.obj</name>
      </input_file>
      <input_file id="fl-15">
         <path>C:\TI\c2000_ware\C2000Ware_3_02_00_00\driverlib\f2838x\driverlib\ccs\Debug\</path>
         <kind>archive</kind>
         <file>driverlib.lib</file>
         <name>sysctl.obj</name>
      </input_file>
      <input_file id="fl-16">
         <path>C:\TI\c2000_ware\C2000Ware_3_02_00_00\driverlib\f2838x\driverlib\ccs\Debug\</path>
         <kind>archive</kind>
         <file>driverlib.lib</file>
         <name>interrupt.obj</name>
      </input_file>
      <input_file id="fl-17">
         <path>C:\TI\ccs10.1\ccs\tools\compiler\ti-cgt-c2000_20.2.1.LTS\lib\</path>
         <kind>archive</kind>
         <file>rts2800_fpu64_eabi.lib</file>
         <name>boot28.asm.obj</name>
      </input_file>
      <input_file id="fl-18">
         <path>C:\TI\ccs10.1\ccs\tools\compiler\ti-cgt-c2000_20.2.1.LTS\lib\</path>
         <kind>archive</kind>
         <file>rts2800_fpu64_eabi.lib</file>
         <name>fs_div28.asm.obj</name>
      </input_file>
      <input_file id="fl-19">
         <path>C:\TI\ccs10.1\ccs\tools\compiler\ti-cgt-c2000_20.2.1.LTS\lib\</path>
         <kind>archive</kind>
         <file>rts2800_fpu64_eabi.lib</file>
         <name>pre_init.c.obj</name>
      </input_file>
      <input_file id="fl-1a">
         <path>C:\TI\ccs10.1\ccs\tools\compiler\ti-cgt-c2000_20.2.1.LTS\lib\</path>
         <kind>archive</kind>
         <file>rts2800_fpu64_eabi.lib</file>
         <name>autoinit.c.obj</name>
      </input_file>
      <input_file id="fl-1b">
         <path>C:\TI\ccs10.1\ccs\tools\compiler\ti-cgt-c2000_20.2.1.LTS\lib\</path>
         <kind>archive</kind>
         <file>rts2800_fpu64_eabi.lib</file>
         <name>copy_zero_init.c.obj</name>
      </input_file>
      <input_file id="fl-1c">
         <path>C:\TI\ccs10.1\ccs\tools\compiler\ti-cgt-c2000_20.2.1.LTS\lib\</path>
         <kind>archive</kind>
         <file>rts2800_fpu64_eabi.lib</file>
         <name>copy_decompress_none.c.obj</name>
      </input_file>
      <input_file id="fl-1d">
         <path>C:\TI\ccs10.1\ccs\tools\compiler\ti-cgt-c2000_20.2.1.LTS\lib\</path>
         <kind>archive</kind>
         <file>rts2800_fpu64_eabi.lib</file>
         <name>copy_decompress_lzss.c.obj</name>
      </input_file>
      <input_file id="fl-1e">
         <path>C:\TI\ccs10.1\ccs\tools\compiler\ti-cgt-c2000_20.2.1.LTS\lib\</path>
         <kind>archive</kind>
         <file>rts2800_fpu64_eabi.lib</file>
         <name>exit.c.obj</name>
      </input_file>
      <input_file id="fl-1f">
         <path>C:\TI\ccs10.1\ccs\tools\compiler\ti-cgt-c2000_20.2.1.LTS\lib\</path>
         <kind>archive</kind>
         <file>rts2800_fpu64_eabi.lib</file>
         <name>_lock.c.obj</name>
      </input_file>
      <input_file id="fl-20">
         <path>C:\TI\ccs10.1\ccs\tools\compiler\ti-cgt-c2000_20.2.1.LTS\lib\</path>
         <kind>archive</kind>
         <file>rts2800_fpu64_eabi.lib</file>
         <name>args_main.c.obj</name>
      </input_file>
      <input_file id="fl-21">
         <path>C:\TI\ccs10.1\ccs\tools\compiler\ti-cgt-c2000_20.2.1.LTS\lib\</path>
         <kind>archive</kind>
         <file>rts2800_fpu64_eabi.lib</file>
         <name>memset.c.obj</name>
      </input_file>
      <input_file id="fl-22">
         <path>C:\TI\ccs10.1\ccs\tools\compiler\ti-cgt-c2000_20.2.1.LTS\lib\</path>
         <kind>archive</kind>
         <file>rts2800_fpu64_eabi.lib</file>
         <name>cpy_tbl.c.obj</name>
      </input_file>
      <input_file id="fl-23">
         <path>C:\TI\ccs10.1\ccs\tools\compiler\ti-cgt-c2000_20.2.1.LTS\lib\</path>
         <kind>archive</kind>
         <file>rts2800_fpu64_eabi.lib</file>
         <name>memcpy.c.obj</name>
      </input_file>
      <input_file id="fl-24">
         <path>C:\TI\ccs10.1\ccs\tools\compiler\ti-cgt-c2000_20.2.1.LTS\lib\</path>
         <kind>archive</kind>
         <file>rts2800_fpu64_eabi.lib</file>
         <name>startup.c.obj</name>
      </input_file>
   </input_file_list>
   <object_component_list>
      <object_component id="oc-b5">
         <name>codestart</name>
         <load_address>0x0</load_address>
         <run_address>0x0</run_address>
         <size>0x2</size>
         <input_file_ref idref="fl-3"/>
      </object_component>
      <object_component id="oc-a8">
         <name>.text:decompress:lzss</name>
         <load_address>0xc000</load_address>
         <run_address>0xc000</run_address>
         <size>0x31</size>
         <input_file_ref idref="fl-1d"/>
      </object_component>
      <object_component id="oc-6a0">
         <name>.text:__TI_auto_init_nobinit_nopinit</name>
         <load_address>0xc031</load_address>
         <run_address>0xc031</run_address>
         <size>0x2b</size>
         <input_file_ref idref="fl-1a"/>
      </object_component>
      <object_component id="oc-689">
         <name>.text</name>
         <load_address>0xc05c</load_address>
         <run_address>0xc05c</run_address>
         <size>0x29</size>
         <input_file_ref idref="fl-1e"/>
      </object_component>
      <object_component id="oc-582">
         <name>.text</name>
         <load_address>0xc085</load_address>
         <run_address>0xc085</run_address>
         <size>0x1d</size>
         <input_file_ref idref="fl-23"/>
      </object_component>
      <object_component id="oc-596">
         <name>.text</name>
         <load_address>0xc0a2</load_address>
         <run_address>0xc0a2</run_address>
         <size>0x19</size>
         <input_file_ref idref="fl-17"/>
      </object_component>
      <object_component id="oc-3f3">
         <name>.text:CLA1CRC_INT_ISR</name>
         <load_address>0xc0bb</load_address>
         <run_address>0xc0bb</run_address>
         <size>0xd</size>
         <input_file_ref idref="fl-4"/>
      </object_component>
      <object_component id="oc-3f9">
         <name>.text:CLB1_ISR</name>
         <load_address>0xc0c8</load_address>
         <run_address>0xc0c8</run_address>
         <size>0xd</size>
         <input_file_ref idref="fl-4"/>
      </object_component>
      <object_component id="oc-3ff">
         <name>.text:CLB2_ISR</name>
         <load_address>0xc0d5</load_address>
         <run_address>0xc0d5</run_address>
         <size>0xd</size>
         <input_file_ref idref="fl-4"/>
      </object_component>
      <object_component id="oc-405">
         <name>.text:CLB3_ISR</name>
         <load_address>0xc0e2</load_address>
         <run_address>0xc0e2</run_address>
         <size>0xd</size>
         <input_file_ref idref="fl-4"/>
      </object_component>
      <object_component id="oc-40b">
         <name>.text:CLB4_ISR</name>
         <load_address>0xc0ef</load_address>
         <run_address>0xc0ef</run_address>
         <size>0xd</size>
         <input_file_ref idref="fl-4"/>
      </object_component>
      <object_component id="oc-43b">
         <name>.text:CMTOCPUXIPC0_ISR</name>
         <load_address>0xc0fc</load_address>
         <run_address>0xc0fc</run_address>
         <size>0xd</size>
         <input_file_ref idref="fl-4"/>
      </object_component>
      <object_component id="oc-411">
         <name>.text:CMTOCPUXIPC1_ISR</name>
         <load_address>0xc109</load_address>
         <run_address>0xc109</run_address>
         <size>0xd</size>
         <input_file_ref idref="fl-4"/>
      </object_component>
      <object_component id="oc-417">
         <name>.text:CMTOCPUXIPC2_ISR</name>
         <load_address>0xc116</load_address>
         <run_address>0xc116</run_address>
         <size>0xd</size>
         <input_file_ref idref="fl-4"/>
      </object_component>
      <object_component id="oc-41d">
         <name>.text:CMTOCPUXIPC3_ISR</name>
         <load_address>0xc123</load_address>
         <run_address>0xc123</run_address>
         <size>0xd</size>
         <input_file_ref idref="fl-4"/>
      </object_component>
      <object_component id="oc-423">
         <name>.text:CMTOCPUXIPC4_ISR</name>
         <load_address>0xc130</load_address>
         <run_address>0xc130</run_address>
         <size>0xd</size>
         <input_file_ref idref="fl-4"/>
      </object_component>
      <object_component id="oc-429">
         <name>.text:CMTOCPUXIPC5_ISR</name>
         <load_address>0xc13d</load_address>
         <run_address>0xc13d</run_address>
         <size>0xd</size>
         <input_file_ref idref="fl-4"/>
      </object_component>
      <object_component id="oc-42f">
         <name>.text:CMTOCPUXIPC6_ISR</name>
         <load_address>0xc14a</load_address>
         <run_address>0xc14a</run_address>
         <size>0xd</size>
         <input_file_ref idref="fl-4"/>
      </object_component>
      <object_component id="oc-435">
         <name>.text:CMTOCPUXIPC7_ISR</name>
         <load_address>0xc157</load_address>
         <run_address>0xc157</run_address>
         <size>0xd</size>
         <input_file_ref idref="fl-4"/>
      </object_component>
      <object_component id="oc-441">
         <name>.text:CM_STATUS_ISR</name>
         <load_address>0xc164</load_address>
         <run_address>0xc164</run_address>
         <size>0xd</size>
         <input_file_ref idref="fl-4"/>
      </object_component>
      <object_component id="oc-50d">
         <name>.text:CPUCRC_INT_ISR</name>
         <load_address>0xc171</load_address>
         <run_address>0xc171</run_address>
         <size>0xd</size>
         <input_file_ref idref="fl-4"/>
      </object_component>
      <object_component id="oc-519">
         <name>.text:ECATRSTINTN_ISR</name>
         <load_address>0xc17e</load_address>
         <run_address>0xc17e</run_address>
         <size>0xd</size>
         <input_file_ref idref="fl-4"/>
      </object_component>
      <object_component id="oc-51f">
         <name>.text:ECATSYNC0_ISR</name>
         <load_address>0xc18b</load_address>
         <run_address>0xc18b</run_address>
         <size>0xd</size>
         <input_file_ref idref="fl-4"/>
      </object_component>
      <object_component id="oc-525">
         <name>.text:ECATSYNC1_ISR</name>
         <load_address>0xc198</load_address>
         <run_address>0xc198</run_address>
         <size>0xd</size>
         <input_file_ref idref="fl-4"/>
      </object_component>
      <object_component id="oc-513">
         <name>.text:ECAT_ISR</name>
         <load_address>0xc1a5</load_address>
         <run_address>0xc1a5</run_address>
         <size>0xd</size>
         <input_file_ref idref="fl-4"/>
      </object_component>
      <object_component id="oc-3e7">
         <name>.text:EMPTY_ISR</name>
         <load_address>0xc1b2</load_address>
         <run_address>0xc1b2</run_address>
         <size>0xd</size>
         <input_file_ref idref="fl-4"/>
      </object_component>
      <object_component id="oc-52b">
         <name>.text:EPWM13_ISR</name>
         <load_address>0xc1bf</load_address>
         <run_address>0xc1bf</run_address>
         <size>0xd</size>
         <input_file_ref idref="fl-4"/>
      </object_component>
      <object_component id="oc-531">
         <name>.text:EPWM13_TZ_ISR</name>
         <load_address>0xc1cc</load_address>
         <run_address>0xc1cc</run_address>
         <size>0xd</size>
         <input_file_ref idref="fl-4"/>
      </object_component>
      <object_component id="oc-537">
         <name>.text:EPWM14_ISR</name>
         <load_address>0xc1d9</load_address>
         <run_address>0xc1d9</run_address>
         <size>0xd</size>
         <input_file_ref idref="fl-4"/>
      </object_component>
      <object_component id="oc-53d">
         <name>.text:EPWM14_TZ_ISR</name>
         <load_address>0xc1e6</load_address>
         <run_address>0xc1e6</run_address>
         <size>0xd</size>
         <input_file_ref idref="fl-4"/>
      </object_component>
      <object_component id="oc-543">
         <name>.text:EPWM15_ISR</name>
         <load_address>0xc1f3</load_address>
         <run_address>0xc1f3</run_address>
         <size>0xd</size>
         <input_file_ref idref="fl-4"/>
      </object_component>
      <object_component id="oc-549">
         <name>.text:EPWM15_TZ_ISR</name>
         <load_address>0xc200</load_address>
         <run_address>0xc200</run_address>
         <size>0xd</size>
         <input_file_ref idref="fl-4"/>
      </object_component>
      <object_component id="oc-54f">
         <name>.text:EPWM16_ISR</name>
         <load_address>0xc20d</load_address>
         <run_address>0xc20d</run_address>
         <size>0xd</size>
         <input_file_ref idref="fl-4"/>
      </object_component>
      <object_component id="oc-555">
         <name>.text:EPWM16_TZ_ISR</name>
         <load_address>0xc21a</load_address>
         <run_address>0xc21a</run_address>
         <size>0xd</size>
         <input_file_ref idref="fl-4"/>
      </object_component>
      <object_component id="oc-55b">
         <name>.text:FMC_ISR</name>
         <load_address>0xc227</load_address>
         <run_address>0xc227</run_address>
         <size>0xd</size>
         <input_file_ref idref="fl-4"/>
      </object_component>
      <object_component id="oc-489">
         <name>.text:FSIRXA1_ISR</name>
         <load_address>0xc234</load_address>
         <run_address>0xc234</run_address>
         <size>0xd</size>
         <input_file_ref idref="fl-4"/>
      </object_component>
      <object_component id="oc-48f">
         <name>.text:FSIRXA2_ISR</name>
         <load_address>0xc241</load_address>
         <run_address>0xc241</run_address>
         <size>0xd</size>
         <input_file_ref idref="fl-4"/>
      </object_component>
      <object_component id="oc-495">
         <name>.text:FSIRXB1_ISR</name>
         <load_address>0xc24e</load_address>
         <run_address>0xc24e</run_address>
         <size>0xd</size>
         <input_file_ref idref="fl-4"/>
      </object_component>
      <object_component id="oc-49b">
         <name>.text:FSIRXB2_ISR</name>
         <load_address>0xc25b</load_address>
         <run_address>0xc25b</run_address>
         <size>0xd</size>
         <input_file_ref idref="fl-4"/>
      </object_component>
      <object_component id="oc-4dd">
         <name>.text:FSIRXC1_ISR</name>
         <load_address>0xc268</load_address>
         <run_address>0xc268</run_address>
         <size>0xd</size>
         <input_file_ref idref="fl-4"/>
      </object_component>
      <object_component id="oc-4e3">
         <name>.text:FSIRXC2_ISR</name>
         <load_address>0xc275</load_address>
         <run_address>0xc275</run_address>
         <size>0xd</size>
         <input_file_ref idref="fl-4"/>
      </object_component>
      <object_component id="oc-4e9">
         <name>.text:FSIRXD1_ISR</name>
         <load_address>0xc282</load_address>
         <run_address>0xc282</run_address>
         <size>0xd</size>
         <input_file_ref idref="fl-4"/>
      </object_component>
      <object_component id="oc-4ef">
         <name>.text:FSIRXD2_ISR</name>
         <load_address>0xc28f</load_address>
         <run_address>0xc28f</run_address>
         <size>0xd</size>
         <input_file_ref idref="fl-4"/>
      </object_component>
      <object_component id="oc-4f5">
         <name>.text:FSIRXE1_ISR</name>
         <load_address>0xc29c</load_address>
         <run_address>0xc29c</run_address>
         <size>0xd</size>
         <input_file_ref idref="fl-4"/>
      </object_component>
      <object_component id="oc-4fb">
         <name>.text:FSIRXE2_ISR</name>
         <load_address>0xc2a9</load_address>
         <run_address>0xc2a9</run_address>
         <size>0xd</size>
         <input_file_ref idref="fl-4"/>
      </object_component>
      <object_component id="oc-4a1">
         <name>.text:FSIRXF1_ISR</name>
         <load_address>0xc2b6</load_address>
         <run_address>0xc2b6</run_address>
         <size>0xd</size>
         <input_file_ref idref="fl-4"/>
      </object_component>
      <object_component id="oc-4a7">
         <name>.text:FSIRXF2_ISR</name>
         <load_address>0xc2c3</load_address>
         <run_address>0xc2c3</run_address>
         <size>0xd</size>
         <input_file_ref idref="fl-4"/>
      </object_component>
      <object_component id="oc-4ad">
         <name>.text:FSIRXG1_ISR</name>
         <load_address>0xc2d0</load_address>
         <run_address>0xc2d0</run_address>
         <size>0xd</size>
         <input_file_ref idref="fl-4"/>
      </object_component>
      <object_component id="oc-4b3">
         <name>.text:FSIRXG2_ISR</name>
         <load_address>0xc2dd</load_address>
         <run_address>0xc2dd</run_address>
         <size>0xd</size>
         <input_file_ref idref="fl-4"/>
      </object_component>
      <object_component id="oc-4b9">
         <name>.text:FSIRXH1_ISR</name>
         <load_address>0xc2ea</load_address>
         <run_address>0xc2ea</run_address>
         <size>0xd</size>
         <input_file_ref idref="fl-4"/>
      </object_component>
      <object_component id="oc-4bf">
         <name>.text:FSIRXH2_ISR</name>
         <load_address>0xc2f7</load_address>
         <run_address>0xc2f7</run_address>
         <size>0xd</size>
         <input_file_ref idref="fl-4"/>
      </object_component>
      <object_component id="oc-4d1">
         <name>.text:FSITXA1_ISR</name>
         <load_address>0xc304</load_address>
         <run_address>0xc304</run_address>
         <size>0xd</size>
         <input_file_ref idref="fl-4"/>
      </object_component>
      <object_component id="oc-4d7">
         <name>.text:FSITXA2_ISR</name>
         <load_address>0xc311</load_address>
         <run_address>0xc311</run_address>
         <size>0xd</size>
         <input_file_ref idref="fl-4"/>
      </object_component>
      <object_component id="oc-4c5">
         <name>.text:FSITXB1_ISR</name>
         <load_address>0xc31e</load_address>
         <run_address>0xc31e</run_address>
         <size>0xd</size>
         <input_file_ref idref="fl-4"/>
      </object_component>
      <object_component id="oc-4cb">
         <name>.text:FSITXB2_ISR</name>
         <load_address>0xc32b</load_address>
         <run_address>0xc32b</run_address>
         <size>0xd</size>
         <input_file_ref idref="fl-4"/>
      </object_component>
      <object_component id="oc-561">
         <name>.text:I2CA_HIGH_ISR</name>
         <load_address>0xc338</load_address>
         <run_address>0xc338</run_address>
         <size>0xd</size>
         <input_file_ref idref="fl-4"/>
      </object_component>
      <object_component id="oc-567">
         <name>.text:MCANSS0_ISR</name>
         <load_address>0xc345</load_address>
         <run_address>0xc345</run_address>
         <size>0xd</size>
         <input_file_ref idref="fl-4"/>
      </object_component>
      <object_component id="oc-56d">
         <name>.text:MCANSS1_ISR</name>
         <load_address>0xc352</load_address>
         <run_address>0xc352</run_address>
         <size>0xd</size>
         <input_file_ref idref="fl-4"/>
      </object_component>
      <object_component id="oc-501">
         <name>.text:MCANSS_ECC_CORR_PLS_ISR</name>
         <load_address>0xc35f</load_address>
         <run_address>0xc35f</run_address>
         <size>0xd</size>
         <input_file_ref idref="fl-4"/>
      </object_component>
      <object_component id="oc-507">
         <name>.text:MCANSS_WAKE_AND_TS_PLS_ISR</name>
         <load_address>0xc36c</load_address>
         <run_address>0xc36c</run_address>
         <size>0xd</size>
         <input_file_ref idref="fl-4"/>
      </object_component>
      <object_component id="oc-573">
         <name>.text:PBIST_ISR</name>
         <load_address>0xc379</load_address>
         <run_address>0xc379</run_address>
         <size>0xd</size>
         <input_file_ref idref="fl-4"/>
      </object_component>
      <object_component id="oc-579">
         <name>.text:PMBUSA_ISR</name>
         <load_address>0xc386</load_address>
         <run_address>0xc386</run_address>
         <size>0xd</size>
         <input_file_ref idref="fl-4"/>
      </object_component>
      <object_component id="oc-483">
         <name>.text:SDFM1DR1_ISR</name>
         <load_address>0xc393</load_address>
         <run_address>0xc393</run_address>
         <size>0xd</size>
         <input_file_ref idref="fl-4"/>
      </object_component>
      <object_component id="oc-47d">
         <name>.text:SDFM1DR2_ISR</name>
         <load_address>0xc3a0</load_address>
         <run_address>0xc3a0</run_address>
         <size>0xd</size>
         <input_file_ref idref="fl-4"/>
      </object_component>
      <object_component id="oc-477">
         <name>.text:SDFM1DR3_ISR</name>
         <load_address>0xc3ad</load_address>
         <run_address>0xc3ad</run_address>
         <size>0xd</size>
         <input_file_ref idref="fl-4"/>
      </object_component>
      <object_component id="oc-471">
         <name>.text:SDFM1DR4_ISR</name>
         <load_address>0xc3ba</load_address>
         <run_address>0xc3ba</run_address>
         <size>0xd</size>
         <input_file_ref idref="fl-4"/>
      </object_component>
      <object_component id="oc-46b">
         <name>.text:SDFM2DR1_ISR</name>
         <load_address>0xc3c7</load_address>
         <run_address>0xc3c7</run_address>
         <size>0xd</size>
         <input_file_ref idref="fl-4"/>
      </object_component>
      <object_component id="oc-465">
         <name>.text:SDFM2DR2_ISR</name>
         <load_address>0xc3d4</load_address>
         <run_address>0xc3d4</run_address>
         <size>0xd</size>
         <input_file_ref idref="fl-4"/>
      </object_component>
      <object_component id="oc-45f">
         <name>.text:SDFM2DR3_ISR</name>
         <load_address>0xc3e1</load_address>
         <run_address>0xc3e1</run_address>
         <size>0xd</size>
         <input_file_ref idref="fl-4"/>
      </object_component>
      <object_component id="oc-459">
         <name>.text:SDFM2DR4_ISR</name>
         <load_address>0xc3ee</load_address>
         <run_address>0xc3ee</run_address>
         <size>0xd</size>
         <input_file_ref idref="fl-4"/>
      </object_component>
      <object_component id="oc-453">
         <name>.text:SPID_RX_ISR</name>
         <load_address>0xc3fb</load_address>
         <run_address>0xc3fb</run_address>
         <size>0xd</size>
         <input_file_ref idref="fl-4"/>
      </object_component>
      <object_component id="oc-44d">
         <name>.text:SPID_TX_ISR</name>
         <load_address>0xc408</load_address>
         <run_address>0xc408</run_address>
         <size>0xd</size>
         <input_file_ref idref="fl-4"/>
      </object_component>
      <object_component id="oc-447">
         <name>.text:SYS_ERR_ISR</name>
         <load_address>0xc415</load_address>
         <run_address>0xc415</run_address>
         <size>0xd</size>
         <input_file_ref idref="fl-4"/>
      </object_component>
      <object_component id="oc-683">
         <name>.text</name>
         <load_address>0xc422</load_address>
         <run_address>0xc422</run_address>
         <size>0xc</size>
         <input_file_ref idref="fl-20"/>
      </object_component>
      <object_component id="oc-12f">
         <name>.text:ADCA1_ISR</name>
         <load_address>0xc42e</load_address>
         <run_address>0xc42e</run_address>
         <size>0xa</size>
         <input_file_ref idref="fl-4"/>
      </object_component>
      <object_component id="oc-2c1">
         <name>.text:ADCA2_ISR</name>
         <load_address>0xc438</load_address>
         <run_address>0xc438</run_address>
         <size>0xa</size>
         <input_file_ref idref="fl-4"/>
      </object_component>
      <object_component id="oc-2c7">
         <name>.text:ADCA3_ISR</name>
         <load_address>0xc442</load_address>
         <run_address>0xc442</run_address>
         <size>0xa</size>
         <input_file_ref idref="fl-4"/>
      </object_component>
      <object_component id="oc-2cd">
         <name>.text:ADCA4_ISR</name>
         <load_address>0xc44c</load_address>
         <run_address>0xc44c</run_address>
         <size>0xa</size>
         <input_file_ref idref="fl-4"/>
      </object_component>
      <object_component id="oc-2bb">
         <name>.text:ADCA_EVT_ISR</name>
         <load_address>0xc456</load_address>
         <run_address>0xc456</run_address>
         <size>0xa</size>
         <input_file_ref idref="fl-4"/>
      </object_component>
      <object_component id="oc-135">
         <name>.text:ADCB1_ISR</name>
         <load_address>0xc460</load_address>
         <run_address>0xc460</run_address>
         <size>0xa</size>
         <input_file_ref idref="fl-4"/>
      </object_component>
      <object_component id="oc-2d9">
         <name>.text:ADCB2_ISR</name>
         <load_address>0xc46a</load_address>
         <run_address>0xc46a</run_address>
         <size>0xa</size>
         <input_file_ref idref="fl-4"/>
      </object_component>
      <object_component id="oc-2df">
         <name>.text:ADCB3_ISR</name>
         <load_address>0xc474</load_address>
         <run_address>0xc474</run_address>
         <size>0xa</size>
         <input_file_ref idref="fl-4"/>
      </object_component>
      <object_component id="oc-2e5">
         <name>.text:ADCB4_ISR</name>
         <load_address>0xc47e</load_address>
         <run_address>0xc47e</run_address>
         <size>0xa</size>
         <input_file_ref idref="fl-4"/>
      </object_component>
      <object_component id="oc-2d3">
         <name>.text:ADCB_EVT_ISR</name>
         <load_address>0xc488</load_address>
         <run_address>0xc488</run_address>
         <size>0xa</size>
         <input_file_ref idref="fl-4"/>
      </object_component>
      <object_component id="oc-13b">
         <name>.text:ADCC1_ISR</name>
         <load_address>0xc492</load_address>
         <run_address>0xc492</run_address>
         <size>0xa</size>
         <input_file_ref idref="fl-4"/>
      </object_component>
      <object_component id="oc-3a5">
         <name>.text:ADCC2_ISR</name>
         <load_address>0xc49c</load_address>
         <run_address>0xc49c</run_address>
         <size>0xa</size>
         <input_file_ref idref="fl-4"/>
      </object_component>
      <object_component id="oc-3ab">
         <name>.text:ADCC3_ISR</name>
         <load_address>0xc4a6</load_address>
         <run_address>0xc4a6</run_address>
         <size>0xa</size>
         <input_file_ref idref="fl-4"/>
      </object_component>
      <object_component id="oc-3b1">
         <name>.text:ADCC4_ISR</name>
         <load_address>0xc4b0</load_address>
         <run_address>0xc4b0</run_address>
         <size>0xa</size>
         <input_file_ref idref="fl-4"/>
      </object_component>
      <object_component id="oc-39f">
         <name>.text:ADCC_EVT_ISR</name>
         <load_address>0xc4ba</load_address>
         <run_address>0xc4ba</run_address>
         <size>0xa</size>
         <input_file_ref idref="fl-4"/>
      </object_component>
      <object_component id="oc-14d">
         <name>.text:ADCD1_ISR</name>
         <load_address>0xc4c4</load_address>
         <run_address>0xc4c4</run_address>
         <size>0xa</size>
         <input_file_ref idref="fl-4"/>
      </object_component>
      <object_component id="oc-3bd">
         <name>.text:ADCD2_ISR</name>
         <load_address>0xc4ce</load_address>
         <run_address>0xc4ce</run_address>
         <size>0xa</size>
         <input_file_ref idref="fl-4"/>
      </object_component>
      <object_component id="oc-3c3">
         <name>.text:ADCD3_ISR</name>
         <load_address>0xc4d8</load_address>
         <run_address>0xc4d8</run_address>
         <size>0xa</size>
         <input_file_ref idref="fl-4"/>
      </object_component>
      <object_component id="oc-3c9">
         <name>.text:ADCD4_ISR</name>
         <load_address>0xc4e2</load_address>
         <run_address>0xc4e2</run_address>
         <size>0xa</size>
         <input_file_ref idref="fl-4"/>
      </object_component>
      <object_component id="oc-3b7">
         <name>.text:ADCD_EVT_ISR</name>
         <load_address>0xc4ec</load_address>
         <run_address>0xc4ec</run_address>
         <size>0xa</size>
         <input_file_ref idref="fl-4"/>
      </object_component>
      <object_component id="oc-2a3">
         <name>.text:CANA0_ISR</name>
         <load_address>0xc4f6</load_address>
         <run_address>0xc4f6</run_address>
         <size>0xa</size>
         <input_file_ref idref="fl-4"/>
      </object_component>
      <object_component id="oc-2a9">
         <name>.text:CANA1_ISR</name>
         <load_address>0xc500</load_address>
         <run_address>0xc500</run_address>
         <size>0xa</size>
         <input_file_ref idref="fl-4"/>
      </object_component>
      <object_component id="oc-2af">
         <name>.text:CANB0_ISR</name>
         <load_address>0xc50a</load_address>
         <run_address>0xc50a</run_address>
         <size>0xa</size>
         <input_file_ref idref="fl-4"/>
      </object_component>
      <object_component id="oc-2b5">
         <name>.text:CANB1_ISR</name>
         <load_address>0xc514</load_address>
         <run_address>0xc514</run_address>
         <size>0xa</size>
         <input_file_ref idref="fl-4"/>
      </object_component>
      <object_component id="oc-339">
         <name>.text:CIPC0_ISR</name>
         <load_address>0xc51e</load_address>
         <run_address>0xc51e</run_address>
         <size>0xa</size>
         <input_file_ref idref="fl-4"/>
      </object_component>
      <object_component id="oc-33f">
         <name>.text:CIPC1_ISR</name>
         <load_address>0xc528</load_address>
         <run_address>0xc528</run_address>
         <size>0xa</size>
         <input_file_ref idref="fl-4"/>
      </object_component>
      <object_component id="oc-345">
         <name>.text:CIPC2_ISR</name>
         <load_address>0xc532</load_address>
         <run_address>0xc532</run_address>
         <size>0xa</size>
         <input_file_ref idref="fl-4"/>
      </object_component>
      <object_component id="oc-34b">
         <name>.text:CIPC3_ISR</name>
         <load_address>0xc53c</load_address>
         <run_address>0xc53c</run_address>
         <size>0xa</size>
         <input_file_ref idref="fl-4"/>
      </object_component>
      <object_component id="oc-2eb">
         <name>.text:CLA1_1_ISR</name>
         <load_address>0xc546</load_address>
         <run_address>0xc546</run_address>
         <size>0xa</size>
         <input_file_ref idref="fl-4"/>
      </object_component>
      <object_component id="oc-2f1">
         <name>.text:CLA1_2_ISR</name>
         <load_address>0xc550</load_address>
         <run_address>0xc550</run_address>
         <size>0xa</size>
         <input_file_ref idref="fl-4"/>
      </object_component>
      <object_component id="oc-2f7">
         <name>.text:CLA1_3_ISR</name>
         <load_address>0xc55a</load_address>
         <run_address>0xc55a</run_address>
         <size>0xa</size>
         <input_file_ref idref="fl-4"/>
      </object_component>
      <object_component id="oc-2fd">
         <name>.text:CLA1_4_ISR</name>
         <load_address>0xc564</load_address>
         <run_address>0xc564</run_address>
         <size>0xa</size>
         <input_file_ref idref="fl-4"/>
      </object_component>
      <object_component id="oc-303">
         <name>.text:CLA1_5_ISR</name>
         <load_address>0xc56e</load_address>
         <run_address>0xc56e</run_address>
         <size>0xa</size>
         <input_file_ref idref="fl-4"/>
      </object_component>
      <object_component id="oc-309">
         <name>.text:CLA1_6_ISR</name>
         <load_address>0xc578</load_address>
         <run_address>0xc578</run_address>
         <size>0xa</size>
         <input_file_ref idref="fl-4"/>
      </object_component>
      <object_component id="oc-30f">
         <name>.text:CLA1_7_ISR</name>
         <load_address>0xc582</load_address>
         <run_address>0xc582</run_address>
         <size>0xa</size>
         <input_file_ref idref="fl-4"/>
      </object_component>
      <object_component id="oc-315">
         <name>.text:CLA1_8_ISR</name>
         <load_address>0xc58c</load_address>
         <run_address>0xc58c</run_address>
         <size>0xa</size>
         <input_file_ref idref="fl-4"/>
      </object_component>
      <object_component id="oc-3d5">
         <name>.text:CLA_OVERFLOW_ISR</name>
         <load_address>0xc596</load_address>
         <run_address>0xc596</run_address>
         <size>0xa</size>
         <input_file_ref idref="fl-4"/>
      </object_component>
      <object_component id="oc-3db">
         <name>.text:CLA_UNDERFLOW_ISR</name>
         <load_address>0xc5a0</load_address>
         <run_address>0xc5a0</run_address>
         <size>0xa</size>
         <input_file_ref idref="fl-4"/>
      </object_component>
      <object_component id="oc-c9">
         <name>.text:DATALOG_ISR</name>
         <load_address>0xc5aa</load_address>
         <run_address>0xc5aa</run_address>
         <size>0xa</size>
         <input_file_ref idref="fl-4"/>
      </object_component>
      <object_component id="oc-237">
         <name>.text:DMA_CH1_ISR</name>
         <load_address>0xc5b4</load_address>
         <run_address>0xc5b4</run_address>
         <size>0xa</size>
         <input_file_ref idref="fl-4"/>
      </object_component>
      <object_component id="oc-23d">
         <name>.text:DMA_CH2_ISR</name>
         <load_address>0xc5be</load_address>
         <run_address>0xc5be</run_address>
         <size>0xa</size>
         <input_file_ref idref="fl-4"/>
      </object_component>
      <object_component id="oc-243">
         <name>.text:DMA_CH3_ISR</name>
         <load_address>0xc5c8</load_address>
         <run_address>0xc5c8</run_address>
         <size>0xa</size>
         <input_file_ref idref="fl-4"/>
      </object_component>
      <object_component id="oc-249">
         <name>.text:DMA_CH4_ISR</name>
         <load_address>0xc5d2</load_address>
         <run_address>0xc5d2</run_address>
         <size>0xa</size>
         <input_file_ref idref="fl-4"/>
      </object_component>
      <object_component id="oc-24f">
         <name>.text:DMA_CH5_ISR</name>
         <load_address>0xc5dc</load_address>
         <run_address>0xc5dc</run_address>
         <size>0xa</size>
         <input_file_ref idref="fl-4"/>
      </object_component>
      <object_component id="oc-255">
         <name>.text:DMA_CH6_ISR</name>
         <load_address>0xc5e6</load_address>
         <run_address>0xc5e6</run_address>
         <size>0xa</size>
         <input_file_ref idref="fl-4"/>
      </object_component>
      <object_component id="oc-1bf">
         <name>.text:ECAP1_ISR</name>
         <load_address>0xc5f0</load_address>
         <run_address>0xc5f0</run_address>
         <size>0xa</size>
         <input_file_ref idref="fl-4"/>
      </object_component>
      <object_component id="oc-1c5">
         <name>.text:ECAP2_ISR</name>
         <load_address>0xc5fa</load_address>
         <run_address>0xc5fa</run_address>
         <size>0xa</size>
         <input_file_ref idref="fl-4"/>
      </object_component>
      <object_component id="oc-1cb">
         <name>.text:ECAP3_ISR</name>
         <load_address>0xc604</load_address>
         <run_address>0xc604</run_address>
         <size>0xa</size>
         <input_file_ref idref="fl-4"/>
      </object_component>
      <object_component id="oc-1d1">
         <name>.text:ECAP4_ISR</name>
         <load_address>0xc60e</load_address>
         <run_address>0xc60e</run_address>
         <size>0xa</size>
         <input_file_ref idref="fl-4"/>
      </object_component>
      <object_component id="oc-1d7">
         <name>.text:ECAP5_ISR</name>
         <load_address>0xc618</load_address>
         <run_address>0xc618</run_address>
         <size>0xa</size>
         <input_file_ref idref="fl-4"/>
      </object_component>
      <object_component id="oc-1e9">
         <name>.text:ECAP6_2_ISR</name>
         <load_address>0xc622</load_address>
         <run_address>0xc622</run_address>
         <size>0xa</size>
         <input_file_ref idref="fl-4"/>
      </object_component>
      <object_component id="oc-1dd">
         <name>.text:ECAP6_ISR</name>
         <load_address>0xc62c</load_address>
         <run_address>0xc62c</run_address>
         <size>0xa</size>
         <input_file_ref idref="fl-4"/>
      </object_component>
      <object_component id="oc-1ef">
         <name>.text:ECAP7_2_ISR</name>
         <load_address>0xc636</load_address>
         <run_address>0xc636</run_address>
         <size>0xa</size>
         <input_file_ref idref="fl-4"/>
      </object_component>
      <object_component id="oc-1e3">
         <name>.text:ECAP7_ISR</name>
         <load_address>0xc640</load_address>
         <run_address>0xc640</run_address>
         <size>0xa</size>
         <input_file_ref idref="fl-4"/>
      </object_component>
      <object_component id="oc-3cf">
         <name>.text:EMIF_ERROR_ISR</name>
         <load_address>0xc64a</load_address>
         <run_address>0xc64a</run_address>
         <size>0xa</size>
         <input_file_ref idref="fl-4"/>
      </object_component>
      <object_component id="oc-d5">
         <name>.text:EMU_ISR</name>
         <load_address>0xc654</load_address>
         <run_address>0xc654</run_address>
         <size>0xa</size>
         <input_file_ref idref="fl-4"/>
      </object_component>
      <object_component id="oc-36f">
         <name>.text:EPWM10_ISR</name>
         <load_address>0xc65e</load_address>
         <run_address>0xc65e</run_address>
         <size>0xa</size>
         <input_file_ref idref="fl-4"/>
      </object_component>
      <object_component id="oc-357">
         <name>.text:EPWM10_TZ_ISR</name>
         <load_address>0xc668</load_address>
         <run_address>0xc668</run_address>
         <size>0xa</size>
         <input_file_ref idref="fl-4"/>
      </object_component>
      <object_component id="oc-375">
         <name>.text:EPWM11_ISR</name>
         <load_address>0xc672</load_address>
         <run_address>0xc672</run_address>
         <size>0xa</size>
         <input_file_ref idref="fl-4"/>
      </object_component>
      <object_component id="oc-35d">
         <name>.text:EPWM11_TZ_ISR</name>
         <load_address>0xc67c</load_address>
         <run_address>0xc67c</run_address>
         <size>0xa</size>
         <input_file_ref idref="fl-4"/>
      </object_component>
      <object_component id="oc-37b">
         <name>.text:EPWM12_ISR</name>
         <load_address>0xc686</load_address>
         <run_address>0xc686</run_address>
         <size>0xa</size>
         <input_file_ref idref="fl-4"/>
      </object_component>
      <object_component id="oc-363">
         <name>.text:EPWM12_TZ_ISR</name>
         <load_address>0xc690</load_address>
         <run_address>0xc690</run_address>
         <size>0xa</size>
         <input_file_ref idref="fl-4"/>
      </object_component>
      <object_component id="oc-18f">
         <name>.text:EPWM1_ISR</name>
         <load_address>0xc69a</load_address>
         <run_address>0xc69a</run_address>
         <size>0xa</size>
         <input_file_ref idref="fl-4"/>
      </object_component>
      <object_component id="oc-15f">
         <name>.text:EPWM1_TZ_ISR</name>
         <load_address>0xc6a4</load_address>
         <run_address>0xc6a4</run_address>
         <size>0xa</size>
         <input_file_ref idref="fl-4"/>
      </object_component>
      <object_component id="oc-195">
         <name>.text:EPWM2_ISR</name>
         <load_address>0xc6ae</load_address>
         <run_address>0xc6ae</run_address>
         <size>0xa</size>
         <input_file_ref idref="fl-4"/>
      </object_component>
      <object_component id="oc-165">
         <name>.text:EPWM2_TZ_ISR</name>
         <load_address>0xc6b8</load_address>
         <run_address>0xc6b8</run_address>
         <size>0xa</size>
         <input_file_ref idref="fl-4"/>
      </object_component>
      <object_component id="oc-19b">
         <name>.text:EPWM3_ISR</name>
         <load_address>0xc6c2</load_address>
         <run_address>0xc6c2</run_address>
         <size>0xa</size>
         <input_file_ref idref="fl-4"/>
      </object_component>
      <object_component id="oc-16b">
         <name>.text:EPWM3_TZ_ISR</name>
         <load_address>0xc6cc</load_address>
         <run_address>0xc6cc</run_address>
         <size>0xa</size>
         <input_file_ref idref="fl-4"/>
      </object_component>
      <object_component id="oc-1a1">
         <name>.text:EPWM4_ISR</name>
         <load_address>0xc6d6</load_address>
         <run_address>0xc6d6</run_address>
         <size>0xa</size>
         <input_file_ref idref="fl-4"/>
      </object_component>
      <object_component id="oc-171">
         <name>.text:EPWM4_TZ_ISR</name>
         <load_address>0xc6e0</load_address>
         <run_address>0xc6e0</run_address>
         <size>0xa</size>
         <input_file_ref idref="fl-4"/>
      </object_component>
      <object_component id="oc-1a7">
         <name>.text:EPWM5_ISR</name>
         <load_address>0xc6ea</load_address>
         <run_address>0xc6ea</run_address>
         <size>0xa</size>
         <input_file_ref idref="fl-4"/>
      </object_component>
      <object_component id="oc-177">
         <name>.text:EPWM5_TZ_ISR</name>
         <load_address>0xc6f4</load_address>
         <run_address>0xc6f4</run_address>
         <size>0xa</size>
         <input_file_ref idref="fl-4"/>
      </object_component>
      <object_component id="oc-1ad">
         <name>.text:EPWM6_ISR</name>
         <load_address>0xc6fe</load_address>
         <run_address>0xc6fe</run_address>
         <size>0xa</size>
         <input_file_ref idref="fl-4"/>
      </object_component>
      <object_component id="oc-17d">
         <name>.text:EPWM6_TZ_ISR</name>
         <load_address>0xc708</load_address>
         <run_address>0xc708</run_address>
         <size>0xa</size>
         <input_file_ref idref="fl-4"/>
      </object_component>
      <object_component id="oc-1b3">
         <name>.text:EPWM7_ISR</name>
         <load_address>0xc712</load_address>
         <run_address>0xc712</run_address>
         <size>0xa</size>
         <input_file_ref idref="fl-4"/>
      </object_component>
      <object_component id="oc-183">
         <name>.text:EPWM7_TZ_ISR</name>
         <load_address>0xc71c</load_address>
         <run_address>0xc71c</run_address>
         <size>0xa</size>
         <input_file_ref idref="fl-4"/>
      </object_component>
      <object_component id="oc-1b9">
         <name>.text:EPWM8_ISR</name>
         <load_address>0xc726</load_address>
         <run_address>0xc726</run_address>
         <size>0xa</size>
         <input_file_ref idref="fl-4"/>
      </object_component>
      <object_component id="oc-189">
         <name>.text:EPWM8_TZ_ISR</name>
         <load_address>0xc730</load_address>
         <run_address>0xc730</run_address>
         <size>0xa</size>
         <input_file_ref idref="fl-4"/>
      </object_component>
      <object_component id="oc-369">
         <name>.text:EPWM9_ISR</name>
         <load_address>0xc73a</load_address>
         <run_address>0xc73a</run_address>
         <size>0xa</size>
         <input_file_ref idref="fl-4"/>
      </object_component>
      <object_component id="oc-351">
         <name>.text:EPWM9_TZ_ISR</name>
         <load_address>0xc744</load_address>
         <run_address>0xc744</run_address>
         <size>0xa</size>
         <input_file_ref idref="fl-4"/>
      </object_component>
      <object_component id="oc-1f5">
         <name>.text:EQEP1_ISR</name>
         <load_address>0xc74e</load_address>
         <run_address>0xc74e</run_address>
         <size>0xa</size>
         <input_file_ref idref="fl-4"/>
      </object_component>
      <object_component id="oc-1fb">
         <name>.text:EQEP2_ISR</name>
         <load_address>0xc758</load_address>
         <run_address>0xc758</run_address>
         <size>0xa</size>
         <input_file_ref idref="fl-4"/>
      </object_component>
      <object_component id="oc-201">
         <name>.text:EQEP3_ISR</name>
         <load_address>0xc762</load_address>
         <run_address>0xc762</run_address>
         <size>0xa</size>
         <input_file_ref idref="fl-4"/>
      </object_component>
      <object_component id="oc-32d">
         <name>.text:FPU_OFLOW_ISR</name>
         <load_address>0xc76c</load_address>
         <run_address>0xc76c</run_address>
         <size>0xa</size>
         <input_file_ref idref="fl-4"/>
      </object_component>
      <object_component id="oc-333">
         <name>.text:FPU_UFLOW_ISR</name>
         <load_address>0xc776</load_address>
         <run_address>0xc776</run_address>
         <size>0xa</size>
         <input_file_ref idref="fl-4"/>
      </object_component>
      <object_component id="oc-261">
         <name>.text:I2CA_FIFO_ISR</name>
         <load_address>0xc780</load_address>
         <run_address>0xc780</run_address>
         <size>0xa</size>
         <input_file_ref idref="fl-4"/>
      </object_component>
      <object_component id="oc-25b">
         <name>.text:I2CA_ISR</name>
         <load_address>0xc78a</load_address>
         <run_address>0xc78a</run_address>
         <size>0xa</size>
         <input_file_ref idref="fl-4"/>
      </object_component>
      <object_component id="oc-26d">
         <name>.text:I2CB_FIFO_ISR</name>
         <load_address>0xc794</load_address>
         <run_address>0xc794</run_address>
         <size>0xa</size>
         <input_file_ref idref="fl-4"/>
      </object_component>
      <object_component id="oc-267">
         <name>.text:I2CB_ISR</name>
         <load_address>0xc79e</load_address>
         <run_address>0xc79e</run_address>
         <size>0xa</size>
         <input_file_ref idref="fl-4"/>
      </object_component>
      <object_component id="oc-e1">
         <name>.text:ILLEGAL_ISR</name>
         <load_address>0xc7a8</load_address>
         <run_address>0xc7a8</run_address>
         <size>0xa</size>
         <input_file_ref idref="fl-4"/>
      </object_component>
      <object_component id="oc-21f">
         <name>.text:MCBSPA_RX_ISR</name>
         <load_address>0xc7b2</load_address>
         <run_address>0xc7b2</run_address>
         <size>0xa</size>
         <input_file_ref idref="fl-4"/>
      </object_component>
      <object_component id="oc-225">
         <name>.text:MCBSPA_TX_ISR</name>
         <load_address>0xc7bc</load_address>
         <run_address>0xc7bc</run_address>
         <size>0xa</size>
         <input_file_ref idref="fl-4"/>
      </object_component>
      <object_component id="oc-22b">
         <name>.text:MCBSPB_RX_ISR</name>
         <load_address>0xc7c6</load_address>
         <run_address>0xc7c6</run_address>
         <size>0xa</size>
         <input_file_ref idref="fl-4"/>
      </object_component>
      <object_component id="oc-231">
         <name>.text:MCBSPB_TX_ISR</name>
         <load_address>0xc7d0</load_address>
         <run_address>0xc7d0</run_address>
         <size>0xa</size>
         <input_file_ref idref="fl-4"/>
      </object_component>
      <object_component id="oc-db">
         <name>.text:NMI_ISR</name>
         <load_address>0xc7da</load_address>
         <run_address>0xc7da</run_address>
         <size>0xa</size>
         <input_file_ref idref="fl-4"/>
      </object_component>
      <object_component id="oc-3ed">
         <name>.text:NOTUSED_ISR</name>
         <load_address>0xc7e4</load_address>
         <run_address>0xc7e4</run_address>
         <size>0xa</size>
         <input_file_ref idref="fl-4"/>
      </object_component>
      <object_component id="oc-3e1">
         <name>.text:PIE_RESERVED_ISR</name>
         <load_address>0xc7ee</load_address>
         <run_address>0xc7ee</run_address>
         <size>0xa</size>
         <input_file_ref idref="fl-4"/>
      </object_component>
      <object_component id="oc-ae">
         <name>.text:decompress:none</name>
         <load_address>0xc7f8</load_address>
         <run_address>0xc7f8</run_address>
         <size>0x8</size>
         <input_file_ref idref="fl-1c"/>
      </object_component>
      <object_component id="oc-cf">
         <name>.text:RTOS_ISR</name>
         <load_address>0xc800</load_address>
         <run_address>0xc800</run_address>
         <size>0xa</size>
         <input_file_ref idref="fl-4"/>
      </object_component>
      <object_component id="oc-28b">
         <name>.text:SCIA_RX_ISR</name>
         <load_address>0xc80a</load_address>
         <run_address>0xc80a</run_address>
         <size>0xa</size>
         <input_file_ref idref="fl-4"/>
      </object_component>
      <object_component id="oc-291">
         <name>.text:SCIA_TX_ISR</name>
         <load_address>0xc814</load_address>
         <run_address>0xc814</run_address>
         <size>0xa</size>
         <input_file_ref idref="fl-4"/>
      </object_component>
      <object_component id="oc-297">
         <name>.text:SCIB_RX_ISR</name>
         <load_address>0xc81e</load_address>
         <run_address>0xc81e</run_address>
         <size>0xa</size>
         <input_file_ref idref="fl-4"/>
      </object_component>
      <object_component id="oc-29d">
         <name>.text:SCIB_TX_ISR</name>
         <load_address>0xc828</load_address>
         <run_address>0xc828</run_address>
         <size>0xa</size>
         <input_file_ref idref="fl-4"/>
      </object_component>
      <object_component id="oc-273">
         <name>.text:SCIC_RX_ISR</name>
         <load_address>0xc832</load_address>
         <run_address>0xc832</run_address>
         <size>0xa</size>
         <input_file_ref idref="fl-4"/>
      </object_component>
      <object_component id="oc-279">
         <name>.text:SCIC_TX_ISR</name>
         <load_address>0xc83c</load_address>
         <run_address>0xc83c</run_address>
         <size>0xa</size>
         <input_file_ref idref="fl-4"/>
      </object_component>
      <object_component id="oc-27f">
         <name>.text:SCID_RX_ISR</name>
         <load_address>0xc846</load_address>
         <run_address>0xc846</run_address>
         <size>0xa</size>
         <input_file_ref idref="fl-4"/>
      </object_component>
      <object_component id="oc-285">
         <name>.text:SCID_TX_ISR</name>
         <load_address>0xc850</load_address>
         <run_address>0xc850</run_address>
         <size>0xa</size>
         <input_file_ref idref="fl-4"/>
      </object_component>
      <object_component id="oc-381">
         <name>.text:SDFM1_ISR</name>
         <load_address>0xc85a</load_address>
         <run_address>0xc85a</run_address>
         <size>0xa</size>
         <input_file_ref idref="fl-4"/>
      </object_component>
      <object_component id="oc-387">
         <name>.text:SDFM2_ISR</name>
         <load_address>0xc864</load_address>
         <run_address>0xc864</run_address>
         <size>0xa</size>
         <input_file_ref idref="fl-4"/>
      </object_component>
      <object_component id="oc-207">
         <name>.text:SPIA_RX_ISR</name>
         <load_address>0xc86e</load_address>
         <run_address>0xc86e</run_address>
         <size>0xa</size>
         <input_file_ref idref="fl-4"/>
      </object_component>
      <object_component id="oc-20d">
         <name>.text:SPIA_TX_ISR</name>
         <load_address>0xc878</load_address>
         <run_address>0xc878</run_address>
         <size>0xa</size>
         <input_file_ref idref="fl-4"/>
      </object_component>
      <object_component id="oc-213">
         <name>.text:SPIB_RX_ISR</name>
         <load_address>0xc882</load_address>
         <run_address>0xc882</run_address>
         <size>0xa</size>
         <input_file_ref idref="fl-4"/>
      </object_component>
      <object_component id="oc-219">
         <name>.text:SPIB_TX_ISR</name>
         <load_address>0xc88c</load_address>
         <run_address>0xc88c</run_address>
         <size>0xa</size>
         <input_file_ref idref="fl-4"/>
      </object_component>
      <object_component id="oc-38d">
         <name>.text:SPIC_RX_ISR</name>
         <load_address>0xc896</load_address>
         <run_address>0xc896</run_address>
         <size>0xa</size>
         <input_file_ref idref="fl-4"/>
      </object_component>
      <object_component id="oc-393">
         <name>.text:SPIC_TX_ISR</name>
         <load_address>0xc8a0</load_address>
         <run_address>0xc8a0</run_address>
         <size>0xa</size>
         <input_file_ref idref="fl-4"/>
      </object_component>
      <object_component id="oc-153">
         <name>.text:TIMER0_ISR</name>
         <load_address>0xc8aa</load_address>
         <run_address>0xc8aa</run_address>
         <size>0xa</size>
         <input_file_ref idref="fl-4"/>
      </object_component>
      <object_component id="oc-ba">
         <name>.text:TIMER1_ISR</name>
         <load_address>0xc8b4</load_address>
         <run_address>0xc8b4</run_address>
         <size>0xa</size>
         <input_file_ref idref="fl-4"/>
      </object_component>
      <object_component id="oc-c3">
         <name>.text:TIMER2_ISR</name>
         <load_address>0xc8be</load_address>
         <run_address>0xc8be</run_address>
         <size>0xa</size>
         <input_file_ref idref="fl-4"/>
      </object_component>
      <object_component id="oc-399">
         <name>.text:USBA_ISR</name>
         <load_address>0xc8c8</load_address>
         <run_address>0xc8c8</run_address>
         <size>0xa</size>
         <input_file_ref idref="fl-4"/>
      </object_component>
      <object_component id="oc-11d">
         <name>.text:USER10_ISR</name>
         <load_address>0xc8d2</load_address>
         <run_address>0xc8d2</run_address>
         <size>0xa</size>
         <input_file_ref idref="fl-4"/>
      </object_component>
      <object_component id="oc-123">
         <name>.text:USER11_ISR</name>
         <load_address>0xc8dc</load_address>
         <run_address>0xc8dc</run_address>
         <size>0xa</size>
         <input_file_ref idref="fl-4"/>
      </object_component>
      <object_component id="oc-129">
         <name>.text:USER12_ISR</name>
         <load_address>0xc8e6</load_address>
         <run_address>0xc8e6</run_address>
         <size>0xa</size>
         <input_file_ref idref="fl-4"/>
      </object_component>
      <object_component id="oc-e7">
         <name>.text:USER1_ISR</name>
         <load_address>0xc8f0</load_address>
         <run_address>0xc8f0</run_address>
         <size>0xa</size>
         <input_file_ref idref="fl-4"/>
      </object_component>
      <object_component id="oc-ed">
         <name>.text:USER2_ISR</name>
         <load_address>0xc8fa</load_address>
         <run_address>0xc8fa</run_address>
         <size>0xa</size>
         <input_file_ref idref="fl-4"/>
      </object_component>
      <object_component id="oc-f3">
         <name>.text:USER3_ISR</name>
         <load_address>0xc904</load_address>
         <run_address>0xc904</run_address>
         <size>0xa</size>
         <input_file_ref idref="fl-4"/>
      </object_component>
      <object_component id="oc-f9">
         <name>.text:USER4_ISR</name>
         <load_address>0xc90e</load_address>
         <run_address>0xc90e</run_address>
         <size>0xa</size>
         <input_file_ref idref="fl-4"/>
      </object_component>
      <object_component id="oc-ff">
         <name>.text:USER5_ISR</name>
         <load_address>0xc918</load_address>
         <run_address>0xc918</run_address>
         <size>0xa</size>
         <input_file_ref idref="fl-4"/>
      </object_component>
      <object_component id="oc-105">
         <name>.text:USER6_ISR</name>
         <load_address>0xc922</load_address>
         <run_address>0xc922</run_address>
         <size>0xa</size>
         <input_file_ref idref="fl-4"/>
      </object_component>
      <object_component id="oc-10b">
         <name>.text:USER7_ISR</name>
         <load_address>0xc92c</load_address>
         <run_address>0xc92c</run_address>
         <size>0xa</size>
         <input_file_ref idref="fl-4"/>
      </object_component>
      <object_component id="oc-111">
         <name>.text:USER8_ISR</name>
         <load_address>0xc936</load_address>
         <run_address>0xc936</run_address>
         <size>0xa</size>
         <input_file_ref idref="fl-4"/>
      </object_component>
      <object_component id="oc-117">
         <name>.text:USER9_ISR</name>
         <load_address>0xc940</load_address>
         <run_address>0xc940</run_address>
         <size>0xa</size>
         <input_file_ref idref="fl-4"/>
      </object_component>
      <object_component id="oc-159">
         <name>.text:WAKE_ISR</name>
         <load_address>0xc94a</load_address>
         <run_address>0xc94a</run_address>
         <size>0xa</size>
         <input_file_ref idref="fl-4"/>
      </object_component>
      <object_component id="oc-141">
         <name>.text:XINT1_ISR</name>
         <load_address>0xc954</load_address>
         <run_address>0xc954</run_address>
         <size>0xa</size>
         <input_file_ref idref="fl-4"/>
      </object_component>
      <object_component id="oc-147">
         <name>.text:XINT2_ISR</name>
         <load_address>0xc95e</load_address>
         <run_address>0xc95e</run_address>
         <size>0xa</size>
         <input_file_ref idref="fl-4"/>
      </object_component>
      <object_component id="oc-31b">
         <name>.text:XINT3_ISR</name>
         <load_address>0xc968</load_address>
         <run_address>0xc968</run_address>
         <size>0xa</size>
         <input_file_ref idref="fl-4"/>
      </object_component>
      <object_component id="oc-321">
         <name>.text:XINT4_ISR</name>
         <load_address>0xc972</load_address>
         <run_address>0xc972</run_address>
         <size>0xa</size>
         <input_file_ref idref="fl-4"/>
      </object_component>
      <object_component id="oc-327">
         <name>.text:XINT5_ISR</name>
         <load_address>0xc97c</load_address>
         <run_address>0xc97c</run_address>
         <size>0xa</size>
         <input_file_ref idref="fl-4"/>
      </object_component>
      <object_component id="oc-702">
         <name>.text</name>
         <load_address>0xc986</load_address>
         <run_address>0xc986</run_address>
         <size>0x9</size>
         <input_file_ref idref="fl-1f"/>
      </object_component>
      <object_component id="oc-67c">
         <name>.text</name>
         <load_address>0xc98f</load_address>
         <run_address>0xc98f</run_address>
         <size>0x2</size>
         <input_file_ref idref="fl-19"/>
      </object_component>
      <object_component id="oc-6d0">
         <name>.text:main</name>
         <load_address>0xc991</load_address>
         <run_address>0xc991</run_address>
         <size>0x1</size>
         <input_file_ref idref="fl-2"/>
      </object_component>
      <object_component id="oc-6e6">
         <name>.text</name>
         <load_address>0xc992</load_address>
         <run_address>0xc992</run_address>
         <size>0x1</size>
         <input_file_ref idref="fl-24"/>
      </object_component>
      <object_component id="oc-7e2">
         <name>.cinit..data.load</name>
         <load_address>0x1b4</load_address>
         <run_address>0x1b4</run_address>
         <size>0x8</size>
      </object_component>
      <object_component id="oc-7e0">
         <name>__TI_handler_table</name>
         <load_address>0x1bc</load_address>
         <run_address>0x1bc</run_address>
         <size>0x4</size>
      </object_component>
      <object_component id="oc-7e1">
         <name>__TI_cinit_table</name>
         <load_address>0x1c0</load_address>
         <run_address>0x1c0</run_address>
         <size>0x4</size>
      </object_component>
      <object_component id="oc-57f">
         <name>.stack</name>
         <uninitialized>true</uninitialized>
         <run_address>0x400</run_address>
         <size>0x0</size>
         <input_file_ref idref="fl-17"/>
      </object_component>
      <object_component id="oc-7e3">
         <name>.stack</name>
         <uninitialized>true</uninitialized>
         <run_address>0x400</run_address>
         <size>0x0</size>
      </object_component>
      <object_component id="oc-c0">
         <name>.const</name>
         <load_address>0xa800</load_address>
         <run_address>0xa800</run_address>
         <size>0x1c0</size>
         <input_file_ref idref="fl-8"/>
      </object_component>
      <object_component id="oc-6d8">
         <name>.data</name>
         <load_address>0xa9c0</load_address>
         <run_address>0xa9c0</run_address>
         <size>0x6</size>
         <input_file_ref idref="fl-1e"/>
      </object_component>
      <object_component id="oc-6db">
         <name>.data:_lock</name>
         <load_address>0xa9c6</load_address>
         <run_address>0xa9c6</run_address>
         <size>0x2</size>
         <input_file_ref idref="fl-1f"/>
      </object_component>
      <object_component id="oc-718">
         <name>.data:_unlock</name>
         <load_address>0xa9c8</load_address>
         <run_address>0xa9c8</run_address>
         <size>0x2</size>
         <input_file_ref idref="fl-1f"/>
      </object_component>
      <object_component id="oc-6fc">
         <name>.debug_types</name>
         <load_address>0x0</load_address>
         <run_address>0x0</run_address>
         <size>0x2d9</size>
         <input_file_ref idref="fl-2"/>
      </object_component>
      <object_component id="oc-59d">
         <name>.debug_types</name>
         <load_address>0x0</load_address>
         <run_address>0x0</run_address>
         <size>0x0</size>
         <input_file_ref idref="fl-4"/>
      </object_component>
      <object_component id="oc-5a0">
         <name>.debug_types</name>
         <load_address>0x2d9</load_address>
         <run_address>0x2d9</run_address>
         <size>0x4fbf</size>
         <input_file_ref idref="fl-8"/>
      </object_component>
      <object_component id="oc-69f">
         <name>.debug_types</name>
         <load_address>0x0</load_address>
         <run_address>0x0</run_address>
         <size>0x0</size>
         <input_file_ref idref="fl-19"/>
      </object_component>
      <object_component id="oc-6ed">
         <name>.debug_types</name>
         <load_address>0x5298</load_address>
         <run_address>0x5298</run_address>
         <size>0x5d1</size>
         <input_file_ref idref="fl-1a"/>
      </object_component>
      <object_component id="oc-589">
         <name>.debug_types</name>
         <load_address>0x5869</load_address>
         <run_address>0x5869</run_address>
         <size>0x1c8</size>
         <input_file_ref idref="fl-1c"/>
      </object_component>
      <object_component id="oc-581">
         <name>.debug_types</name>
         <load_address>0x5a31</load_address>
         <run_address>0x5a31</run_address>
         <size>0x191</size>
         <input_file_ref idref="fl-1d"/>
      </object_component>
      <object_component id="oc-6df">
         <name>.debug_types</name>
         <load_address>0x5bc2</load_address>
         <run_address>0x5bc2</run_address>
         <size>0xbf</size>
         <input_file_ref idref="fl-1e"/>
      </object_component>
      <object_component id="oc-70a">
         <name>.debug_types</name>
         <load_address>0x5c81</load_address>
         <run_address>0x5c81</run_address>
         <size>0x2f</size>
         <input_file_ref idref="fl-1f"/>
      </object_component>
      <object_component id="oc-6d7">
         <name>.debug_types</name>
         <load_address>0x5cb0</load_address>
         <run_address>0x5cb0</run_address>
         <size>0xe1</size>
         <input_file_ref idref="fl-20"/>
      </object_component>
      <object_component id="oc-66f">
         <name>.debug_types</name>
         <load_address>0x5d91</load_address>
         <run_address>0x5d91</run_address>
         <size>0xe3</size>
         <input_file_ref idref="fl-23"/>
      </object_component>
      <object_component id="oc-70f">
         <name>.debug_types</name>
         <load_address>0x0</load_address>
         <run_address>0x0</run_address>
         <size>0x0</size>
         <input_file_ref idref="fl-24"/>
      </object_component>
      <object_component id="oc-6d1">
         <name>.debug_info</name>
         <load_address>0x0</load_address>
         <run_address>0x0</run_address>
         <size>0x12d</size>
         <input_file_ref idref="fl-2"/>
      </object_component>
      <object_component id="oc-b6">
         <name>.debug_info</name>
         <load_address>0x12d</load_address>
         <run_address>0x12d</run_address>
         <size>0x107</size>
         <input_file_ref idref="fl-3"/>
      </object_component>
      <object_component id="oc-bb">
         <name>.debug_info</name>
         <load_address>0x234</load_address>
         <run_address>0x234</run_address>
         <size>0x117</size>
         <input_file_ref idref="fl-4"/>
      </object_component>
      <object_component id="oc-c4">
         <name>.debug_info</name>
         <load_address>0x34b</load_address>
         <run_address>0x34b</run_address>
         <size>0x117</size>
         <input_file_ref idref="fl-4"/>
      </object_component>
      <object_component id="oc-ca">
         <name>.debug_info</name>
         <load_address>0x462</load_address>
         <run_address>0x462</run_address>
         <size>0x119</size>
         <input_file_ref idref="fl-4"/>
      </object_component>
      <object_component id="oc-d0">
         <name>.debug_info</name>
         <load_address>0x57b</load_address>
         <run_address>0x57b</run_address>
         <size>0x113</size>
         <input_file_ref idref="fl-4"/>
      </object_component>
      <object_component id="oc-d6">
         <name>.debug_info</name>
         <load_address>0x68e</load_address>
         <run_address>0x68e</run_address>
         <size>0x111</size>
         <input_file_ref idref="fl-4"/>
      </object_component>
      <object_component id="oc-dc">
         <name>.debug_info</name>
         <load_address>0x79f</load_address>
         <run_address>0x79f</run_address>
         <size>0x111</size>
         <input_file_ref idref="fl-4"/>
      </object_component>
      <object_component id="oc-e2">
         <name>.debug_info</name>
         <load_address>0x8b0</load_address>
         <run_address>0x8b0</run_address>
         <size>0x119</size>
         <input_file_ref idref="fl-4"/>
      </object_component>
      <object_component id="oc-e8">
         <name>.debug_info</name>
         <load_address>0x9c9</load_address>
         <run_address>0x9c9</run_address>
         <size>0x115</size>
         <input_file_ref idref="fl-4"/>
      </object_component>
      <object_component id="oc-ee">
         <name>.debug_info</name>
         <load_address>0xade</load_address>
         <run_address>0xade</run_address>
         <size>0x115</size>
         <input_file_ref idref="fl-4"/>
      </object_component>
      <object_component id="oc-f4">
         <name>.debug_info</name>
         <load_address>0xbf3</load_address>
         <run_address>0xbf3</run_address>
         <size>0x115</size>
         <input_file_ref idref="fl-4"/>
      </object_component>
      <object_component id="oc-fa">
         <name>.debug_info</name>
         <load_address>0xd08</load_address>
         <run_address>0xd08</run_address>
         <size>0x115</size>
         <input_file_ref idref="fl-4"/>
      </object_component>
      <object_component id="oc-100">
         <name>.debug_info</name>
         <load_address>0xe1d</load_address>
         <run_address>0xe1d</run_address>
         <size>0x115</size>
         <input_file_ref idref="fl-4"/>
      </object_component>
      <object_component id="oc-106">
         <name>.debug_info</name>
         <load_address>0xf32</load_address>
         <run_address>0xf32</run_address>
         <size>0x117</size>
         <input_file_ref idref="fl-4"/>
      </object_component>
      <object_component id="oc-10c">
         <name>.debug_info</name>
         <load_address>0x1049</load_address>
         <run_address>0x1049</run_address>
         <size>0x117</size>
         <input_file_ref idref="fl-4"/>
      </object_component>
      <object_component id="oc-112">
         <name>.debug_info</name>
         <load_address>0x1160</load_address>
         <run_address>0x1160</run_address>
         <size>0x117</size>
         <input_file_ref idref="fl-4"/>
      </object_component>
      <object_component id="oc-118">
         <name>.debug_info</name>
         <load_address>0x1277</load_address>
         <run_address>0x1277</run_address>
         <size>0x117</size>
         <input_file_ref idref="fl-4"/>
      </object_component>
      <object_component id="oc-11e">
         <name>.debug_info</name>
         <load_address>0x138e</load_address>
         <run_address>0x138e</run_address>
         <size>0x119</size>
         <input_file_ref idref="fl-4"/>
      </object_component>
      <object_component id="oc-124">
         <name>.debug_info</name>
         <load_address>0x14a7</load_address>
         <run_address>0x14a7</run_address>
         <size>0x119</size>
         <input_file_ref idref="fl-4"/>
      </object_component>
      <object_component id="oc-12a">
         <name>.debug_info</name>
         <load_address>0x15c0</load_address>
         <run_address>0x15c0</run_address>
         <size>0x119</size>
         <input_file_ref idref="fl-4"/>
      </object_component>
      <object_component id="oc-130">
         <name>.debug_info</name>
         <load_address>0x16d9</load_address>
         <run_address>0x16d9</run_address>
         <size>0x117</size>
         <input_file_ref idref="fl-4"/>
      </object_component>
      <object_component id="oc-136">
         <name>.debug_info</name>
         <load_address>0x17f0</load_address>
         <run_address>0x17f0</run_address>
         <size>0x117</size>
         <input_file_ref idref="fl-4"/>
      </object_component>
      <object_component id="oc-13c">
         <name>.debug_info</name>
         <load_address>0x1907</load_address>
         <run_address>0x1907</run_address>
         <size>0x117</size>
         <input_file_ref idref="fl-4"/>
      </object_component>
      <object_component id="oc-142">
         <name>.debug_info</name>
         <load_address>0x1a1e</load_address>
         <run_address>0x1a1e</run_address>
         <size>0x117</size>
         <input_file_ref idref="fl-4"/>
      </object_component>
      <object_component id="oc-148">
         <name>.debug_info</name>
         <load_address>0x1b35</load_address>
         <run_address>0x1b35</run_address>
         <size>0x117</size>
         <input_file_ref idref="fl-4"/>
      </object_component>
      <object_component id="oc-14e">
         <name>.debug_info</name>
         <load_address>0x1c4c</load_address>
         <run_address>0x1c4c</run_address>
         <size>0x117</size>
         <input_file_ref idref="fl-4"/>
      </object_component>
      <object_component id="oc-154">
         <name>.debug_info</name>
         <load_address>0x1d63</load_address>
         <run_address>0x1d63</run_address>
         <size>0x119</size>
         <input_file_ref idref="fl-4"/>
      </object_component>
      <object_component id="oc-15a">
         <name>.debug_info</name>
         <load_address>0x1e7c</load_address>
         <run_address>0x1e7c</run_address>
         <size>0x115</size>
         <input_file_ref idref="fl-4"/>
      </object_component>
      <object_component id="oc-160">
         <name>.debug_info</name>
         <load_address>0x1f91</load_address>
         <run_address>0x1f91</run_address>
         <size>0x11d</size>
         <input_file_ref idref="fl-4"/>
      </object_component>
      <object_component id="oc-166">
         <name>.debug_info</name>
         <load_address>0x20ae</load_address>
         <run_address>0x20ae</run_address>
         <size>0x11d</size>
         <input_file_ref idref="fl-4"/>
      </object_component>
      <object_component id="oc-16c">
         <name>.debug_info</name>
         <load_address>0x21cb</load_address>
         <run_address>0x21cb</run_address>
         <size>0x11d</size>
         <input_file_ref idref="fl-4"/>
      </object_component>
      <object_component id="oc-172">
         <name>.debug_info</name>
         <load_address>0x22e8</load_address>
         <run_address>0x22e8</run_address>
         <size>0x11d</size>
         <input_file_ref idref="fl-4"/>
      </object_component>
      <object_component id="oc-178">
         <name>.debug_info</name>
         <load_address>0x2405</load_address>
         <run_address>0x2405</run_address>
         <size>0x11d</size>
         <input_file_ref idref="fl-4"/>
      </object_component>
      <object_component id="oc-17e">
         <name>.debug_info</name>
         <load_address>0x2522</load_address>
         <run_address>0x2522</run_address>
         <size>0x11d</size>
         <input_file_ref idref="fl-4"/>
      </object_component>
      <object_component id="oc-184">
         <name>.debug_info</name>
         <load_address>0x263f</load_address>
         <run_address>0x263f</run_address>
         <size>0x11d</size>
         <input_file_ref idref="fl-4"/>
      </object_component>
      <object_component id="oc-18a">
         <name>.debug_info</name>
         <load_address>0x275c</load_address>
         <run_address>0x275c</run_address>
         <size>0x11d</size>
         <input_file_ref idref="fl-4"/>
      </object_component>
      <object_component id="oc-190">
         <name>.debug_info</name>
         <load_address>0x2879</load_address>
         <run_address>0x2879</run_address>
         <size>0x117</size>
         <input_file_ref idref="fl-4"/>
      </object_component>
      <object_component id="oc-196">
         <name>.debug_info</name>
         <load_address>0x2990</load_address>
         <run_address>0x2990</run_address>
         <size>0x117</size>
         <input_file_ref idref="fl-4"/>
      </object_component>
      <object_component id="oc-19c">
         <name>.debug_info</name>
         <load_address>0x2aa7</load_address>
         <run_address>0x2aa7</run_address>
         <size>0x117</size>
         <input_file_ref idref="fl-4"/>
      </object_component>
      <object_component id="oc-1a2">
         <name>.debug_info</name>
         <load_address>0x2bbe</load_address>
         <run_address>0x2bbe</run_address>
         <size>0x117</size>
         <input_file_ref idref="fl-4"/>
      </object_component>
      <object_component id="oc-1a8">
         <name>.debug_info</name>
         <load_address>0x2cd5</load_address>
         <run_address>0x2cd5</run_address>
         <size>0x117</size>
         <input_file_ref idref="fl-4"/>
      </object_component>
      <object_component id="oc-1ae">
         <name>.debug_info</name>
         <load_address>0x2dec</load_address>
         <run_address>0x2dec</run_address>
         <size>0x117</size>
         <input_file_ref idref="fl-4"/>
      </object_component>
      <object_component id="oc-1b4">
         <name>.debug_info</name>
         <load_address>0x2f03</load_address>
         <run_address>0x2f03</run_address>
         <size>0x117</size>
         <input_file_ref idref="fl-4"/>
      </object_component>
      <object_component id="oc-1ba">
         <name>.debug_info</name>
         <load_address>0x301a</load_address>
         <run_address>0x301a</run_address>
         <size>0x117</size>
         <input_file_ref idref="fl-4"/>
      </object_component>
      <object_component id="oc-1c0">
         <name>.debug_info</name>
         <load_address>0x3131</load_address>
         <run_address>0x3131</run_address>
         <size>0x117</size>
         <input_file_ref idref="fl-4"/>
      </object_component>
      <object_component id="oc-1c6">
         <name>.debug_info</name>
         <load_address>0x3248</load_address>
         <run_address>0x3248</run_address>
         <size>0x117</size>
         <input_file_ref idref="fl-4"/>
      </object_component>
      <object_component id="oc-1cc">
         <name>.debug_info</name>
         <load_address>0x335f</load_address>
         <run_address>0x335f</run_address>
         <size>0x117</size>
         <input_file_ref idref="fl-4"/>
      </object_component>
      <object_component id="oc-1d2">
         <name>.debug_info</name>
         <load_address>0x3476</load_address>
         <run_address>0x3476</run_address>
         <size>0x117</size>
         <input_file_ref idref="fl-4"/>
      </object_component>
      <object_component id="oc-1d8">
         <name>.debug_info</name>
         <load_address>0x358d</load_address>
         <run_address>0x358d</run_address>
         <size>0x117</size>
         <input_file_ref idref="fl-4"/>
      </object_component>
      <object_component id="oc-1de">
         <name>.debug_info</name>
         <load_address>0x36a4</load_address>
         <run_address>0x36a4</run_address>
         <size>0x117</size>
         <input_file_ref idref="fl-4"/>
      </object_component>
      <object_component id="oc-1e4">
         <name>.debug_info</name>
[...]
         <name>CLB2_ISR</name>
         <value>0xc0d5</value>
         <object_component_ref idref="oc-3ff"/>
      </symbol>
      <symbol id="sm-748">
         <name>ADCD4_ISR</name>
         <value>0xc4e2</value>
         <object_component_ref idref="oc-3c9"/>
      </symbol>
      <symbol id="sm-749">
         <name>ECAP1_ISR</name>
         <value>0xc5f0</value>
         <object_component_ref idref="oc-1bf"/>
      </symbol>
      <symbol id="sm-74a">
         <name>ADCA4_ISR</name>
         <value>0xc44c</value>
         <object_component_ref idref="oc-2cd"/>
      </symbol>
      <symbol id="sm-74b">
         <name>ADCC4_ISR</name>
         <value>0xc4b0</value>
         <object_component_ref idref="oc-3b1"/>
      </symbol>
      <symbol id="sm-74c">
         <name>ADCB4_ISR</name>
         <value>0xc47e</value>
         <object_component_ref idref="oc-2e5"/>
      </symbol>
      <symbol id="sm-74d">
         <name>FSITXA2_ISR</name>
         <value>0xc311</value>
         <object_component_ref idref="oc-4d7"/>
      </symbol>
      <symbol id="sm-74e">
         <name>FSITXB2_ISR</name>
         <value>0xc32b</value>
         <object_component_ref idref="oc-4cb"/>
      </symbol>
      <symbol id="sm-74f">
         <name>EPWM7_ISR</name>
         <value>0xc712</value>
         <object_component_ref idref="oc-1b3"/>
      </symbol>
      <symbol id="sm-750">
         <name>CIPC1_ISR</name>
         <value>0xc528</value>
         <object_component_ref idref="oc-33f"/>
      </symbol>
      <symbol id="sm-751">
         <name>MCANSS_ECC_CORR_PLS_ISR</name>
         <value>0xc35f</value>
         <object_component_ref idref="oc-501"/>
      </symbol>
      <symbol id="sm-752">
         <name>EPWM9_ISR</name>
         <value>0xc73a</value>
         <object_component_ref idref="oc-369"/>
      </symbol>
      <symbol id="sm-753">
         <name>USER10_ISR</name>
         <value>0xc8d2</value>
         <object_component_ref idref="oc-11d"/>
      </symbol>
      <symbol id="sm-754">
         <name>SDFM1DR3_ISR</name>
         <value>0xc3ad</value>
         <object_component_ref idref="oc-477"/>
      </symbol>
      <symbol id="sm-755">
         <name>CMTOCPUXIPC2_ISR</name>
         <value>0xc116</value>
         <object_component_ref idref="oc-417"/>
      </symbol>
      <symbol id="sm-756">
         <name>EPWM14_ISR</name>
         <value>0xc1d9</value>
         <object_component_ref idref="oc-537"/>
      </symbol>
      <symbol id="sm-757">
         <name>XINT1_ISR</name>
         <value>0xc954</value>
         <object_component_ref idref="oc-141"/>
      </symbol>
      <symbol id="sm-758">
         <name>USER7_ISR</name>
         <value>0xc92c</value>
         <object_component_ref idref="oc-10b"/>
      </symbol>
      <symbol id="sm-759">
         <name>MCANSS0_ISR</name>
         <value>0xc345</value>
         <object_component_ref idref="oc-567"/>
      </symbol>
      <symbol id="sm-75a">
         <name>CLA1_1_ISR</name>
         <value>0xc546</value>
         <object_component_ref idref="oc-2eb"/>
      </symbol>
      <symbol id="sm-75b">
         <name>USER9_ISR</name>
         <value>0xc940</value>
         <object_component_ref idref="oc-117"/>
      </symbol>
      <symbol id="sm-75c">
         <name>CLB3_ISR</name>
         <value>0xc0e2</value>
         <object_component_ref idref="oc-405"/>
      </symbol>
      <symbol id="sm-75d">
         <name>ECAP2_ISR</name>
         <value>0xc5fa</value>
         <object_component_ref idref="oc-1c5"/>
      </symbol>
      <symbol id="sm-75e">
         <name>EPWM5_TZ_ISR</name>
         <value>0xc6f4</value>
         <object_component_ref idref="oc-177"/>
      </symbol>
      <symbol id="sm-75f">
         <name>I2CB_FIFO_ISR</name>
         <value>0xc794</value>
         <object_component_ref idref="oc-26d"/>
      </symbol>
      <symbol id="sm-760">
         <name>CIPC2_ISR</name>
         <value>0xc532</value>
         <object_component_ref idref="oc-345"/>
      </symbol>
      <symbol id="sm-761">
         <name>SDFM2DR4_ISR</name>
         <value>0xc3ee</value>
         <object_component_ref idref="oc-459"/>
      </symbol>
      <symbol id="sm-762">
         <name>DMA_CH1_ISR</name>
         <value>0xc5b4</value>
         <object_component_ref idref="oc-237"/>
      </symbol>
      <symbol id="sm-763">
         <name>CMTOCPUXIPC1_ISR</name>
         <value>0xc109</value>
         <object_component_ref idref="oc-411"/>
      </symbol>
      <symbol id="sm-764">
         <name>CLA1_8_ISR</name>
         <value>0xc58c</value>
         <object_component_ref idref="oc-315"/>
      </symbol>
      <symbol id="sm-765">
         <name>USER6_ISR</name>
         <value>0xc922</value>
         <object_component_ref idref="oc-105"/>
      </symbol>
      <symbol id="sm-766">
         <name>MCANSS_WAKE_AND_TS_PLS_ISR</name>
         <value>0xc36c</value>
         <object_component_ref idref="oc-507"/>
      </symbol>
      <symbol id="sm-767">
         <name>MCANSS1_ISR</name>
         <value>0xc352</value>
         <object_component_ref idref="oc-56d"/>
      </symbol>
      <symbol id="sm-768">
         <name>CLA1_2_ISR</name>
         <value>0xc550</value>
         <object_component_ref idref="oc-2f1"/>
      </symbol>
      <symbol id="sm-769">
         <name>ECAT_ISR</name>
         <value>0xc1a5</value>
         <object_component_ref idref="oc-513"/>
      </symbol>
      <symbol id="sm-76a">
         <name>EMIF_ERROR_ISR</name>
         <value>0xc64a</value>
         <object_component_ref idref="oc-3cf"/>
      </symbol>
      <symbol id="sm-76b">
         <name>USER8_ISR</name>
         <value>0xc936</value>
         <object_component_ref idref="oc-111"/>
      </symbol>
      <symbol id="sm-76c">
         <name>CM_STATUS_ISR</name>
         <value>0xc164</value>
         <object_component_ref idref="oc-441"/>
      </symbol>
      <symbol id="sm-76d">
         <name>MCBSPB_RX_ISR</name>
         <value>0xc7c6</value>
         <object_component_ref idref="oc-22b"/>
      </symbol>
      <symbol id="sm-76e">
         <name>MCBSPB_TX_ISR</name>
         <value>0xc7d0</value>
         <object_component_ref idref="oc-231"/>
      </symbol>
      <symbol id="sm-76f">
         <name>CLB4_ISR</name>
         <value>0xc0ef</value>
         <object_component_ref idref="oc-40b"/>
      </symbol>
      <symbol id="sm-770">
         <name>SPIB_RX_ISR</name>
         <value>0xc882</value>
         <object_component_ref idref="oc-213"/>
      </symbol>
      <symbol id="sm-771">
         <name>SPIB_TX_ISR</name>
         <value>0xc88c</value>
         <object_component_ref idref="oc-219"/>
      </symbol>
      <symbol id="sm-772">
         <name>ECAP3_ISR</name>
         <value>0xc604</value>
         <object_component_ref idref="oc-1cb"/>
      </symbol>
      <symbol id="sm-773">
         <name>EPWM16_TZ_ISR</name>
         <value>0xc21a</value>
         <object_component_ref idref="oc-555"/>
      </symbol>
      <symbol id="sm-774">
         <name>EPWM13_TZ_ISR</name>
         <value>0xc1cc</value>
         <object_component_ref idref="oc-531"/>
      </symbol>
      <symbol id="sm-775">
         <name>EPWM1_ISR</name>
         <value>0xc69a</value>
         <object_component_ref idref="oc-18f"/>
      </symbol>
      <symbol id="sm-776">
         <name>CIPC3_ISR</name>
         <value>0xc53c</value>
         <object_component_ref idref="oc-34b"/>
      </symbol>
      <symbol id="sm-777">
         <name>DMA_CH2_ISR</name>
         <value>0xc5be</value>
         <object_component_ref idref="oc-23d"/>
      </symbol>
      <symbol id="sm-778">
         <name>USER12_ISR</name>
         <value>0xc8e6</value>
         <object_component_ref idref="oc-129"/>
      </symbol>
      <symbol id="sm-779">
         <name>CMTOCPUXIPC0_ISR</name>
         <value>0xc0fc</value>
         <object_component_ref idref="oc-43b"/>
      </symbol>
      <symbol id="sm-77a">
         <name>EPWM16_ISR</name>
         <value>0xc20d</value>
         <object_component_ref idref="oc-54f"/>
      </symbol>
      <symbol id="sm-77b">
         <name>XINT3_ISR</name>
         <value>0xc968</value>
         <object_component_ref idref="oc-31b"/>
      </symbol>
      <symbol id="sm-77c">
         <name>USER1_ISR</name>
         <value>0xc8f0</value>
         <object_component_ref idref="oc-e7"/>
      </symbol>
      <symbol id="sm-77d">
         <name>CLA1_3_ISR</name>
         <value>0xc55a</value>
         <object_component_ref idref="oc-2f7"/>
      </symbol>
      <symbol id="sm-77e">
         <name>I2CA_ISR</name>
         <value>0xc78a</value>
         <object_component_ref idref="oc-25b"/>
      </symbol>
      <symbol id="sm-77f">
         <name>CANA0_ISR</name>
         <value>0xc4f6</value>
         <object_component_ref idref="oc-2a3"/>
      </symbol>
      <symbol id="sm-780">
         <name>CANB0_ISR</name>
         <value>0xc50a</value>
         <object_component_ref idref="oc-2af"/>
      </symbol>
      <symbol id="sm-781">
         <name>ECAP7_2_ISR</name>
         <value>0xc636</value>
         <object_component_ref idref="oc-1ef"/>
      </symbol>
      <symbol id="sm-782">
         <name>FSIRXA1_ISR</name>
         <value>0xc234</value>
         <object_component_ref idref="oc-489"/>
      </symbol>
      <symbol id="sm-783">
         <name>EPWM1_TZ_ISR</name>
         <value>0xc6a4</value>
         <object_component_ref idref="oc-15f"/>
      </symbol>
      <symbol id="sm-784">
         <name>FSIRXB1_ISR</name>
         <value>0xc24e</value>
         <object_component_ref idref="oc-495"/>
      </symbol>
      <symbol id="sm-785">
         <name>FSIRXC1_ISR</name>
         <value>0xc268</value>
         <object_component_ref idref="oc-4dd"/>
      </symbol>
      <symbol id="sm-786">
         <name>FSIRXD1_ISR</name>
         <value>0xc282</value>
         <object_component_ref idref="oc-4e9"/>
      </symbol>
      <symbol id="sm-787">
         <name>I2CA_FIFO_ISR</name>
         <value>0xc780</value>
         <object_component_ref idref="oc-261"/>
      </symbol>
      <symbol id="sm-788">
         <name>FSIRXE1_ISR</name>
         <value>0xc29c</value>
         <object_component_ref idref="oc-4f5"/>
      </symbol>
      <symbol id="sm-789">
         <name>FSIRXF1_ISR</name>
         <value>0xc2b6</value>
         <object_component_ref idref="oc-4a1"/>
      </symbol>
      <symbol id="sm-78a">
         <name>FSIRXG1_ISR</name>
         <value>0xc2d0</value>
         <object_component_ref idref="oc-4ad"/>
      </symbol>
      <symbol id="sm-78b">
         <name>FSIRXH1_ISR</name>
         <value>0xc2ea</value>
         <object_component_ref idref="oc-4b9"/>
      </symbol>
      <symbol id="sm-78c">
         <name>EPWM2_ISR</name>
         <value>0xc6ae</value>
         <object_component_ref idref="oc-195"/>
      </symbol>
      <symbol id="sm-78d">
         <name>PBIST_ISR</name>
         <value>0xc379</value>
         <object_component_ref idref="oc-573"/>
      </symbol>
      <symbol id="sm-78e">
         <name>USBA_ISR</name>
         <value>0xc8c8</value>
         <object_component_ref idref="oc-399"/>
      </symbol>
      <symbol id="sm-78f">
         <name>SDFM1DR4_ISR</name>
         <value>0xc3ba</value>
         <object_component_ref idref="oc-471"/>
      </symbol>
      <symbol id="sm-790">
         <name>ADCD_EVT_ISR</name>
         <value>0xc4ec</value>
         <object_component_ref idref="oc-3b7"/>
      </symbol>
      <symbol id="sm-791">
         <name>DMA_CH3_ISR</name>
         <value>0xc5c8</value>
         <object_component_ref idref="oc-243"/>
      </symbol>
      <symbol id="sm-792">
         <name>FMC_ISR</name>
         <value>0xc227</value>
         <object_component_ref idref="oc-55b"/>
      </symbol>
      <symbol id="sm-793">
         <name>ADCC_EVT_ISR</name>
         <value>0xc4ba</value>
         <object_component_ref idref="oc-39f"/>
      </symbol>
      <symbol id="sm-794">
         <name>EPWM11_ISR</name>
         <value>0xc672</value>
         <object_component_ref idref="oc-375"/>
      </symbol>
      <symbol id="sm-795">
         <name>DATALOG_ISR</name>
         <value>0xc5aa</value>
         <object_component_ref idref="oc-c9"/>
      </symbol>
      <symbol id="sm-796">
         <name>XINT2_ISR</name>
         <value>0xc95e</value>
         <object_component_ref idref="oc-147"/>
      </symbol>
      <symbol id="sm-797">
         <name>ECATRSTINTN_ISR</name>
         <value>0xc17e</value>
         <object_component_ref idref="oc-519"/>
      </symbol>
      <symbol id="sm-798">
         <name>PIE_RESERVED_ISR</name>
         <value>0xc7ee</value>
         <object_component_ref idref="oc-3e1"/>
      </symbol>
      <symbol id="sm-799">
         <name>SCIB_RX_ISR</name>
         <value>0xc81e</value>
         <object_component_ref idref="oc-297"/>
      </symbol>
      <symbol id="sm-79a">
         <name>SCIB_TX_ISR</name>
         <value>0xc828</value>
         <object_component_ref idref="oc-29d"/>
      </symbol>
      <symbol id="sm-79b">
         <name>I2CB_ISR</name>
         <value>0xc79e</value>
         <object_component_ref idref="oc-267"/>
      </symbol>
      <symbol id="sm-79c">
         <name>CANA1_ISR</name>
         <value>0xc500</value>
         <object_component_ref idref="oc-2a9"/>
      </symbol>
      <symbol id="sm-79d">
         <name>SPIC_RX_ISR</name>
         <value>0xc896</value>
         <object_component_ref idref="oc-38d"/>
      </symbol>
      <symbol id="sm-79e">
         <name>CANB1_ISR</name>
         <value>0xc514</value>
         <object_component_ref idref="oc-2b5"/>
      </symbol>
      <symbol id="sm-79f">
         <name>SPIC_TX_ISR</name>
         <value>0xc8a0</value>
         <object_component_ref idref="oc-393"/>
      </symbol>
      <symbol id="sm-7a0">
         <name>EPWM15_TZ_ISR</name>
         <value>0xc200</value>
         <object_component_ref idref="oc-549"/>
      </symbol>
      <symbol id="sm-7a1">
         <name>FSIRXA2_ISR</name>
         <value>0xc241</value>
         <object_component_ref idref="oc-48f"/>
      </symbol>
      <symbol id="sm-7a2">
         <name>FSIRXB2_ISR</name>
         <value>0xc25b</value>
         <object_component_ref idref="oc-49b"/>
      </symbol>
      <symbol id="sm-7a3">
         <name>EPWM12_TZ_ISR</name>
         <value>0xc690</value>
         <object_component_ref idref="oc-363"/>
      </symbol>
      <symbol id="sm-7a4">
         <name>FSIRXC2_ISR</name>
         <value>0xc275</value>
         <object_component_ref idref="oc-4e3"/>
      </symbol>
      <symbol id="sm-7a5">
         <name>ILLEGAL_ISR</name>
         <value>0xc7a8</value>
         <object_component_ref idref="oc-e1"/>
      </symbol>
      <symbol id="sm-7a6">
         <name>FSIRXD2_ISR</name>
         <value>0xc28f</value>
         <object_component_ref idref="oc-4ef"/>
      </symbol>
      <symbol id="sm-7a7">
         <name>FSIRXE2_ISR</name>
         <value>0xc2a9</value>
         <object_component_ref idref="oc-4fb"/>
      </symbol>
      <symbol id="sm-7a8">
         <name>FSIRXF2_ISR</name>
         <value>0xc2c3</value>
         <object_component_ref idref="oc-4a7"/>
      </symbol>
      <symbol id="sm-7a9">
         <name>FSIRXG2_ISR</name>
         <value>0xc2dd</value>
         <object_component_ref idref="oc-4b3"/>
      </symbol>
      <symbol id="sm-7aa">
         <name>FSIRXH2_ISR</name>
         <value>0xc2f7</value>
         <object_component_ref idref="oc-4bf"/>
      </symbol>
      <symbol id="sm-7ab">
         <name>EPWM3_ISR</name>
         <value>0xc6c2</value>
         <object_component_ref idref="oc-19b"/>
      </symbol>
      <symbol id="sm-7ac">
         <name>I2CA_HIGH_ISR</name>
         <value>0xc338</value>
         <object_component_ref idref="oc-561"/>
      </symbol>
      <symbol id="sm-7ad">
         <name>FPU_UFLOW_ISR</name>
         <value>0xc776</value>
         <object_component_ref idref="oc-333"/>
      </symbol>
      <symbol id="sm-7ae">
         <name>TIMER0_ISR</name>
         <value>0xc8aa</value>
         <object_component_ref idref="oc-153"/>
      </symbol>
      <symbol id="sm-7af">
         <name>EPWM10_ISR</name>
         <value>0xc65e</value>
         <object_component_ref idref="oc-36f"/>
      </symbol>
      <symbol id="sm-7b0">
         <name>USER3_ISR</name>
         <value>0xc904</value>
         <object_component_ref idref="oc-f3"/>
      </symbol>
      <symbol id="sm-7be">
         <name>PieVectTableInit</name>
         <value>0xa800</value>
         <object_component_ref idref="oc-c0"/>
      </symbol>
      <symbol id="sm-7ce">
         <name>_c_int00</name>
         <value>0xc0a2</value>
         <object_component_ref idref="oc-596"/>
      </symbol>
      <symbol id="sm-7cf">
         <name>__stack</name>
         <value>0x400</value>
         <object_component_ref idref="oc-57f"/>
      </symbol>
      <symbol id="sm-7dd">
         <name>_system_pre_init</name>
         <value>0xc98f</value>
         <object_component_ref idref="oc-67c"/>
      </symbol>
      <symbol id="sm-7ec">
         <name>__TI_auto_init_nobinit_nopinit</name>
         <value>0xc031</value>
         <object_component_ref idref="oc-6a0"/>
      </symbol>
      <symbol id="sm-7fa">
         <name>__TI_decompress_none</name>
         <value>0xc7f8</value>
         <object_component_ref idref="oc-ae"/>
      </symbol>
      <symbol id="sm-80e">
         <name>__TI_decompress_lzss</name>
         <value>0xc000</value>
         <object_component_ref idref="oc-a8"/>
      </symbol>
      <symbol id="sm-824">
         <name>C$$EXIT</name>
         <value>0xc05c</value>
         <object_component_ref idref="oc-689"/>
      </symbol>
      <symbol id="sm-825">
         <name>abort</name>
         <value>0xc05c</value>
         <object_component_ref idref="oc-689"/>
      </symbol>
      <symbol id="sm-826">
         <name>exit</name>
         <value>0xc05e</value>
         <object_component_ref idref="oc-689"/>
      </symbol>
      <symbol id="sm-827">
         <name>__TI_dtors_ptr</name>
         <value>0xa9c4</value>
         <object_component_ref idref="oc-6d8"/>
      </symbol>
      <symbol id="sm-828">
         <name>__TI_cleanup_ptr</name>
         <value>0xa9c2</value>
         <object_component_ref idref="oc-6d8"/>
      </symbol>
      <symbol id="sm-829">
         <name>__TI_enable_exit_profile_output</name>
         <value>0xa9c0</value>
         <object_component_ref idref="oc-6d8"/>
      </symbol>
      <symbol id="sm-840">
         <name>_nop</name>
         <value>0xc98e</value>
         <object_component_ref idref="oc-702"/>
      </symbol>
      <symbol id="sm-841">
         <name>_lock</name>
         <value>0xa9c6</value>
         <object_component_ref idref="oc-6db"/>
      </symbol>
      <symbol id="sm-842">
         <name>_unlock</name>
         <value>0xa9c8</value>
         <object_component_ref idref="oc-718"/>
      </symbol>
      <symbol id="sm-843">
         <name>_register_lock</name>
         <value>0xc98a</value>
         <object_component_ref idref="oc-702"/>
      </symbol>
      <symbol id="sm-844">
         <name>_register_unlock</name>
         <value>0xc986</value>
         <object_component_ref idref="oc-702"/>
      </symbol>
      <symbol id="sm-853">
         <name>_args_main</name>
         <value>0xc422</value>
         <object_component_ref idref="oc-683"/>
      </symbol>
      <symbol id="sm-867">
         <name>memcpy</name>
         <value>0xc085</value>
         <object_component_ref idref="oc-582"/>
      </symbol>
      <symbol id="sm-874">
         <name>_system_post_cinit</name>
         <value>0xc992</value>
         <object_component_ref idref="oc-6e6"/>
      </symbol>
      <symbol id="sm-876">
         <name>__c_args__</name>
         <value>0x0</value>
      </symbol>
   </symbol_table>
   <title>Link successful</title>
</link_info>
