<?xml version="1.0" encoding="ISO-8859-1" ?>
<link_info>
   <banner>TMS320C2000 Linker PC v20.2.1.LTS</banner>
   <copyright>Copyright (c) 1996-2018 Texas Instruments Incorporated</copyright>
   <link_time>0x5f62f231</link_time>
   <link_errors>0x0</link_errors>
   <output_file>F28388_empty_project.out</output_file>
   <entry_point>
      <name>code_start</name>
      <address>0x0</address>
   </entry_point>
   <input_file_list>
      <input_file id="fl-2">
         <path>.\</path>
         <kind>object</kind>
         <file>main.obj</file>
         <name>main.obj</name>
      </input_file>
      <input_file id="fl-3">
         <path>.\device\</path>
         <kind>object</kind>
         <file>device.obj</file>
         <name>device.obj</name>
      </input_file>
      <input_file id="fl-4">
         <path>.\device\</path>
         <kind>object</kind>
         <file>f2838x_codestartbranch.obj</file>
         <name>f2838x_codestartbranch.obj</name>
      </input_file>
      <input_file id="fl-5">
         <path>.\device\</path>
         <kind>object</kind>
         <file>f2838x_defaultisr.obj</file>
         <name>f2838x_defaultisr.obj</name>
      </input_file>
      <input_file id="fl-6">
         <path>.\device\</path>
         <kind>object</kind>
         <file>f2838x_globalvariabledefs.obj</file>
         <name>f2838x_globalvariabledefs.obj</name>
      </input_file>
      <input_file id="fl-7">
         <path>.\device\</path>
         <kind>object</kind>
         <file>f2838x_gpio.obj</file>
         <name>f2838x_gpio.obj</name>
      </input_file>
      <input_file id="fl-8">
         <path>.\device\</path>
         <kind>object</kind>
         <file>f2838x_piectrl.obj</file>
         <name>f2838x_piectrl.obj</name>
      </input_file>
      <input_file id="fl-9">
         <path>.\device\</path>
         <kind>object</kind>
         <file>f2838x_pievect.obj</file>
         <name>f2838x_pievect.obj</name>
      </input_file>
      <input_file id="fl-a">
         <path>.\device\</path>
         <kind>object</kind>
         <file>f2838x_sysctrl.obj</file>
         <name>f2838x_sysctrl.obj</name>
      </input_file>
      <input_file id="fl-b">
         <path>.\device\</path>
         <kind>object</kind>
         <file>f2838x_usdelay.obj</file>
         <name>f2838x_usdelay.obj</name>
      </input_file>
      <input_file id="fl-c">
         <path>.\device\driverlib\</path>
         <kind>object</kind>
         <file>adc.obj</file>
         <name>adc.obj</name>
      </input_file>
      <input_file id="fl-d">
         <path>.\device\driverlib\</path>
         <kind>object</kind>
         <file>asysctl.obj</file>
         <name>asysctl.obj</name>
      </input_file>
      <input_file id="fl-e">
         <path>.\device\driverlib\</path>
         <kind>object</kind>
         <file>bgcrc.obj</file>
         <name>bgcrc.obj</name>
      </input_file>
      <input_file id="fl-f">
         <path>.\device\driverlib\</path>
         <kind>object</kind>
         <file>can.obj</file>
         <name>can.obj</name>
      </input_file>
      <input_file id="fl-10">
         <path>.\device\driverlib\</path>
         <kind>object</kind>
         <file>cla.obj</file>
         <name>cla.obj</name>
      </input_file>
      <input_file id="fl-11">
         <path>.\device\driverlib\</path>
         <kind>object</kind>
         <file>clb.obj</file>
         <name>clb.obj</name>
      </input_file>
      <input_file id="fl-12">
         <path>.\device\driverlib\</path>
         <kind>object</kind>
         <file>cmpss.obj</file>
         <name>cmpss.obj</name>
      </input_file>
      <input_file id="fl-13">
         <path>.\device\driverlib\</path>
         <kind>object</kind>
         <file>cputimer.obj</file>
         <name>cputimer.obj</name>
      </input_file>
      <input_file id="fl-14">
         <path>.\device\driverlib\</path>
         <kind>object</kind>
         <file>dac.obj</file>
         <name>dac.obj</name>
      </input_file>
      <input_file id="fl-15">
         <path>.\device\driverlib\</path>
         <kind>object</kind>
         <file>dcc.obj</file>
         <name>dcc.obj</name>
      </input_file>
      <input_file id="fl-16">
         <path>.\device\driverlib\</path>
         <kind>object</kind>
         <file>dcsm.obj</file>
         <name>dcsm.obj</name>
      </input_file>
      <input_file id="fl-17">
         <path>.\device\driverlib\</path>
         <kind>object</kind>
         <file>dma.obj</file>
         <name>dma.obj</name>
      </input_file>
      <input_file id="fl-18">
         <path>.\device\driverlib\</path>
         <kind>object</kind>
         <file>ecap.obj</file>
         <name>ecap.obj</name>
      </input_file>
      <input_file id="fl-19">
         <path>.\device\driverlib\</path>
         <kind>object</kind>
         <file>emif.obj</file>
         <name>emif.obj</name>
      </input_file>
      <input_file id="fl-1a">
         <path>.\device\driverlib\</path>
         <kind>object</kind>
         <file>epwm.obj</file>
         <name>epwm.obj</name>
      </input_file>
      <input_file id="fl-1b">
         <path>.\device\driverlib\</path>
         <kind>object</kind>
         <file>eqep.obj</file>
         <name>eqep.obj</name>
      </input_file>
      <input_file id="fl-1c">
         <path>.\device\driverlib\</path>
         <kind>object</kind>
         <file>escss.obj</file>
         <name>escss.obj</name>
      </input_file>
      <input_file id="fl-1d">
         <path>.\device\driverlib\</path>
         <kind>object</kind>
         <file>flash.obj</file>
         <name>flash.obj</name>
      </input_file>
      <input_file id="fl-1e">
         <path>.\device\driverlib\</path>
         <kind>object</kind>
         <file>fsi.obj</file>
         <name>fsi.obj</name>
      </input_file>
      <input_file id="fl-1f">
         <path>.\device\driverlib\</path>
         <kind>object</kind>
         <file>gpio.obj</file>
         <name>gpio.obj</name>
      </input_file>
      <input_file id="fl-20">
         <path>.\device\driverlib\</path>
         <kind>object</kind>
         <file>hrcap.obj</file>
         <name>hrcap.obj</name>
      </input_file>
      <input_file id="fl-21">
         <path>.\device\driverlib\</path>
         <kind>object</kind>
         <file>hrpwm.obj</file>
         <name>hrpwm.obj</name>
      </input_file>
      <input_file id="fl-22">
         <path>.\device\driverlib\</path>
         <kind>object</kind>
         <file>i2c.obj</file>
         <name>i2c.obj</name>
      </input_file>
      <input_file id="fl-23">
         <path>.\device\driverlib\</path>
         <kind>object</kind>
         <file>interrupt.obj</file>
         <name>interrupt.obj</name>
      </input_file>
      <input_file id="fl-24">
         <path>.\device\driverlib\</path>
         <kind>object</kind>
         <file>ipc.obj</file>
         <name>ipc.obj</name>
      </input_file>
      <input_file id="fl-25">
         <path>.\device\driverlib\</path>
         <kind>object</kind>
         <file>mcbsp.obj</file>
         <name>mcbsp.obj</name>
      </input_file>
      <input_file id="fl-26">
         <path>.\device\driverlib\</path>
         <kind>object</kind>
         <file>memcfg.obj</file>
         <name>memcfg.obj</name>
      </input_file>
      <input_file id="fl-27">
         <path>.\device\driverlib\</path>
         <kind>object</kind>
         <file>pmbus.obj</file>
         <name>pmbus.obj</name>
      </input_file>
      <input_file id="fl-28">
         <path>.\device\driverlib\</path>
         <kind>object</kind>
         <file>sci.obj</file>
         <name>sci.obj</name>
      </input_file>
      <input_file id="fl-29">
         <path>.\device\driverlib\</path>
         <kind>object</kind>
         <file>sdfm.obj</file>
         <name>sdfm.obj</name>
      </input_file>
      <input_file id="fl-2a">
         <path>.\device\driverlib\</path>
         <kind>object</kind>
         <file>spi.obj</file>
         <name>spi.obj</name>
      </input_file>
      <input_file id="fl-2b">
         <path>.\device\driverlib\</path>
         <kind>object</kind>
         <file>sysctl.obj</file>
         <name>sysctl.obj</name>
      </input_file>
      <input_file id="fl-2c">
         <path>.\device\driverlib\</path>
         <kind>object</kind>
         <file>usb.obj</file>
         <name>usb.obj</name>
      </input_file>
      <input_file id="fl-2d">
         <path>.\device\driverlib\</path>
         <kind>object</kind>
         <file>version.obj</file>
         <name>version.obj</name>
      </input_file>
      <input_file id="fl-2e">
         <path>.\device\driverlib\</path>
         <kind>object</kind>
         <file>xbar.obj</file>
         <name>xbar.obj</name>
      </input_file>
      <input_file id="fl-35">
         <kind>object</kind>
         <file>&lt;internal&gt;</file>
         <name>&lt;internal&gt;</name>
      </input_file>
      <input_file id="fl-41">
         <path>C:\TI\ccs10.1\ccs\tools\compiler\ti-cgt-c2000_20.2.1.LTS\lib\</path>
         <kind>archive</kind>
         <file>rts2800_fpu64_eabi.lib</file>
         <name>boot28.asm.obj</name>
      </input_file>
      <input_file id="fl-42">
         <path>C:\TI\ccs10.1\ccs\tools\compiler\ti-cgt-c2000_20.2.1.LTS\lib\</path>
         <kind>archive</kind>
         <file>rts2800_fpu64_eabi.lib</file>
         <name>fs_div28.asm.obj</name>
      </input_file>
      <input_file id="fl-43">
         <path>C:\TI\ccs10.1\ccs\tools\compiler\ti-cgt-c2000_20.2.1.LTS\lib\</path>
         <kind>archive</kind>
         <file>rts2800_fpu64_eabi.lib</file>
         <name>pre_init.c.obj</name>
      </input_file>
      <input_file id="fl-44">
         <path>C:\TI\ccs10.1\ccs\tools\compiler\ti-cgt-c2000_20.2.1.LTS\lib\</path>
         <kind>archive</kind>
         <file>rts2800_fpu64_eabi.lib</file>
         <name>autoinit.c.obj</name>
      </input_file>
      <input_file id="fl-45">
         <path>C:\TI\ccs10.1\ccs\tools\compiler\ti-cgt-c2000_20.2.1.LTS\lib\</path>
         <kind>archive</kind>
         <file>rts2800_fpu64_eabi.lib</file>
         <name>copy_zero_init.c.obj</name>
      </input_file>
      <input_file id="fl-46">
         <path>C:\TI\ccs10.1\ccs\tools\compiler\ti-cgt-c2000_20.2.1.LTS\lib\</path>
         <kind>archive</kind>
         <file>rts2800_fpu64_eabi.lib</file>
         <name>copy_decompress_none.c.obj</name>
      </input_file>
      <input_file id="fl-47">
         <path>C:\TI\ccs10.1\ccs\tools\compiler\ti-cgt-c2000_20.2.1.LTS\lib\</path>
         <kind>archive</kind>
         <file>rts2800_fpu64_eabi.lib</file>
         <name>copy_decompress_lzss.c.obj</name>
      </input_file>
      <input_file id="fl-48">
         <path>C:\TI\ccs10.1\ccs\tools\compiler\ti-cgt-c2000_20.2.1.LTS\lib\</path>
         <kind>archive</kind>
         <file>rts2800_fpu64_eabi.lib</file>
         <name>exit.c.obj</name>
      </input_file>
      <input_file id="fl-49">
         <path>C:\TI\ccs10.1\ccs\tools\compiler\ti-cgt-c2000_20.2.1.LTS\lib\</path>
         <kind>archive</kind>
         <file>rts2800_fpu64_eabi.lib</file>
         <name>_lock.c.obj</name>
      </input_file>
      <input_file id="fl-4a">
         <path>C:\TI\ccs10.1\ccs\tools\compiler\ti-cgt-c2000_20.2.1.LTS\lib\</path>
         <kind>archive</kind>
         <file>rts2800_fpu64_eabi.lib</file>
         <name>args_main.c.obj</name>
      </input_file>
      <input_file id="fl-4b">
         <path>C:\TI\ccs10.1\ccs\tools\compiler\ti-cgt-c2000_20.2.1.LTS\lib\</path>
         <kind>archive</kind>
         <file>rts2800_fpu64_eabi.lib</file>
         <name>memset.c.obj</name>
      </input_file>
      <input_file id="fl-4c">
         <path>C:\TI\ccs10.1\ccs\tools\compiler\ti-cgt-c2000_20.2.1.LTS\lib\</path>
         <kind>archive</kind>
         <file>rts2800_fpu64_eabi.lib</file>
         <name>cpy_tbl.c.obj</name>
      </input_file>
      <input_file id="fl-4d">
         <path>C:\TI\ccs10.1\ccs\tools\compiler\ti-cgt-c2000_20.2.1.LTS\lib\</path>
         <kind>archive</kind>
         <file>rts2800_fpu64_eabi.lib</file>
         <name>memcpy.c.obj</name>
      </input_file>
      <input_file id="fl-4e">
         <path>C:\TI\ccs10.1\ccs\tools\compiler\ti-cgt-c2000_20.2.1.LTS\lib\</path>
         <kind>archive</kind>
         <file>rts2800_fpu64_eabi.lib</file>
         <name>startup.c.obj</name>
      </input_file>
   </input_file_list>
   <object_component_list>
      <object_component id="oc-b5">
         <name>codestart</name>
         <load_address>0x0</load_address>
         <run_address>0x0</run_address>
         <size>0x2</size>
         <input_file_ref idref="fl-4"/>
      </object_component>
      <object_component id="oc-489">
         <name>.text:FSIRXA1_ISR</name>
         <load_address>0x8000</load_address>
         <run_address>0x8000</run_address>
         <size>0xd</size>
         <input_file_ref idref="fl-5"/>
      </object_component>
      <object_component id="oc-48f">
         <name>.text:FSIRXA2_ISR</name>
         <load_address>0x800d</load_address>
         <run_address>0x800d</run_address>
         <size>0xd</size>
         <input_file_ref idref="fl-5"/>
      </object_component>
      <object_component id="oc-495">
         <name>.text:FSIRXB1_ISR</name>
         <load_address>0x801a</load_address>
         <run_address>0x801a</run_address>
         <size>0xd</size>
         <input_file_ref idref="fl-5"/>
      </object_component>
      <object_component id="oc-49b">
         <name>.text:FSIRXB2_ISR</name>
         <load_address>0x8027</load_address>
         <run_address>0x8027</run_address>
         <size>0xd</size>
         <input_file_ref idref="fl-5"/>
      </object_component>
      <object_component id="oc-4dd">
         <name>.text:FSIRXC1_ISR</name>
         <load_address>0x8034</load_address>
         <run_address>0x8034</run_address>
         <size>0xd</size>
         <input_file_ref idref="fl-5"/>
      </object_component>
      <object_component id="oc-4e3">
         <name>.text:FSIRXC2_ISR</name>
         <load_address>0x8041</load_address>
         <run_address>0x8041</run_address>
         <size>0xd</size>
         <input_file_ref idref="fl-5"/>
      </object_component>
      <object_component id="oc-4e9">
         <name>.text:FSIRXD1_ISR</name>
         <load_address>0x804e</load_address>
         <run_address>0x804e</run_address>
         <size>0xd</size>
         <input_file_ref idref="fl-5"/>
      </object_component>
      <object_component id="oc-4ef">
         <name>.text:FSIRXD2_ISR</name>
         <load_address>0x805b</load_address>
         <run_address>0x805b</run_address>
         <size>0xd</size>
         <input_file_ref idref="fl-5"/>
      </object_component>
      <object_component id="oc-4f5">
         <name>.text:FSIRXE1_ISR</name>
         <load_address>0x8068</load_address>
         <run_address>0x8068</run_address>
         <size>0xd</size>
         <input_file_ref idref="fl-5"/>
      </object_component>
      <object_component id="oc-4fb">
         <name>.text:FSIRXE2_ISR</name>
         <load_address>0x8075</load_address>
         <run_address>0x8075</run_address>
         <size>0xd</size>
         <input_file_ref idref="fl-5"/>
      </object_component>
      <object_component id="oc-4a1">
         <name>.text:FSIRXF1_ISR</name>
         <load_address>0x8082</load_address>
         <run_address>0x8082</run_address>
         <size>0xd</size>
         <input_file_ref idref="fl-5"/>
      </object_component>
      <object_component id="oc-4a7">
         <name>.text:FSIRXF2_ISR</name>
         <load_address>0x808f</load_address>
         <run_address>0x808f</run_address>
         <size>0xd</size>
         <input_file_ref idref="fl-5"/>
      </object_component>
      <object_component id="oc-4ad">
         <name>.text:FSIRXG1_ISR</name>
         <load_address>0x809c</load_address>
         <run_address>0x809c</run_address>
         <size>0xd</size>
         <input_file_ref idref="fl-5"/>
      </object_component>
      <object_component id="oc-4b3">
         <name>.text:FSIRXG2_ISR</name>
         <load_address>0x80a9</load_address>
         <run_address>0x80a9</run_address>
         <size>0xd</size>
         <input_file_ref idref="fl-5"/>
      </object_component>
      <object_component id="oc-4b9">
         <name>.text:FSIRXH1_ISR</name>
         <load_address>0x80b6</load_address>
         <run_address>0x80b6</run_address>
         <size>0xd</size>
         <input_file_ref idref="fl-5"/>
      </object_component>
      <object_component id="oc-4bf">
         <name>.text:FSIRXH2_ISR</name>
         <load_address>0x80c3</load_address>
         <run_address>0x80c3</run_address>
         <size>0xd</size>
         <input_file_ref idref="fl-5"/>
      </object_component>
      <object_component id="oc-4d1">
         <name>.text:FSITXA1_ISR</name>
         <load_address>0x80d0</load_address>
         <run_address>0x80d0</run_address>
         <size>0xd</size>
         <input_file_ref idref="fl-5"/>
      </object_component>
      <object_component id="oc-4d7">
         <name>.text:FSITXA2_ISR</name>
         <load_address>0x80dd</load_address>
         <run_address>0x80dd</run_address>
         <size>0xd</size>
         <input_file_ref idref="fl-5"/>
      </object_component>
      <object_component id="oc-4c5">
         <name>.text:FSITXB1_ISR</name>
         <load_address>0x80ea</load_address>
         <run_address>0x80ea</run_address>
         <size>0xd</size>
         <input_file_ref idref="fl-5"/>
      </object_component>
      <object_component id="oc-4cb">
         <name>.text:FSITXB2_ISR</name>
         <load_address>0x80f7</load_address>
         <run_address>0x80f7</run_address>
         <size>0xd</size>
         <input_file_ref idref="fl-5"/>
      </object_component>
      <object_component id="oc-561">
         <name>.text:I2CA_HIGH_ISR</name>
         <load_address>0x8104</load_address>
         <run_address>0x8104</run_address>
         <size>0xd</size>
         <input_file_ref idref="fl-5"/>
      </object_component>
      <object_component id="oc-799">
         <name>.text:Interrupt_disableMaster</name>
         <load_address>0x8111</load_address>
         <run_address>0x8111</run_address>
         <size>0xd</size>
         <input_file_ref idref="fl-23"/>
      </object_component>
      <object_component id="oc-567">
         <name>.text:MCANSS0_ISR</name>
         <load_address>0x811e</load_address>
         <run_address>0x811e</run_address>
         <size>0xd</size>
         <input_file_ref idref="fl-5"/>
      </object_component>
      <object_component id="oc-56d">
         <name>.text:MCANSS1_ISR</name>
         <load_address>0x812b</load_address>
         <run_address>0x812b</run_address>
         <size>0xd</size>
         <input_file_ref idref="fl-5"/>
      </object_component>
      <object_component id="oc-501">
         <name>.text:MCANSS_ECC_CORR_PLS_ISR</name>
         <load_address>0x8138</load_address>
         <run_address>0x8138</run_address>
         <size>0xd</size>
         <input_file_ref idref="fl-5"/>
      </object_component>
      <object_component id="oc-507">
         <name>.text:MCANSS_WAKE_AND_TS_PLS_ISR</name>
         <load_address>0x8145</load_address>
         <run_address>0x8145</run_address>
         <size>0xd</size>
         <input_file_ref idref="fl-5"/>
      </object_component>
      <object_component id="oc-573">
         <name>.text:PBIST_ISR</name>
         <load_address>0x8152</load_address>
         <run_address>0x8152</run_address>
         <size>0xd</size>
         <input_file_ref idref="fl-5"/>
      </object_component>
      <object_component id="oc-579">
         <name>.text:PMBUSA_ISR</name>
         <load_address>0x815f</load_address>
         <run_address>0x815f</run_address>
         <size>0xd</size>
         <input_file_ref idref="fl-5"/>
      </object_component>
      <object_component id="oc-483">
         <name>.text:SDFM1DR1_ISR</name>
         <load_address>0x816c</load_address>
         <run_address>0x816c</run_address>
         <size>0xd</size>
         <input_file_ref idref="fl-5"/>
      </object_component>
      <object_component id="oc-47d">
         <name>.text:SDFM1DR2_ISR</name>
         <load_address>0x8179</load_address>
         <run_address>0x8179</run_address>
         <size>0xd</size>
         <input_file_ref idref="fl-5"/>
      </object_component>
      <object_component id="oc-477">
         <name>.text:SDFM1DR3_ISR</name>
         <load_address>0x8186</load_address>
         <run_address>0x8186</run_address>
         <size>0xd</size>
         <input_file_ref idref="fl-5"/>
      </object_component>
      <object_component id="oc-471">
         <name>.text:SDFM1DR4_ISR</name>
         <load_address>0x8193</load_address>
         <run_address>0x8193</run_address>
         <size>0xd</size>
         <input_file_ref idref="fl-5"/>
      </object_component>
      <object_component id="oc-46b">
         <name>.text:SDFM2DR1_ISR</name>
         <load_address>0x81a0</load_address>
         <run_address>0x81a0</run_address>
         <size>0xd</size>
         <input_file_ref idref="fl-5"/>
      </object_component>
      <object_component id="oc-465">
         <name>.text:SDFM2DR2_ISR</name>
         <load_address>0x81ad</load_address>
         <run_address>0x81ad</run_address>
         <size>0xd</size>
         <input_file_ref idref="fl-5"/>
      </object_component>
      <object_component id="oc-45f">
         <name>.text:SDFM2DR3_ISR</name>
         <load_address>0x81ba</load_address>
         <run_address>0x81ba</run_address>
         <size>0xd</size>
         <input_file_ref idref="fl-5"/>
      </object_component>
      <object_component id="oc-459">
         <name>.text:SDFM2DR4_ISR</name>
         <load_address>0x81c7</load_address>
         <run_address>0x81c7</run_address>
         <size>0xd</size>
         <input_file_ref idref="fl-5"/>
      </object_component>
      <object_component id="oc-453">
         <name>.text:SPID_RX_ISR</name>
         <load_address>0x81d4</load_address>
         <run_address>0x81d4</run_address>
         <size>0xd</size>
         <input_file_ref idref="fl-5"/>
      </object_component>
      <object_component id="oc-44d">
         <name>.text:SPID_TX_ISR</name>
         <load_address>0x81e1</load_address>
         <run_address>0x81e1</run_address>
         <size>0xd</size>
         <input_file_ref idref="fl-5"/>
      </object_component>
      <object_component id="oc-447">
         <name>.text:SYS_ERR_ISR</name>
         <load_address>0x81ee</load_address>
         <run_address>0x81ee</run_address>
         <size>0xd</size>
         <input_file_ref idref="fl-5"/>
      </object_component>
      <object_component id="oc-841">
         <name>.text:SysCtl_setPLLSysClk</name>
         <load_address>0x81fb</load_address>
         <run_address>0x81fb</run_address>
         <size>0xc</size>
         <input_file_ref idref="fl-2b"/>
      </object_component>
      <object_component id="oc-683">
         <name>.text</name>
         <load_address>0x8207</load_address>
         <run_address>0x8207</run_address>
         <size>0xc</size>
         <input_file_ref idref="fl-4a"/>
      </object_component>
      <object_component id="oc-834">
         <name>.text:SysCtl_isMCDClockFailureDetected</name>
         <load_address>0x8213</load_address>
         <run_address>0x8213</run_address>
         <size>0xb</size>
         <input_file_ref idref="fl-2b"/>
      </object_component>
      <object_component id="oc-12f">
         <name>.text:ADCA1_ISR</name>
         <load_address>0x821e</load_address>
         <run_address>0x821e</run_address>
         <size>0xa</size>
         <input_file_ref idref="fl-5"/>
      </object_component>
      <object_component id="oc-2c1">
         <name>.text:ADCA2_ISR</name>
         <load_address>0x8228</load_address>
         <run_address>0x8228</run_address>
         <size>0xa</size>
         <input_file_ref idref="fl-5"/>
      </object_component>
      <object_component id="oc-2c7">
         <name>.text:ADCA3_ISR</name>
         <load_address>0x8232</load_address>
         <run_address>0x8232</run_address>
         <size>0xa</size>
         <input_file_ref idref="fl-5"/>
      </object_component>
      <object_component id="oc-2cd">
         <name>.text:ADCA4_ISR</name>
         <load_address>0x823c</load_address>
         <run_address>0x823c</run_address>
         <size>0xa</size>
         <input_file_ref idref="fl-5"/>
      </object_component>
      <object_component id="oc-2bb">
         <name>.text:ADCA_EVT_ISR</name>
         <load_address>0x8246</load_address>
         <run_address>0x8246</run_address>
         <size>0xa</size>
         <input_file_ref idref="fl-5"/>
      </object_component>
      <object_component id="oc-135">
         <name>.text:ADCB1_ISR</name>
         <load_address>0x8250</load_address>
         <run_address>0x8250</run_address>
         <size>0xa</size>
         <input_file_ref idref="fl-5"/>
      </object_component>
      <object_component id="oc-2d9">
         <name>.text:ADCB2_ISR</name>
         <load_address>0x825a</load_address>
         <run_address>0x825a</run_address>
         <size>0xa</size>
         <input_file_ref idref="fl-5"/>
      </object_component>
      <object_component id="oc-2df">
         <name>.text:ADCB3_ISR</name>
         <load_address>0x8264</load_address>
         <run_address>0x8264</run_address>
         <size>0xa</size>
         <input_file_ref idref="fl-5"/>
      </object_component>
      <object_component id="oc-2e5">
         <name>.text:ADCB4_ISR</name>
         <load_address>0x826e</load_address>
         <run_address>0x826e</run_address>
         <size>0xa</size>
         <input_file_ref idref="fl-5"/>
      </object_component>
      <object_component id="oc-2d3">
         <name>.text:ADCB_EVT_ISR</name>
         <load_address>0x8278</load_address>
         <run_address>0x8278</run_address>
         <size>0xa</size>
         <input_file_ref idref="fl-5"/>
      </object_component>
      <object_component id="oc-13b">
         <name>.text:ADCC1_ISR</name>
         <load_address>0x8282</load_address>
         <run_address>0x8282</run_address>
         <size>0xa</size>
         <input_file_ref idref="fl-5"/>
      </object_component>
      <object_component id="oc-3a5">
         <name>.text:ADCC2_ISR</name>
         <load_address>0x828c</load_address>
         <run_address>0x828c</run_address>
         <size>0xa</size>
         <input_file_ref idref="fl-5"/>
      </object_component>
      <object_component id="oc-3ab">
         <name>.text:ADCC3_ISR</name>
         <load_address>0x8296</load_address>
         <run_address>0x8296</run_address>
         <size>0xa</size>
         <input_file_ref idref="fl-5"/>
      </object_component>
      <object_component id="oc-3b1">
         <name>.text:ADCC4_ISR</name>
         <load_address>0x82a0</load_address>
         <run_address>0x82a0</run_address>
         <size>0xa</size>
         <input_file_ref idref="fl-5"/>
      </object_component>
      <object_component id="oc-39f">
         <name>.text:ADCC_EVT_ISR</name>
         <load_address>0x82aa</load_address>
         <run_address>0x82aa</run_address>
         <size>0xa</size>
         <input_file_ref idref="fl-5"/>
      </object_component>
      <object_component id="oc-14d">
         <name>.text:ADCD1_ISR</name>
         <load_address>0x82b4</load_address>
         <run_address>0x82b4</run_address>
         <size>0xa</size>
         <input_file_ref idref="fl-5"/>
      </object_component>
      <object_component id="oc-3bd">
         <name>.text:ADCD2_ISR</name>
         <load_address>0x82be</load_address>
         <run_address>0x82be</run_address>
         <size>0xa</size>
         <input_file_ref idref="fl-5"/>
      </object_component>
      <object_component id="oc-3c3">
         <name>.text:ADCD3_ISR</name>
         <load_address>0x82c8</load_address>
         <run_address>0x82c8</run_address>
         <size>0xa</size>
         <input_file_ref idref="fl-5"/>
      </object_component>
      <object_component id="oc-3c9">
         <name>.text:ADCD4_ISR</name>
         <load_address>0x82d2</load_address>
         <run_address>0x82d2</run_address>
         <size>0xa</size>
         <input_file_ref idref="fl-5"/>
      </object_component>
      <object_component id="oc-3b7">
         <name>.text:ADCD_EVT_ISR</name>
         <load_address>0x82dc</load_address>
         <run_address>0x82dc</run_address>
         <size>0xa</size>
         <input_file_ref idref="fl-5"/>
      </object_component>
      <object_component id="oc-2a3">
         <name>.text:CANA0_ISR</name>
         <load_address>0x82e6</load_address>
         <run_address>0x82e6</run_address>
         <size>0xa</size>
         <input_file_ref idref="fl-5"/>
      </object_component>
      <object_component id="oc-2a9">
         <name>.text:CANA1_ISR</name>
         <load_address>0x82f0</load_address>
         <run_address>0x82f0</run_address>
         <size>0xa</size>
         <input_file_ref idref="fl-5"/>
      </object_component>
      <object_component id="oc-2af">
         <name>.text:CANB0_ISR</name>
         <load_address>0x82fa</load_address>
         <run_address>0x82fa</run_address>
         <size>0xa</size>
         <input_file_ref idref="fl-5"/>
      </object_component>
      <object_component id="oc-2b5">
         <name>.text:CANB1_ISR</name>
         <load_address>0x8304</load_address>
         <run_address>0x8304</run_address>
         <size>0xa</size>
         <input_file_ref idref="fl-5"/>
      </object_component>
      <object_component id="oc-339">
         <name>.text:CIPC0_ISR</name>
         <load_address>0x830e</load_address>
         <run_address>0x830e</run_address>
         <size>0xa</size>
         <input_file_ref idref="fl-5"/>
      </object_component>
      <object_component id="oc-33f">
         <name>.text:CIPC1_ISR</name>
         <load_address>0x8318</load_address>
         <run_address>0x8318</run_address>
         <size>0xa</size>
         <input_file_ref idref="fl-5"/>
      </object_component>
      <object_component id="oc-345">
         <name>.text:CIPC2_ISR</name>
         <load_address>0x8322</load_address>
         <run_address>0x8322</run_address>
         <size>0xa</size>
         <input_file_ref idref="fl-5"/>
      </object_component>
      <object_component id="oc-34b">
         <name>.text:CIPC3_ISR</name>
         <load_address>0x832c</load_address>
         <run_address>0x832c</run_address>
         <size>0xa</size>
         <input_file_ref idref="fl-5"/>
      </object_component>
      <object_component id="oc-2eb">
         <name>.text:CLA1_1_ISR</name>
         <load_address>0x8336</load_address>
         <run_address>0x8336</run_address>
         <size>0xa</size>
         <input_file_ref idref="fl-5"/>
      </object_component>
      <object_component id="oc-2f1">
         <name>.text:CLA1_2_ISR</name>
         <load_address>0x8340</load_address>
         <run_address>0x8340</run_address>
         <size>0xa</size>
         <input_file_ref idref="fl-5"/>
      </object_component>
      <object_component id="oc-2f7">
         <name>.text:CLA1_3_ISR</name>
         <load_address>0x834a</load_address>
         <run_address>0x834a</run_address>
         <size>0xa</size>
         <input_file_ref idref="fl-5"/>
      </object_component>
      <object_component id="oc-2fd">
         <name>.text:CLA1_4_ISR</name>
         <load_address>0x8354</load_address>
         <run_address>0x8354</run_address>
         <size>0xa</size>
         <input_file_ref idref="fl-5"/>
      </object_component>
      <object_component id="oc-303">
         <name>.text:CLA1_5_ISR</name>
         <load_address>0x835e</load_address>
         <run_address>0x835e</run_address>
         <size>0xa</size>
         <input_file_ref idref="fl-5"/>
      </object_component>
      <object_component id="oc-309">
         <name>.text:CLA1_6_ISR</name>
         <load_address>0x8368</load_address>
         <run_address>0x8368</run_address>
         <size>0xa</size>
         <input_file_ref idref="fl-5"/>
      </object_component>
      <object_component id="oc-30f">
         <name>.text:CLA1_7_ISR</name>
         <load_address>0x8372</load_address>
         <run_address>0x8372</run_address>
         <size>0xa</size>
         <input_file_ref idref="fl-5"/>
      </object_component>
      <object_component id="oc-315">
         <name>.text:CLA1_8_ISR</name>
         <load_address>0x837c</load_address>
         <run_address>0x837c</run_address>
         <size>0xa</size>
         <input_file_ref idref="fl-5"/>
      </object_component>
      <object_component id="oc-3d5">
         <name>.text:CLA_OVERFLOW_ISR</name>
         <load_address>0x8386</load_address>
         <run_address>0x8386</run_address>
         <size>0xa</size>
         <input_file_ref idref="fl-5"/>
      </object_component>
      <object_component id="oc-3db">
         <name>.text:CLA_UNDERFLOW_ISR</name>
         <load_address>0x8390</load_address>
         <run_address>0x8390</run_address>
         <size>0xa</size>
         <input_file_ref idref="fl-5"/>
      </object_component>
      <object_component id="oc-c9">
         <name>.text:DATALOG_ISR</name>
         <load_address>0x839a</load_address>
         <run_address>0x839a</run_address>
         <size>0xa</size>
         <input_file_ref idref="fl-5"/>
      </object_component>
      <object_component id="oc-237">
         <name>.text:DMA_CH1_ISR</name>
         <load_address>0x83a4</load_address>
         <run_address>0x83a4</run_address>
         <size>0xa</size>
         <input_file_ref idref="fl-5"/>
      </object_component>
      <object_component id="oc-23d">
         <name>.text:DMA_CH2_ISR</name>
         <load_address>0x83ae</load_address>
         <run_address>0x83ae</run_address>
         <size>0xa</size>
         <input_file_ref idref="fl-5"/>
      </object_component>
      <object_component id="oc-243">
         <name>.text:DMA_CH3_ISR</name>
         <load_address>0x83b8</load_address>
         <run_address>0x83b8</run_address>
         <size>0xa</size>
         <input_file_ref idref="fl-5"/>
      </object_component>
      <object_component id="oc-249">
         <name>.text:DMA_CH4_ISR</name>
         <load_address>0x83c2</load_address>
         <run_address>0x83c2</run_address>
         <size>0xa</size>
         <input_file_ref idref="fl-5"/>
      </object_component>
      <object_component id="oc-24f">
         <name>.text:DMA_CH5_ISR</name>
         <load_address>0x83cc</load_address>
         <run_address>0x83cc</run_address>
         <size>0xa</size>
         <input_file_ref idref="fl-5"/>
      </object_component>
      <object_component id="oc-255">
         <name>.text:DMA_CH6_ISR</name>
         <load_address>0x83d6</load_address>
         <run_address>0x83d6</run_address>
         <size>0xa</size>
         <input_file_ref idref="fl-5"/>
      </object_component>
      <object_component id="oc-1bf">
         <name>.text:ECAP1_ISR</name>
         <load_address>0x83e0</load_address>
         <run_address>0x83e0</run_address>
         <size>0xa</size>
         <input_file_ref idref="fl-5"/>
      </object_component>
      <object_component id="oc-1c5">
         <name>.text:ECAP2_ISR</name>
         <load_address>0x83ea</load_address>
         <run_address>0x83ea</run_address>
         <size>0xa</size>
         <input_file_ref idref="fl-5"/>
      </object_component>
      <object_component id="oc-1cb">
         <name>.text:ECAP3_ISR</name>
         <load_address>0x83f4</load_address>
         <run_address>0x83f4</run_address>
         <size>0xa</size>
         <input_file_ref idref="fl-5"/>
      </object_component>
      <object_component id="oc-1d1">
         <name>.text:ECAP4_ISR</name>
         <load_address>0x83fe</load_address>
         <run_address>0x83fe</run_address>
         <size>0xa</size>
         <input_file_ref idref="fl-5"/>
      </object_component>
      <object_component id="oc-1d7">
         <name>.text:ECAP5_ISR</name>
         <load_address>0x8408</load_address>
         <run_address>0x8408</run_address>
         <size>0xa</size>
         <input_file_ref idref="fl-5"/>
      </object_component>
      <object_component id="oc-1e9">
         <name>.text:ECAP6_2_ISR</name>
         <load_address>0x8412</load_address>
         <run_address>0x8412</run_address>
         <size>0xa</size>
         <input_file_ref idref="fl-5"/>
      </object_component>
      <object_component id="oc-1dd">
         <name>.text:ECAP6_ISR</name>
         <load_address>0x841c</load_address>
         <run_address>0x841c</run_address>
         <size>0xa</size>
         <input_file_ref idref="fl-5"/>
      </object_component>
      <object_component id="oc-1ef">
         <name>.text:ECAP7_2_ISR</name>
         <load_address>0x8426</load_address>
         <run_address>0x8426</run_address>
         <size>0xa</size>
         <input_file_ref idref="fl-5"/>
      </object_component>
      <object_component id="oc-1e3">
         <name>.text:ECAP7_ISR</name>
         <load_address>0x8430</load_address>
         <run_address>0x8430</run_address>
         <size>0xa</size>
         <input_file_ref idref="fl-5"/>
      </object_component>
      <object_component id="oc-3cf">
         <name>.text:EMIF_ERROR_ISR</name>
         <load_address>0x843a</load_address>
         <run_address>0x843a</run_address>
         <size>0xa</size>
         <input_file_ref idref="fl-5"/>
      </object_component>
      <object_component id="oc-d5">
         <name>.text:EMU_ISR</name>
         <load_address>0x8444</load_address>
         <run_address>0x8444</run_address>
         <size>0xa</size>
         <input_file_ref idref="fl-5"/>
      </object_component>
      <object_component id="oc-36f">
         <name>.text:EPWM10_ISR</name>
         <load_address>0x844e</load_address>
         <run_address>0x844e</run_address>
         <size>0xa</size>
         <input_file_ref idref="fl-5"/>
      </object_component>
      <object_component id="oc-357">
         <name>.text:EPWM10_TZ_ISR</name>
         <load_address>0x8458</load_address>
         <run_address>0x8458</run_address>
         <size>0xa</size>
         <input_file_ref idref="fl-5"/>
      </object_component>
      <object_component id="oc-375">
         <name>.text:EPWM11_ISR</name>
         <load_address>0x8462</load_address>
         <run_address>0x8462</run_address>
         <size>0xa</size>
         <input_file_ref idref="fl-5"/>
      </object_component>
      <object_component id="oc-35d">
         <name>.text:EPWM11_TZ_ISR</name>
         <load_address>0x846c</load_address>
         <run_address>0x846c</run_address>
         <size>0xa</size>
         <input_file_ref idref="fl-5"/>
      </object_component>
      <object_component id="oc-37b">
         <name>.text:EPWM12_ISR</name>
         <load_address>0x8476</load_address>
         <run_address>0x8476</run_address>
         <size>0xa</size>
         <input_file_ref idref="fl-5"/>
      </object_component>
      <object_component id="oc-363">
         <name>.text:EPWM12_TZ_ISR</name>
         <load_address>0x8480</load_address>
         <run_address>0x8480</run_address>
         <size>0xa</size>
         <input_file_ref idref="fl-5"/>
      </object_component>
      <object_component id="oc-18f">
         <name>.text:EPWM1_ISR</name>
         <load_address>0x848a</load_address>
         <run_address>0x848a</run_address>
         <size>0xa</size>
         <input_file_ref idref="fl-5"/>
      </object_component>
      <object_component id="oc-15f">
         <name>.text:EPWM1_TZ_ISR</name>
         <load_address>0x8494</load_address>
         <run_address>0x8494</run_address>
         <size>0xa</size>
         <input_file_ref idref="fl-5"/>
      </object_component>
      <object_component id="oc-195">
         <name>.text:EPWM2_ISR</name>
         <load_address>0x849e</load_address>
         <run_address>0x849e</run_address>
         <size>0xa</size>
         <input_file_ref idref="fl-5"/>
      </object_component>
      <object_component id="oc-165">
         <name>.text:EPWM2_TZ_ISR</name>
         <load_address>0x84a8</load_address>
         <run_address>0x84a8</run_address>
         <size>0xa</size>
         <input_file_ref idref="fl-5"/>
      </object_component>
      <object_component id="oc-19b">
         <name>.text:EPWM3_ISR</name>
         <load_address>0x84b2</load_address>
         <run_address>0x84b2</run_address>
         <size>0xa</size>
         <input_file_ref idref="fl-5"/>
      </object_component>
      <object_component id="oc-16b">
         <name>.text:EPWM3_TZ_ISR</name>
         <load_address>0x84bc</load_address>
         <run_address>0x84bc</run_address>
         <size>0xa</size>
         <input_file_ref idref="fl-5"/>
      </object_component>
      <object_component id="oc-1a1">
         <name>.text:EPWM4_ISR</name>
         <load_address>0x84c6</load_address>
         <run_address>0x84c6</run_address>
         <size>0xa</size>
         <input_file_ref idref="fl-5"/>
      </object_component>
      <object_component id="oc-171">
         <name>.text:EPWM4_TZ_ISR</name>
         <load_address>0x84d0</load_address>
         <run_address>0x84d0</run_address>
         <size>0xa</size>
         <input_file_ref idref="fl-5"/>
      </object_component>
      <object_component id="oc-1a7">
         <name>.text:EPWM5_ISR</name>
         <load_address>0x84da</load_address>
         <run_address>0x84da</run_address>
         <size>0xa</size>
         <input_file_ref idref="fl-5"/>
      </object_component>
      <object_component id="oc-177">
         <name>.text:EPWM5_TZ_ISR</name>
         <load_address>0x84e4</load_address>
         <run_address>0x84e4</run_address>
         <size>0xa</size>
         <input_file_ref idref="fl-5"/>
      </object_component>
      <object_component id="oc-1ad">
         <name>.text:EPWM6_ISR</name>
         <load_address>0x84ee</load_address>
         <run_address>0x84ee</run_address>
         <size>0xa</size>
         <input_file_ref idref="fl-5"/>
      </object_component>
      <object_component id="oc-17d">
         <name>.text:EPWM6_TZ_ISR</name>
         <load_address>0x84f8</load_address>
         <run_address>0x84f8</run_address>
         <size>0xa</size>
         <input_file_ref idref="fl-5"/>
      </object_component>
      <object_component id="oc-1b3">
         <name>.text:EPWM7_ISR</name>
         <load_address>0x8502</load_address>
         <run_address>0x8502</run_address>
         <size>0xa</size>
         <input_file_ref idref="fl-5"/>
      </object_component>
      <object_component id="oc-183">
         <name>.text:EPWM7_TZ_ISR</name>
         <load_address>0x850c</load_address>
         <run_address>0x850c</run_address>
         <size>0xa</size>
         <input_file_ref idref="fl-5"/>
      </object_component>
      <object_component id="oc-1b9">
         <name>.text:EPWM8_ISR</name>
         <load_address>0x8516</load_address>
         <run_address>0x8516</run_address>
         <size>0xa</size>
         <input_file_ref idref="fl-5"/>
      </object_component>
      <object_component id="oc-189">
         <name>.text:EPWM8_TZ_ISR</name>
         <load_address>0x8520</load_address>
         <run_address>0x8520</run_address>
         <size>0xa</size>
         <input_file_ref idref="fl-5"/>
      </object_component>
      <object_component id="oc-369">
         <name>.text:EPWM9_ISR</name>
         <load_address>0x852a</load_address>
         <run_address>0x852a</run_address>
         <size>0xa</size>
         <input_file_ref idref="fl-5"/>
      </object_component>
      <object_component id="oc-351">
         <name>.text:EPWM9_TZ_ISR</name>
         <load_address>0x8534</load_address>
         <run_address>0x8534</run_address>
         <size>0xa</size>
         <input_file_ref idref="fl-5"/>
      </object_component>
      <object_component id="oc-1f5">
         <name>.text:EQEP1_ISR</name>
         <load_address>0x853e</load_address>
         <run_address>0x853e</run_address>
         <size>0xa</size>
         <input_file_ref idref="fl-5"/>
      </object_component>
      <object_component id="oc-1fb">
         <name>.text:EQEP2_ISR</name>
         <load_address>0x8548</load_address>
         <run_address>0x8548</run_address>
         <size>0xa</size>
         <input_file_ref idref="fl-5"/>
      </object_component>
      <object_component id="oc-201">
         <name>.text:EQEP3_ISR</name>
         <load_address>0x8552</load_address>
         <run_address>0x8552</run_address>
         <size>0xa</size>
         <input_file_ref idref="fl-5"/>
      </object_component>
      <object_component id="oc-32d">
         <name>.text:FPU_OFLOW_ISR</name>
         <load_address>0x855c</load_address>
         <run_address>0x855c</run_address>
         <size>0xa</size>
         <input_file_ref idref="fl-5"/>
      </object_component>
      <object_component id="oc-333">
         <name>.text:FPU_UFLOW_ISR</name>
         <load_address>0x8566</load_address>
         <run_address>0x8566</run_address>
         <size>0xa</size>
         <input_file_ref idref="fl-5"/>
      </object_component>
      <object_component id="oc-261">
         <name>.text:I2CA_FIFO_ISR</name>
         <load_address>0x8570</load_address>
         <run_address>0x8570</run_address>
         <size>0xa</size>
         <input_file_ref idref="fl-5"/>
      </object_component>
      <object_component id="oc-25b">
         <name>.text:I2CA_ISR</name>
         <load_address>0x857a</load_address>
         <run_address>0x857a</run_address>
         <size>0xa</size>
         <input_file_ref idref="fl-5"/>
      </object_component>
      <object_component id="oc-26d">
         <name>.text:I2CB_FIFO_ISR</name>
         <load_address>0x8584</load_address>
         <run_address>0x8584</run_address>
         <size>0xa</size>
         <input_file_ref idref="fl-5"/>
      </object_component>
      <object_component id="oc-267">
         <name>.text:I2CB_ISR</name>
         <load_address>0x858e</load_address>
         <run_address>0x858e</run_address>
         <size>0xa</size>
         <input_file_ref idref="fl-5"/>
      </object_component>
      <object_component id="oc-e1">
         <name>.text:ILLEGAL_ISR</name>
         <load_address>0x8598</load_address>
         <run_address>0x8598</run_address>
         <size>0xa</size>
         <input_file_ref idref="fl-5"/>
      </object_component>
      <object_component id="oc-21f">
         <name>.text:MCBSPA_RX_ISR</name>
         <load_address>0x85a2</load_address>
         <run_address>0x85a2</run_address>
         <size>0xa</size>
         <input_file_ref idref="fl-5"/>
      </object_component>
      <object_component id="oc-225">
         <name>.text:MCBSPA_TX_ISR</name>
         <load_address>0x85ac</load_address>
         <run_address>0x85ac</run_address>
         <size>0xa</size>
         <input_file_ref idref="fl-5"/>
      </object_component>
      <object_component id="oc-22b">
         <name>.text:MCBSPB_RX_ISR</name>
         <load_address>0x85b6</load_address>
         <run_address>0x85b6</run_address>
         <size>0xa</size>
         <input_file_ref idref="fl-5"/>
      </object_component>
      <object_component id="oc-231">
         <name>.text:MCBSPB_TX_ISR</name>
         <load_address>0x85c0</load_address>
         <run_address>0x85c0</run_address>
         <size>0xa</size>
         <input_file_ref idref="fl-5"/>
      </object_component>
      <object_component id="oc-db">
         <name>.text:NMI_ISR</name>
         <load_address>0x85ca</load_address>
         <run_address>0x85ca</run_address>
         <size>0xa</size>
         <input_file_ref idref="fl-5"/>
      </object_component>
      <object_component id="oc-3ed">
         <name>.text:NOTUSED_ISR</name>
         <load_address>0x85d4</load_address>
         <run_address>0x85d4</run_address>
         <size>0xa</size>
         <input_file_ref idref="fl-5"/>
      </object_component>
      <object_component id="oc-3e1">
         <name>.text:PIE_RESERVED_ISR</name>
         <load_address>0x85de</load_address>
         <run_address>0x85de</run_address>
         <size>0xa</size>
         <input_file_ref idref="fl-5"/>
      </object_component>
      <object_component id="oc-cf">
         <name>.text:RTOS_ISR</name>
         <load_address>0x85e8</load_address>
         <run_address>0x85e8</run_address>
         <size>0xa</size>
         <input_file_ref idref="fl-5"/>
      </object_component>
      <object_component id="oc-28b">
         <name>.text:SCIA_RX_ISR</name>
         <load_address>0x85f2</load_address>
         <run_address>0x85f2</run_address>
         <size>0xa</size>
         <input_file_ref idref="fl-5"/>
      </object_component>
      <object_component id="oc-291">
         <name>.text:SCIA_TX_ISR</name>
         <load_address>0x85fc</load_address>
         <run_address>0x85fc</run_address>
         <size>0xa</size>
         <input_file_ref idref="fl-5"/>
      </object_component>
      <object_component id="oc-297">
         <name>.text:SCIB_RX_ISR</name>
         <load_address>0x8606</load_address>
         <run_address>0x8606</run_address>
         <size>0xa</size>
         <input_file_ref idref="fl-5"/>
      </object_component>
      <object_component id="oc-29d">
         <name>.text:SCIB_TX_ISR</name>
         <load_address>0x8610</load_address>
         <run_address>0x8610</run_address>
         <size>0xa</size>
         <input_file_ref idref="fl-5"/>
      </object_component>
      <object_component id="oc-273">
         <name>.text:SCIC_RX_ISR</name>
         <load_address>0x861a</load_address>
         <run_address>0x861a</run_address>
         <size>0xa</size>
         <input_file_ref idref="fl-5"/>
      </object_component>
      <object_component id="oc-279">
         <name>.text:SCIC_TX_ISR</name>
         <load_address>0x8624</load_address>
         <run_address>0x8624</run_address>
         <size>0xa</size>
         <input_file_ref idref="fl-5"/>
      </object_component>
      <object_component id="oc-27f">
         <name>.text:SCID_RX_ISR</name>
         <load_address>0x862e</load_address>
         <run_address>0x862e</run_address>
         <size>0xa</size>
         <input_file_ref idref="fl-5"/>
      </object_component>
      <object_component id="oc-285">
         <name>.text:SCID_TX_ISR</name>
         <load_address>0x8638</load_address>
         <run_address>0x8638</run_address>
         <size>0xa</size>
         <input_file_ref idref="fl-5"/>
      </object_component>
      <object_component id="oc-381">
         <name>.text:SDFM1_ISR</name>
         <load_address>0x8642</load_address>
         <run_address>0x8642</run_address>
         <size>0xa</size>
         <input_file_ref idref="fl-5"/>
      </object_component>
      <object_component id="oc-387">
         <name>.text:SDFM2_ISR</name>
         <load_address>0x864c</load_address>
         <run_address>0x864c</run_address>
         <size>0xa</size>
         <input_file_ref idref="fl-5"/>
      </object_component>
      <object_component id="oc-207">
         <name>.text:SPIA_RX_ISR</name>
         <load_address>0x8656</load_address>
         <run_address>0x8656</run_address>
         <size>0xa</size>
         <input_file_ref idref="fl-5"/>
      </object_component>
      <object_component id="oc-20d">
         <name>.text:SPIA_TX_ISR</name>
         <load_address>0x8660</load_address>
         <run_address>0x8660</run_address>
         <size>0xa</size>
         <input_file_ref idref="fl-5"/>
      </object_component>
      <object_component id="oc-213">
         <name>.text:SPIB_RX_ISR</name>
         <load_address>0x866a</load_address>
         <run_address>0x866a</run_address>
         <size>0xa</size>
         <input_file_ref idref="fl-5"/>
      </object_component>
      <object_component id="oc-219">
         <name>.text:SPIB_TX_ISR</name>
         <load_address>0x8674</load_address>
         <run_address>0x8674</run_address>
         <size>0xa</size>
         <input_file_ref idref="fl-5"/>
      </object_component>
      <object_component id="oc-38d">
         <name>.text:SPIC_RX_ISR</name>
         <load_address>0x867e</load_address>
         <run_address>0x867e</run_address>
         <size>0xa</size>
         <input_file_ref idref="fl-5"/>
      </object_component>
      <object_component id="oc-393">
         <name>.text:SPIC_TX_ISR</name>
         <load_address>0x8688</load_address>
         <run_address>0x8688</run_address>
         <size>0xa</size>
         <input_file_ref idref="fl-5"/>
      </object_component>
      <object_component id="oc-153">
         <name>.text:TIMER0_ISR</name>
         <load_address>0x8692</load_address>
         <run_address>0x8692</run_address>
         <size>0xa</size>
         <input_file_ref idref="fl-5"/>
      </object_component>
      <object_component id="oc-ba">
         <name>.text:TIMER1_ISR</name>
         <load_address>0x869c</load_address>
         <run_address>0x869c</run_address>
         <size>0xa</size>
         <input_file_ref idref="fl-5"/>
      </object_component>
      <object_component id="oc-c3">
         <name>.text:TIMER2_ISR</name>
         <load_address>0x86a6</load_address>
         <run_address>0x86a6</run_address>
         <size>0xa</size>
         <input_file_ref idref="fl-5"/>
      </object_component>
      <object_component id="oc-399">
         <name>.text:USBA_ISR</name>
         <load_address>0x86b0</load_address>
         <run_address>0x86b0</run_address>
         <size>0xa</size>
         <input_file_ref idref="fl-5"/>
      </object_component>
      <object_component id="oc-11d">
         <name>.text:USER10_ISR</name>
         <load_address>0x86ba</load_address>
         <run_address>0x86ba</run_address>
         <size>0xa</size>
         <input_file_ref idref="fl-5"/>
      </object_component>
      <object_component id="oc-123">
         <name>.text:USER11_ISR</name>
         <load_address>0x86c4</load_address>
         <run_address>0x86c4</run_address>
         <size>0xa</size>
         <input_file_ref idref="fl-5"/>
      </object_component>
      <object_component id="oc-129">
         <name>.text:USER12_ISR</name>
         <load_address>0x86ce</load_address>
         <run_address>0x86ce</run_address>
         <size>0xa</size>
         <input_file_ref idref="fl-5"/>
      </object_component>
      <object_component id="oc-e7">
         <name>.text:USER1_ISR</name>
         <load_address>0x86d8</load_address>
         <run_address>0x86d8</run_address>
         <size>0xa</size>
         <input_file_ref idref="fl-5"/>
      </object_component>
      <object_component id="oc-ed">
         <name>.text:USER2_ISR</name>
         <load_address>0x86e2</load_address>
         <run_address>0x86e2</run_address>
         <size>0xa</size>
         <input_file_ref idref="fl-5"/>
      </object_component>
      <object_component id="oc-f3">
         <name>.text:USER3_ISR</name>
         <load_address>0x86ec</load_address>
         <run_address>0x86ec</run_address>
         <size>0xa</size>
         <input_file_ref idref="fl-5"/>
      </object_component>
      <object_component id="oc-f9">
         <name>.text:USER4_ISR</name>
         <load_address>0x86f6</load_address>
         <run_address>0x86f6</run_address>
         <size>0xa</size>
         <input_file_ref idref="fl-5"/>
      </object_component>
      <object_component id="oc-ff">
         <name>.text:USER5_ISR</name>
         <load_address>0x8700</load_address>
         <run_address>0x8700</run_address>
         <size>0xa</size>
         <input_file_ref idref="fl-5"/>
      </object_component>
      <object_component id="oc-105">
         <name>.text:USER6_ISR</name>
         <load_address>0x870a</load_address>
         <run_address>0x870a</run_address>
         <size>0xa</size>
         <input_file_ref idref="fl-5"/>
      </object_component>
      <object_component id="oc-10b">
         <name>.text:USER7_ISR</name>
         <load_address>0x8714</load_address>
         <run_address>0x8714</run_address>
         <size>0xa</size>
         <input_file_ref idref="fl-5"/>
      </object_component>
      <object_component id="oc-111">
         <name>.text:USER8_ISR</name>
         <load_address>0x871e</load_address>
         <run_address>0x871e</run_address>
         <size>0xa</size>
         <input_file_ref idref="fl-5"/>
      </object_component>
      <object_component id="oc-117">
         <name>.text:USER9_ISR</name>
         <load_address>0x8728</load_address>
         <run_address>0x8728</run_address>
         <size>0xa</size>
         <input_file_ref idref="fl-5"/>
      </object_component>
      <object_component id="oc-159">
         <name>.text:WAKE_ISR</name>
         <load_address>0x8732</load_address>
         <run_address>0x8732</run_address>
         <size>0xa</size>
         <input_file_ref idref="fl-5"/>
      </object_component>
      <object_component id="oc-141">
         <name>.text:XINT1_ISR</name>
         <load_address>0x873c</load_address>
         <run_address>0x873c</run_address>
         <size>0xa</size>
         <input_file_ref idref="fl-5"/>
      </object_component>
      <object_component id="oc-147">
         <name>.text:XINT2_ISR</name>
         <load_address>0x8746</load_address>
         <run_address>0x8746</run_address>
         <size>0xa</size>
         <input_file_ref idref="fl-5"/>
      </object_component>
      <object_component id="oc-31b">
         <name>.text:XINT3_ISR</name>
         <load_address>0x8750</load_address>
         <run_address>0x8750</run_address>
         <size>0xa</size>
         <input_file_ref idref="fl-5"/>
      </object_component>
      <object_component id="oc-321">
         <name>.text:XINT4_ISR</name>
         <load_address>0x875a</load_address>
         <run_address>0x875a</run_address>
         <size>0xa</size>
         <input_file_ref idref="fl-5"/>
      </object_component>
      <object_component id="oc-327">
         <name>.text:XINT5_ISR</name>
         <load_address>0x8764</load_address>
         <run_address>0x8764</run_address>
         <size>0xa</size>
         <input_file_ref idref="fl-5"/>
      </object_component>
      <object_component id="oc-72e">
         <name>.text</name>
         <load_address>0x876e</load_address>
         <run_address>0x876e</run_address>
         <size>0x9</size>
         <input_file_ref idref="fl-49"/>
      </object_component>
      <object_component id="oc-741">
         <name>.text:SysCtl_disableWatchdog</name>
         <load_address>0x8777</load_address>
         <run_address>0x8777</run_address>
         <size>0x8</size>
         <input_file_ref idref="fl-3"/>
      </object_component>
      <object_component id="oc-ae">
         <name>.text:decompress:none</name>
         <load_address>0x877f</load_address>
         <run_address>0x877f</run_address>
         <size>0x8</size>
         <input_file_ref idref="fl-46"/>
      </object_component>
      <object_component id="oc-8ed">
         <name>.text:SysCtl_resetMCD</name>
         <load_address>0x8787</load_address>
         <run_address>0x8787</run_address>
         <size>0x7</size>
         <input_file_ref idref="fl-2b"/>
      </object_component>
      <object_component id="oc-76c">
         <name>.text:__error__</name>
         <load_address>0x878e</load_address>
         <run_address>0x878e</run_address>
         <size>0x7</size>
         <input_file_ref idref="fl-3"/>
      </object_component>
      <object_component id="oc-67c">
         <name>.text</name>
         <load_address>0x8795</load_address>
         <run_address>0x8795</run_address>
         <size>0x2</size>
         <input_file_ref idref="fl-43"/>
      </object_component>
      <object_component id="oc-784">
         <name>.text:Device_enableAllPeripherals</name>
         <load_address>0xc000</load_address>
         <run_address>0xc000</run_address>
         <size>0x163</size>
         <input_file_ref idref="fl-3"/>
      </object_component>
      <object_component id="oc-74d">
         <name>.text:SysCtl_setClock</name>
         <load_address>0xc163</load_address>
         <run_address>0xc163</run_address>
         <size>0x138</size>
         <input_file_ref idref="fl-2b"/>
      </object_component>
      <object_component id="oc-847">
         <name>.text:SysCtl_isPLLValid</name>
         <load_address>0xc29b</load_address>
         <run_address>0xc29b</run_address>
         <size>0x11b</size>
         <input_file_ref idref="fl-2b"/>
      </object_component>
      <object_component id="oc-759">
         <name>.text:SysCtl_setAuxClock</name>
         <load_address>0xc3b6</load_address>
         <run_address>0xc3b6</run_address>
         <size>0x117</size>
         <input_file_ref idref="fl-2b"/>
      </object_component>
      <object_component id="oc-747">
         <name>.text:Device_verifyXTAL</name>
         <load_address>0xc4cd</load_address>
         <run_address>0xc4cd</run_address>
         <size>0xbb</size>
         <input_file_ref idref="fl-3"/>
      </object_component>
      <object_component id="oc-778">
         <name>.text:SysCtl_getAuxClock</name>
         <load_address>0xc588</load_address>
         <run_address>0xc588</run_address>
         <size>0x93</size>
         <input_file_ref idref="fl-2b"/>
      </object_component>
      <object_component id="oc-7d3">
         <name>.text</name>
         <load_address>0xc61b</load_address>
         <run_address>0xc61b</run_address>
         <size>0x88</size>
         <input_file_ref idref="fl-42"/>
      </object_component>
      <object_component id="oc-765">
         <name>.text:SysCtl_getClock</name>
         <load_address>0xc6a3</load_address>
         <run_address>0xc6a3</run_address>
         <size>0x73</size>
         <input_file_ref idref="fl-2b"/>
      </object_component>
      <object_component id="oc-713">
         <name>.text:GPIO_setPadConfig</name>
         <load_address>0xc716</load_address>
         <run_address>0xc716</run_address>
         <size>0x71</size>
         <input_file_ref idref="fl-1f"/>
      </object_component>
      <object_component id="oc-6fb">
         <name>.text:Device_init</name>
         <load_address>0xc787</load_address>
         <run_address>0xc787</run_address>
         <size>0x57</size>
         <input_file_ref idref="fl-3"/>
      </object_component>
      <object_component id="oc-701">
         <name>.text:Device_initGPIO</name>
         <load_address>0xc7de</load_address>
         <run_address>0xc7de</run_address>
         <size>0x21</size>
         <input_file_ref idref="fl-3"/>
      </object_component>
      <object_component id="oc-6e6">
         <name>.text</name>
         <load_address>0xc7ff</load_address>
         <run_address>0xc7ff</run_address>
         <size>0x1</size>
         <input_file_ref idref="fl-4e"/>
      </object_component>
      <object_component id="oc-808">
         <name>.text:DCC_setCounterSeeds</name>
         <load_address>0xc800</load_address>
         <run_address>0xc800</run_address>
         <size>0x56</size>
         <input_file_ref idref="fl-3"/>
      </object_component>
      <object_component id="oc-8ce">
         <name>.text:DCC_setCounterSeeds</name>
         <load_address>0xc856</load_address>
         <run_address>0xc856</run_address>
         <size>0x56</size>
         <input_file_ref idref="fl-2b"/>
      </object_component>
      <object_component id="oc-83b">
         <name>.text:SysCtl_selectOscSource</name>
         <load_address>0xc8ac</load_address>
         <run_address>0xc8ac</run_address>
         <size>0x54</size>
         <input_file_ref idref="fl-2b"/>
      </object_component>
      <object_component id="oc-719">
         <name>.text:GPIO_setDirectionMode</name>
         <load_address>0xc900</load_address>
         <run_address>0xc900</run_address>
         <size>0x50</size>
         <input_file_ref idref="fl-1f"/>
      </object_component>
      <object_component id="oc-850">
         <name>.text:SysCtl_selectOscSourceAuxPLL</name>
         <load_address>0xc950</load_address>
         <run_address>0xc950</run_address>
         <size>0x47</size>
         <input_file_ref idref="fl-2b"/>
      </object_component>
      <object_component id="oc-707">
         <name>.text:Interrupt_initModule</name>
         <load_address>0xc997</load_address>
         <run_address>0xc997</run_address>
         <size>0x3d</size>
         <input_file_ref idref="fl-23"/>
      </object_component>
      <object_component id="oc-a8">
         <name>.text:decompress:lzss</name>
         <load_address>0xc9d4</load_address>
         <run_address>0xc9d4</run_address>
         <size>0x31</size>
         <input_file_ref idref="fl-47"/>
      </object_component>
      <object_component id="oc-6a0">
         <name>.text:__TI_auto_init_nobinit_nopinit</name>
         <load_address>0xca05</load_address>
         <run_address>0xca05</run_address>
         <size>0x2b</size>
         <input_file_ref idref="fl-44"/>
      </object_component>
      <object_component id="oc-6d0">
         <name>.text:main</name>
         <load_address>0xca30</load_address>
         <run_address>0xca30</run_address>
         <size>0x2b</size>
         <input_file_ref idref="fl-2"/>
      </object_component>
      <object_component id="oc-8e4">
         <name>.text:SysCtl_pollX1Counter</name>
         <load_address>0xca5b</load_address>
         <run_address>0xca5b</run_address>
         <size>0x2a</size>
         <input_file_ref idref="fl-2b"/>
      </object_component>
      <object_component id="oc-689">
         <name>.text</name>
         <load_address>0xca85</load_address>
         <run_address>0xca85</run_address>
         <size>0x29</size>
         <input_file_ref idref="fl-48"/>
      </object_component>
      <object_component id="oc-80e">
         <name>.text:DCC_enableSingleShotMode</name>
         <load_address>0xcaae</load_address>
         <run_address>0xcaae</run_address>
         <size>0x25</size>
         <input_file_ref idref="fl-3"/>
      </object_component>
      <object_component id="oc-8d4">
         <name>.text:DCC_enableSingleShotMode</name>
         <load_address>0xcad3</load_address>
         <run_address>0xcad3</run_address>
         <size>0x25</size>
         <input_file_ref idref="fl-2b"/>
      </object_component>
      <object_component id="oc-772">
         <name>.text:SysCtl_getLowSpeedClock</name>
         <load_address>0xcaf8</load_address>
         <run_address>0xcaf8</run_address>
         <size>0x24</size>
         <input_file_ref idref="fl-2b"/>
      </object_component>
      <object_component id="oc-890">
         <name>.text:SysCtl_selectXTAL</name>
         <load_address>0xcb1c</load_address>
         <run_address>0xcb1c</run_address>
         <size>0x24</size>
         <input_file_ref idref="fl-2b"/>
      </object_component>
      <object_component id="oc-70d">
         <name>.text:Interrupt_initVectorTable</name>
         <load_address>0xcb40</load_address>
         <run_address>0xcb40</run_address>
         <size>0x20</size>
         <input_file_ref idref="fl-23"/>
      </object_component>
      <object_component id="oc-7fc">
         <name>.text:DCC_setCounter0ClkSource</name>
         <load_address>0xcb60</load_address>
         <run_address>0xcb60</run_address>
         <size>0x1f</size>
         <input_file_ref idref="fl-3"/>
      </object_component>
      <object_component id="oc-8c2">
         <name>.text:DCC_setCounter0ClkSource</name>
         <load_address>0xcb7f</load_address>
         <run_address>0xcb7f</run_address>
         <size>0x1f</size>
         <input_file_ref idref="fl-2b"/>
      </object_component>
      <object_component id="oc-802">
         <name>.text:DCC_setCounter1ClkSource</name>
         <load_address>0xcb9e</load_address>
         <run_address>0xcb9e</run_address>
         <size>0x1f</size>
         <input_file_ref idref="fl-3"/>
      </object_component>
      <object_component id="oc-8c8">
         <name>.text:DCC_setCounter1ClkSource</name>
         <load_address>0xcbbd</load_address>
         <run_address>0xcbbd</run_address>
         <size>0x1f</size>
         <input_file_ref idref="fl-2b"/>
      </object_component>
      <object_component id="oc-82c">
         <name>.text:DCC_getErrorStatus</name>
         <load_address>0xcbdc</load_address>
         <run_address>0xcbdc</run_address>
         <size>0x1d</size>
         <input_file_ref idref="fl-3"/>
      </object_component>
      <object_component id="oc-826">
         <name>.text:DCC_getSingleShotStatus</name>
         <load_address>0xcbf9</load_address>
         <run_address>0xcbf9</run_address>
         <size>0x1d</size>
         <input_file_ref idref="fl-3"/>
      </object_component>
      <object_component id="oc-582">
         <name>.text</name>
         <load_address>0xcc16</load_address>
         <run_address>0xcc16</run_address>
         <size>0x1d</size>
         <input_file_ref idref="fl-4d"/>
      </object_component>
      <object_component id="oc-87b">
         <name>.text:DCC_isBaseValid</name>
         <load_address>0xcc33</load_address>
         <run_address>0xcc33</run_address>
         <size>0x1a</size>
         <input_file_ref idref="fl-3"/>
      </object_component>
      <object_component id="oc-8f6">
         <name>.text:DCC_isBaseValid</name>
         <load_address>0xcc4d</load_address>
         <run_address>0xcc4d</run_address>
         <size>0x1a</size>
         <input_file_ref idref="fl-2b"/>
      </object_component>
      <object_component id="oc-896">
         <name>.text:SysCtl_selectXTALSingleEnded</name>
         <load_address>0xcc67</load_address>
         <run_address>0xcc67</run_address>
         <size>0x1a</size>
         <input_file_ref idref="fl-2b"/>
      </object_component>
      <object_component id="oc-596">
         <name>.text</name>
         <load_address>0xcc81</load_address>
         <run_address>0xcc81</run_address>
         <size>0x19</size>
         <input_file_ref idref="fl-41"/>
      </object_component>
      <object_component id="oc-7f6">
         <name>.text:DCC_disableDoneSignal</name>
         <load_address>0xcc9a</load_address>
         <run_address>0xcc9a</run_address>
         <size>0x17</size>
         <input_file_ref idref="fl-3"/>
      </object_component>
      <object_component id="oc-8bc">
         <name>.text:DCC_disableDoneSignal</name>
         <load_address>0xccb1</load_address>
         <run_address>0xccb1</run_address>
         <size>0x17</size>
         <input_file_ref idref="fl-2b"/>
      </object_component>
      <object_component id="oc-81a">
         <name>.text:DCC_enableDoneSignal</name>
         <load_address>0xccc8</load_address>
         <run_address>0xccc8</run_address>
         <size>0x17</size>
         <input_file_ref idref="fl-3"/>
      </object_component>
      <object_component id="oc-862">
         <name>.text:Device_enableUnbondedGPIOPullupsFor176Pin</name>
         <load_address>0xccdf</load_address>
         <run_address>0xccdf</run_address>
         <size>0x17</size>
         <input_file_ref idref="fl-3"/>
      </object_component>
      <object_component id="oc-7d8">
         <name>.text:SysCtl_enablePeripheral</name>
         <load_address>0xccf6</load_address>
         <run_address>0xccf6</run_address>
         <size>0x17</size>
         <input_file_ref idref="fl-3"/>
      </object_component>
      <object_component id="oc-89e">
         <name>.text:SysCtl_enablePeripheral</name>
         <load_address>0xcd0d</load_address>
         <run_address>0xcd0d</run_address>
         <size>0x17</size>
         <input_file_ref idref="fl-2b"/>
      </object_component>
      <object_component id="oc-7e4">
         <name>.text:DCC_clearDoneFlag</name>
         <load_address>0xcd24</load_address>
         <run_address>0xcd24</run_address>
         <size>0x16</size>
         <input_file_ref idref="fl-3"/>
      </object_component>
      <object_component id="oc-8aa">
         <name>.text:DCC_clearDoneFlag</name>
         <load_address>0xcd3a</load_address>
         <run_address>0xcd3a</run_address>
         <size>0x16</size>
         <input_file_ref idref="fl-2b"/>
      </object_component>
      <object_component id="oc-7de">
         <name>.text:DCC_clearErrorFlag</name>
         <load_address>0xcd50</load_address>
         <run_address>0xcd50</run_address>
         <size>0x16</size>
         <input_file_ref idref="fl-3"/>
      </object_component>
      <object_component id="oc-8a4">
         <name>.text:DCC_clearErrorFlag</name>
         <load_address>0xcd66</load_address>
         <run_address>0xcd66</run_address>
         <size>0x16</size>
         <input_file_ref idref="fl-2b"/>
      </object_component>
      <object_component id="oc-7f0">
         <name>.text:DCC_disableErrorSignal</name>
         <load_address>0xcd7c</load_address>
         <run_address>0xcd7c</run_address>
         <size>0x16</size>
         <input_file_ref idref="fl-3"/>
      </object_component>
      <object_component id="oc-8b6">
         <name>.text:DCC_disableErrorSignal</name>
         <load_address>0xcd92</load_address>
         <run_address>0xcd92</run_address>
         <size>0x16</size>
         <input_file_ref idref="fl-2b"/>
      </object_component>
      <object_component id="oc-814">
         <name>.text:DCC_enableErrorSignal</name>
         <load_address>0xcda8</load_address>
         <run_address>0xcda8</run_address>
         <size>0x16</size>
         <input_file_ref idref="fl-3"/>
      </object_component>
      <object_component id="oc-78c">
         <name>.text:GPIO_unlockPortConfig</name>
         <load_address>0xcdbe</load_address>
         <run_address>0xcdbe</run_address>
         <size>0x15</size>
         <input_file_ref idref="fl-3"/>
      </object_component>
      <object_component id="oc-7ea">
         <name>.text:DCC_disableModule</name>
         <load_address>0xcdd3</load_address>
         <run_address>0xcdd3</run_address>
         <size>0x14</size>
         <input_file_ref idref="fl-3"/>
      </object_component>
      <object_component id="oc-8b0">
         <name>.text:DCC_disableModule</name>
         <load_address>0xcde7</load_address>
         <run_address>0xcde7</run_address>
         <size>0x14</size>
         <input_file_ref idref="fl-2b"/>
      </object_component>
      <object_component id="oc-820">
         <name>.text:DCC_enableModule</name>
         <load_address>0xcdfb</load_address>
         <run_address>0xcdfb</run_address>
         <size>0x14</size>
         <input_file_ref idref="fl-3"/>
      </object_component>
      <object_component id="oc-8da">
         <name>.text:DCC_enableModule</name>
         <load_address>0xce0f</load_address>
         <run_address>0xce0f</run_address>
         <size>0x14</size>
         <input_file_ref idref="fl-2b"/>
      </object_component>
      <object_component id="oc-77e">
         <name>.text:SysCtl_deviceCal</name>
         <load_address>0xce23</load_address>
         <run_address>0xce23</run_address>
         <size>0x14</size>
         <input_file_ref idref="fl-3"/>
      </object_component>
      <object_component id="oc-792">
         <name>.text:Device_enableUnbondedGPIOPullups</name>
         <load_address>0xce37</load_address>
         <run_address>0xce37</run_address>
         <size>0x11</size>
         <input_file_ref idref="fl-3"/>
      </object_component>
      <object_component id="oc-75f">
         <name>.text:SysCtl_setCMClk</name>
         <load_address>0xce48</load_address>
         <run_address>0xce48</run_address>
         <size>0x11</size>
         <input_file_ref idref="fl-3"/>
      </object_component>
      <object_component id="oc-7b4">
         <name>.text:GPIO_isPinValid</name>
         <load_address>0xce59</load_address>
         <run_address>0xce59</run_address>
         <size>0xe</size>
         <input_file_ref idref="fl-1f"/>
      </object_component>
      <object_component id="oc-7a1">
         <name>.text:Interrupt_defaultHandler</name>
         <load_address>0xce67</load_address>
         <run_address>0xce67</run_address>
         <size>0xe</size>
         <input_file_ref idref="fl-23"/>
      </object_component>
      <object_component id="oc-753">
         <name>.text:SysCtl_setLowSpeedClock</name>
         <load_address>0xce75</load_address>
         <run_address>0xce75</run_address>
         <size>0xe</size>
         <input_file_ref idref="fl-3"/>
      </object_component>
      <object_component id="oc-3f3">
         <name>.text:CLA1CRC_INT_ISR</name>
         <load_address>0xce83</load_address>
         <run_address>0xce83</run_address>
         <size>0xd</size>
         <input_file_ref idref="fl-5"/>
      </object_component>
      <object_component id="oc-3f9">
         <name>.text:CLB1_ISR</name>
         <load_address>0xce90</load_address>
         <run_address>0xce90</run_address>
         <size>0xd</size>
         <input_file_ref idref="fl-5"/>
      </object_component>
      <object_component id="oc-3ff">
         <name>.text:CLB2_ISR</name>
         <load_address>0xce9d</load_address>
         <run_address>0xce9d</run_address>
         <size>0xd</size>
         <input_file_ref idref="fl-5"/>
      </object_component>
      <object_component id="oc-405">
         <name>.text:CLB3_ISR</name>
         <load_address>0xceaa</load_address>
         <run_address>0xceaa</run_address>
         <size>0xd</size>
         <input_file_ref idref="fl-5"/>
      </object_component>
      <object_component id="oc-40b">
         <name>.text:CLB4_ISR</name>
         <load_address>0xceb7</load_address>
         <run_address>0xceb7</run_address>
         <size>0xd</size>
         <input_file_ref idref="fl-5"/>
      </object_component>
      <object_component id="oc-43b">
         <name>.text:CMTOCPUXIPC0_ISR</name>
         <load_address>0xcec4</load_address>
         <run_address>0xcec4</run_address>
         <size>0xd</size>
         <input_file_ref idref="fl-5"/>
      </object_component>
      <object_component id="oc-411">
         <name>.text:CMTOCPUXIPC1_ISR</name>
         <load_address>0xced1</load_address>
         <run_address>0xced1</run_address>
         <size>0xd</size>
         <input_file_ref idref="fl-5"/>
      </object_component>
      <object_component id="oc-417">
         <name>.text:CMTOCPUXIPC2_ISR</name>
         <load_address>0xcede</load_address>
         <run_address>0xcede</run_address>
         <size>0xd</size>
         <input_file_ref idref="fl-5"/>
      </object_component>
      <object_component id="oc-41d">
         <name>.text:CMTOCPUXIPC3_ISR</name>
         <load_address>0xceeb</load_address>
         <run_address>0xceeb</run_address>
         <size>0xd</size>
         <input_file_ref idref="fl-5"/>
      </object_component>
      <object_component id="oc-423">
         <name>.text:CMTOCPUXIPC4_ISR</name>
         <load_address>0xcef8</load_address>
         <run_address>0xcef8</run_address>
         <size>0xd</size>
         <input_file_ref idref="fl-5"/>
      </object_component>
      <object_component id="oc-429">
         <name>.text:CMTOCPUXIPC5_ISR</name>
         <load_address>0xcf05</load_address>
         <run_address>0xcf05</run_address>
         <size>0xd</size>
         <input_file_ref idref="fl-5"/>
      </object_component>
      <object_component id="oc-42f">
         <name>.text:CMTOCPUXIPC6_ISR</name>
         <load_address>0xcf12</load_address>
         <run_address>0xcf12</run_address>
         <size>0xd</size>
         <input_file_ref idref="fl-5"/>
      </object_component>
      <object_component id="oc-435">
         <name>.text:CMTOCPUXIPC7_ISR</name>
         <load_address>0xcf1f</load_address>
         <run_address>0xcf1f</run_address>
         <size>0xd</size>
[...]
      <symbol id="sm-867">
         <name>CLA1_1_ISR</name>
         <value>0x8336</value>
         <object_component_ref idref="oc-2eb"/>
      </symbol>
      <symbol id="sm-868">
         <name>USER9_ISR</name>
         <value>0x8728</value>
         <object_component_ref idref="oc-117"/>
      </symbol>
      <symbol id="sm-869">
         <name>CLB3_ISR</name>
         <value>0xceaa</value>
         <object_component_ref idref="oc-405"/>
      </symbol>
      <symbol id="sm-86a">
         <name>ECAP2_ISR</name>
         <value>0x83ea</value>
         <object_component_ref idref="oc-1c5"/>
      </symbol>
      <symbol id="sm-86b">
         <name>EPWM5_TZ_ISR</name>
         <value>0x84e4</value>
         <object_component_ref idref="oc-177"/>
      </symbol>
      <symbol id="sm-86c">
         <name>I2CB_FIFO_ISR</name>
         <value>0x8584</value>
         <object_component_ref idref="oc-26d"/>
      </symbol>
      <symbol id="sm-86d">
         <name>CIPC2_ISR</name>
         <value>0x8322</value>
         <object_component_ref idref="oc-345"/>
      </symbol>
      <symbol id="sm-86e">
         <name>SDFM2DR4_ISR</name>
         <value>0x81c7</value>
         <object_component_ref idref="oc-459"/>
      </symbol>
      <symbol id="sm-86f">
         <name>DMA_CH1_ISR</name>
         <value>0x83a4</value>
         <object_component_ref idref="oc-237"/>
      </symbol>
      <symbol id="sm-870">
         <name>CMTOCPUXIPC1_ISR</name>
         <value>0xced1</value>
         <object_component_ref idref="oc-411"/>
      </symbol>
      <symbol id="sm-871">
         <name>CLA1_8_ISR</name>
         <value>0x837c</value>
         <object_component_ref idref="oc-315"/>
      </symbol>
      <symbol id="sm-872">
         <name>USER6_ISR</name>
         <value>0x870a</value>
         <object_component_ref idref="oc-105"/>
      </symbol>
      <symbol id="sm-873">
         <name>MCANSS_WAKE_AND_TS_PLS_ISR</name>
         <value>0x8145</value>
         <object_component_ref idref="oc-507"/>
      </symbol>
      <symbol id="sm-874">
         <name>MCANSS1_ISR</name>
         <value>0x812b</value>
         <object_component_ref idref="oc-56d"/>
      </symbol>
      <symbol id="sm-875">
         <name>CLA1_2_ISR</name>
         <value>0x8340</value>
         <object_component_ref idref="oc-2f1"/>
      </symbol>
      <symbol id="sm-876">
         <name>ECAT_ISR</name>
         <value>0xcf6d</value>
         <object_component_ref idref="oc-513"/>
      </symbol>
      <symbol id="sm-877">
         <name>EMIF_ERROR_ISR</name>
         <value>0x843a</value>
         <object_component_ref idref="oc-3cf"/>
      </symbol>
      <symbol id="sm-878">
         <name>USER8_ISR</name>
         <value>0x871e</value>
         <object_component_ref idref="oc-111"/>
      </symbol>
      <symbol id="sm-879">
         <name>CM_STATUS_ISR</name>
         <value>0xcf2c</value>
         <object_component_ref idref="oc-441"/>
      </symbol>
      <symbol id="sm-87a">
         <name>MCBSPB_RX_ISR</name>
         <value>0x85b6</value>
         <object_component_ref idref="oc-22b"/>
      </symbol>
      <symbol id="sm-87b">
         <name>MCBSPB_TX_ISR</name>
         <value>0x85c0</value>
         <object_component_ref idref="oc-231"/>
      </symbol>
      <symbol id="sm-87c">
         <name>CLB4_ISR</name>
         <value>0xceb7</value>
         <object_component_ref idref="oc-40b"/>
      </symbol>
      <symbol id="sm-87d">
         <name>SPIB_RX_ISR</name>
         <value>0x866a</value>
         <object_component_ref idref="oc-213"/>
      </symbol>
      <symbol id="sm-87e">
         <name>SPIB_TX_ISR</name>
         <value>0x8674</value>
         <object_component_ref idref="oc-219"/>
      </symbol>
      <symbol id="sm-87f">
         <name>ECAP3_ISR</name>
         <value>0x83f4</value>
         <object_component_ref idref="oc-1cb"/>
      </symbol>
      <symbol id="sm-880">
         <name>EPWM16_TZ_ISR</name>
         <value>0xcfe2</value>
         <object_component_ref idref="oc-555"/>
      </symbol>
      <symbol id="sm-881">
         <name>EPWM13_TZ_ISR</name>
         <value>0xcf94</value>
         <object_component_ref idref="oc-531"/>
      </symbol>
      <symbol id="sm-882">
         <name>EPWM1_ISR</name>
         <value>0x848a</value>
         <object_component_ref idref="oc-18f"/>
      </symbol>
      <symbol id="sm-883">
         <name>CIPC3_ISR</name>
         <value>0x832c</value>
         <object_component_ref idref="oc-34b"/>
      </symbol>
      <symbol id="sm-884">
         <name>DMA_CH2_ISR</name>
         <value>0x83ae</value>
         <object_component_ref idref="oc-23d"/>
      </symbol>
      <symbol id="sm-885">
         <name>USER12_ISR</name>
         <value>0x86ce</value>
         <object_component_ref idref="oc-129"/>
      </symbol>
      <symbol id="sm-886">
         <name>CMTOCPUXIPC0_ISR</name>
         <value>0xcec4</value>
         <object_component_ref idref="oc-43b"/>
      </symbol>
      <symbol id="sm-887">
         <name>EPWM16_ISR</name>
         <value>0xcfd5</value>
         <object_component_ref idref="oc-54f"/>
      </symbol>
      <symbol id="sm-888">
         <name>XINT3_ISR</name>
         <value>0x8750</value>
         <object_component_ref idref="oc-31b"/>
      </symbol>
      <symbol id="sm-889">
         <name>USER1_ISR</name>
         <value>0x86d8</value>
         <object_component_ref idref="oc-e7"/>
      </symbol>
      <symbol id="sm-88a">
         <name>CLA1_3_ISR</name>
         <value>0x834a</value>
         <object_component_ref idref="oc-2f7"/>
      </symbol>
      <symbol id="sm-88b">
         <name>I2CA_ISR</name>
         <value>0x857a</value>
         <object_component_ref idref="oc-25b"/>
      </symbol>
      <symbol id="sm-88c">
         <name>CANA0_ISR</name>
         <value>0x82e6</value>
         <object_component_ref idref="oc-2a3"/>
      </symbol>
      <symbol id="sm-88d">
         <name>CANB0_ISR</name>
         <value>0x82fa</value>
         <object_component_ref idref="oc-2af"/>
      </symbol>
      <symbol id="sm-88e">
         <name>ECAP7_2_ISR</name>
         <value>0x8426</value>
         <object_component_ref idref="oc-1ef"/>
      </symbol>
      <symbol id="sm-88f">
         <name>FSIRXA1_ISR</name>
         <value>0x8000</value>
         <object_component_ref idref="oc-489"/>
      </symbol>
      <symbol id="sm-890">
         <name>EPWM1_TZ_ISR</name>
         <value>0x8494</value>
         <object_component_ref idref="oc-15f"/>
      </symbol>
      <symbol id="sm-891">
         <name>FSIRXB1_ISR</name>
         <value>0x801a</value>
         <object_component_ref idref="oc-495"/>
      </symbol>
      <symbol id="sm-892">
         <name>FSIRXC1_ISR</name>
         <value>0x8034</value>
         <object_component_ref idref="oc-4dd"/>
      </symbol>
      <symbol id="sm-893">
         <name>FSIRXD1_ISR</name>
         <value>0x804e</value>
         <object_component_ref idref="oc-4e9"/>
      </symbol>
      <symbol id="sm-894">
         <name>I2CA_FIFO_ISR</name>
         <value>0x8570</value>
         <object_component_ref idref="oc-261"/>
      </symbol>
      <symbol id="sm-895">
         <name>FSIRXE1_ISR</name>
         <value>0x8068</value>
         <object_component_ref idref="oc-4f5"/>
      </symbol>
      <symbol id="sm-896">
         <name>FSIRXF1_ISR</name>
         <value>0x8082</value>
         <object_component_ref idref="oc-4a1"/>
      </symbol>
      <symbol id="sm-897">
         <name>FSIRXG1_ISR</name>
         <value>0x809c</value>
         <object_component_ref idref="oc-4ad"/>
      </symbol>
      <symbol id="sm-898">
         <name>FSIRXH1_ISR</name>
         <value>0x80b6</value>
         <object_component_ref idref="oc-4b9"/>
      </symbol>
      <symbol id="sm-899">
         <name>EPWM2_ISR</name>
         <value>0x849e</value>
         <object_component_ref idref="oc-195"/>
      </symbol>
      <symbol id="sm-89a">
         <name>PBIST_ISR</name>
         <value>0x8152</value>
         <object_component_ref idref="oc-573"/>
      </symbol>
      <symbol id="sm-89b">
         <name>USBA_ISR</name>
         <value>0x86b0</value>
         <object_component_ref idref="oc-399"/>
      </symbol>
      <symbol id="sm-89c">
         <name>SDFM1DR4_ISR</name>
         <value>0x8193</value>
         <object_component_ref idref="oc-471"/>
      </symbol>
      <symbol id="sm-89d">
         <name>ADCD_EVT_ISR</name>
         <value>0x82dc</value>
         <object_component_ref idref="oc-3b7"/>
      </symbol>
      <symbol id="sm-89e">
         <name>DMA_CH3_ISR</name>
         <value>0x83b8</value>
         <object_component_ref idref="oc-243"/>
      </symbol>
      <symbol id="sm-89f">
         <name>FMC_ISR</name>
         <value>0xcfef</value>
         <object_component_ref idref="oc-55b"/>
      </symbol>
      <symbol id="sm-8a0">
         <name>ADCC_EVT_ISR</name>
         <value>0x82aa</value>
         <object_component_ref idref="oc-39f"/>
      </symbol>
      <symbol id="sm-8a1">
         <name>EPWM11_ISR</name>
         <value>0x8462</value>
         <object_component_ref idref="oc-375"/>
      </symbol>
      <symbol id="sm-8a2">
         <name>DATALOG_ISR</name>
         <value>0x839a</value>
         <object_component_ref idref="oc-c9"/>
      </symbol>
      <symbol id="sm-8a3">
         <name>XINT2_ISR</name>
         <value>0x8746</value>
         <object_component_ref idref="oc-147"/>
      </symbol>
      <symbol id="sm-8a4">
         <name>ECATRSTINTN_ISR</name>
         <value>0xcf46</value>
         <object_component_ref idref="oc-519"/>
      </symbol>
      <symbol id="sm-8a5">
         <name>PIE_RESERVED_ISR</name>
         <value>0x85de</value>
         <object_component_ref idref="oc-3e1"/>
      </symbol>
      <symbol id="sm-8a6">
         <name>SCIB_RX_ISR</name>
         <value>0x8606</value>
         <object_component_ref idref="oc-297"/>
      </symbol>
      <symbol id="sm-8a7">
         <name>SCIB_TX_ISR</name>
         <value>0x8610</value>
         <object_component_ref idref="oc-29d"/>
      </symbol>
      <symbol id="sm-8a8">
         <name>I2CB_ISR</name>
         <value>0x858e</value>
         <object_component_ref idref="oc-267"/>
      </symbol>
      <symbol id="sm-8a9">
         <name>CANA1_ISR</name>
         <value>0x82f0</value>
         <object_component_ref idref="oc-2a9"/>
      </symbol>
      <symbol id="sm-8aa">
         <name>SPIC_RX_ISR</name>
         <value>0x867e</value>
         <object_component_ref idref="oc-38d"/>
      </symbol>
      <symbol id="sm-8ab">
         <name>CANB1_ISR</name>
         <value>0x8304</value>
         <object_component_ref idref="oc-2b5"/>
      </symbol>
      <symbol id="sm-8ac">
         <name>SPIC_TX_ISR</name>
         <value>0x8688</value>
         <object_component_ref idref="oc-393"/>
      </symbol>
      <symbol id="sm-8ad">
         <name>EPWM15_TZ_ISR</name>
         <value>0xcfc8</value>
         <object_component_ref idref="oc-549"/>
      </symbol>
      <symbol id="sm-8ae">
         <name>FSIRXA2_ISR</name>
         <value>0x800d</value>
         <object_component_ref idref="oc-48f"/>
      </symbol>
      <symbol id="sm-8af">
         <name>FSIRXB2_ISR</name>
         <value>0x8027</value>
         <object_component_ref idref="oc-49b"/>
      </symbol>
      <symbol id="sm-8b0">
         <name>EPWM12_TZ_ISR</name>
         <value>0x8480</value>
         <object_component_ref idref="oc-363"/>
      </symbol>
      <symbol id="sm-8b1">
         <name>FSIRXC2_ISR</name>
         <value>0x8041</value>
         <object_component_ref idref="oc-4e3"/>
      </symbol>
      <symbol id="sm-8b2">
         <name>ILLEGAL_ISR</name>
         <value>0x8598</value>
         <object_component_ref idref="oc-e1"/>
      </symbol>
      <symbol id="sm-8b3">
         <name>FSIRXD2_ISR</name>
         <value>0x805b</value>
         <object_component_ref idref="oc-4ef"/>
      </symbol>
      <symbol id="sm-8b4">
         <name>FSIRXE2_ISR</name>
         <value>0x8075</value>
         <object_component_ref idref="oc-4fb"/>
      </symbol>
      <symbol id="sm-8b5">
         <name>FSIRXF2_ISR</name>
         <value>0x808f</value>
         <object_component_ref idref="oc-4a7"/>
      </symbol>
      <symbol id="sm-8b6">
         <name>FSIRXG2_ISR</name>
         <value>0x80a9</value>
         <object_component_ref idref="oc-4b3"/>
      </symbol>
      <symbol id="sm-8b7">
         <name>FSIRXH2_ISR</name>
         <value>0x80c3</value>
         <object_component_ref idref="oc-4bf"/>
      </symbol>
      <symbol id="sm-8b8">
         <name>EPWM3_ISR</name>
         <value>0x84b2</value>
         <object_component_ref idref="oc-19b"/>
      </symbol>
      <symbol id="sm-8b9">
         <name>I2CA_HIGH_ISR</name>
         <value>0x8104</value>
         <object_component_ref idref="oc-561"/>
      </symbol>
      <symbol id="sm-8ba">
         <name>FPU_UFLOW_ISR</name>
         <value>0x8566</value>
         <object_component_ref idref="oc-333"/>
      </symbol>
      <symbol id="sm-8bb">
         <name>TIMER0_ISR</name>
         <value>0x8692</value>
         <object_component_ref idref="oc-153"/>
      </symbol>
      <symbol id="sm-8bc">
         <name>EPWM10_ISR</name>
         <value>0x844e</value>
         <object_component_ref idref="oc-36f"/>
      </symbol>
      <symbol id="sm-8bd">
         <name>USER3_ISR</name>
         <value>0x86ec</value>
         <object_component_ref idref="oc-f3"/>
      </symbol>
      <symbol id="sm-8c8">
         <name>GpioDataRegs</name>
         <value>0x7f00</value>
         <object_component_ref idref="oc-724"/>
      </symbol>
      <symbol id="sm-8d5">
         <name>PieVectTableInit</name>
         <value>0xa800</value>
         <object_component_ref idref="oc-c0"/>
      </symbol>
      <symbol id="sm-8de">
         <name>F28x_usDelay</name>
         <value>0x1b1</value>
         <object_component_ref idref="oc-71f"/>
      </symbol>
      <symbol id="sm-91c">
         <name>GPIO_setPadConfig</name>
         <value>0xc716</value>
         <object_component_ref idref="oc-713"/>
      </symbol>
      <symbol id="sm-91d">
         <name>GPIO_setDirectionMode</name>
         <value>0xc900</value>
         <object_component_ref idref="oc-719"/>
      </symbol>
      <symbol id="sm-95d">
         <name>Interrupt_initModule</name>
         <value>0xc997</value>
         <object_component_ref idref="oc-707"/>
      </symbol>
      <symbol id="sm-95e">
         <name>Interrupt_initVectorTable</name>
         <value>0xcb40</value>
         <object_component_ref idref="oc-70d"/>
      </symbol>
      <symbol id="sm-aa1">
         <name>SysCtl_isPLLValid</name>
         <value>0xc29b</value>
         <object_component_ref idref="oc-847"/>
      </symbol>
      <symbol id="sm-aa2">
         <name>SysCtl_delay</name>
         <value>0x1b5</value>
         <object_component_ref idref="oc-83a"/>
      </symbol>
      <symbol id="sm-aa3">
         <name>SysCtl_getAuxClock</name>
         <value>0xc588</value>
         <object_component_ref idref="oc-778"/>
      </symbol>
      <symbol id="sm-aa4">
         <name>SysCtl_selectXTALSingleEnded</name>
         <value>0xcc67</value>
         <object_component_ref idref="oc-896"/>
      </symbol>
      <symbol id="sm-aa5">
         <name>SysCtl_selectXTAL</name>
         <value>0xcb1c</value>
         <object_component_ref idref="oc-890"/>
      </symbol>
      <symbol id="sm-aa6">
         <name>SysCtl_selectOscSource</name>
         <value>0xc8ac</value>
         <object_component_ref idref="oc-83b"/>
      </symbol>
      <symbol id="sm-aa7">
         <name>SysCtl_getLowSpeedClock</name>
         <value>0xcaf8</value>
         <object_component_ref idref="oc-772"/>
      </symbol>
      <symbol id="sm-aa8">
         <name>SysCtl_setClock</name>
         <value>0xc163</value>
         <object_component_ref idref="oc-74d"/>
      </symbol>
      <symbol id="sm-aa9">
         <name>SysCtl_getClock</name>
         <value>0xc6a3</value>
         <object_component_ref idref="oc-765"/>
      </symbol>
      <symbol id="sm-aaa">
         <name>SysCtl_selectOscSourceAuxPLL</name>
         <value>0xc950</value>
         <object_component_ref idref="oc-850"/>
      </symbol>
      <symbol id="sm-aab">
         <name>SysCtl_setAuxClock</name>
         <value>0xc3b6</value>
         <object_component_ref idref="oc-759"/>
      </symbol>
      <symbol id="sm-ab8">
         <name>_c_int00</name>
         <value>0xcc81</value>
         <object_component_ref idref="oc-596"/>
      </symbol>
      <symbol id="sm-ab9">
         <name>__stack</name>
         <value>0x400</value>
         <object_component_ref idref="oc-57f"/>
      </symbol>
      <symbol id="sm-ac6">
         <name>__c28xabi_divf</name>
         <value>0xc61b</value>
         <object_component_ref idref="oc-7d3"/>
      </symbol>
      <symbol id="sm-ad3">
         <name>_system_pre_init</name>
         <value>0x8795</value>
         <object_component_ref idref="oc-67c"/>
      </symbol>
      <symbol id="sm-ae2">
         <name>__TI_auto_init_nobinit_nopinit</name>
         <value>0xca05</value>
         <object_component_ref idref="oc-6a0"/>
      </symbol>
      <symbol id="sm-af0">
         <name>__TI_decompress_none</name>
         <value>0x877f</value>
         <object_component_ref idref="oc-ae"/>
      </symbol>
      <symbol id="sm-b04">
         <name>__TI_decompress_lzss</name>
         <value>0xc9d4</value>
         <object_component_ref idref="oc-a8"/>
      </symbol>
      <symbol id="sm-b1a">
         <name>C$$EXIT</name>
         <value>0xca85</value>
         <object_component_ref idref="oc-689"/>
      </symbol>
      <symbol id="sm-b1b">
         <name>abort</name>
         <value>0xca85</value>
         <object_component_ref idref="oc-689"/>
      </symbol>
      <symbol id="sm-b1c">
         <name>exit</name>
         <value>0xca87</value>
         <object_component_ref idref="oc-689"/>
      </symbol>
      <symbol id="sm-b1d">
         <name>__TI_dtors_ptr</name>
         <value>0xaad4</value>
         <object_component_ref idref="oc-6d8"/>
      </symbol>
      <symbol id="sm-b1e">
         <name>__TI_cleanup_ptr</name>
         <value>0xaad2</value>
         <object_component_ref idref="oc-6d8"/>
      </symbol>
      <symbol id="sm-b1f">
         <name>__TI_enable_exit_profile_output</name>
         <value>0xaad0</value>
         <object_component_ref idref="oc-6d8"/>
      </symbol>
      <symbol id="sm-b36">
         <name>_nop</name>
         <value>0x8776</value>
         <object_component_ref idref="oc-72e"/>
      </symbol>
      <symbol id="sm-b37">
         <name>_lock</name>
         <value>0xaad6</value>
         <object_component_ref idref="oc-6db"/>
      </symbol>
      <symbol id="sm-b38">
         <name>_unlock</name>
         <value>0xaad8</value>
         <object_component_ref idref="oc-7c5"/>
      </symbol>
      <symbol id="sm-b39">
         <name>_register_lock</name>
         <value>0x8772</value>
         <object_component_ref idref="oc-72e"/>
      </symbol>
      <symbol id="sm-b3a">
         <name>_register_unlock</name>
         <value>0x876e</value>
         <object_component_ref idref="oc-72e"/>
      </symbol>
      <symbol id="sm-b49">
         <name>_args_main</name>
         <value>0x8207</value>
         <object_component_ref idref="oc-683"/>
      </symbol>
      <symbol id="sm-b5d">
         <name>memcpy</name>
         <value>0xcc16</value>
         <object_component_ref idref="oc-582"/>
      </symbol>
      <symbol id="sm-b6a">
         <name>_system_post_cinit</name>
         <value>0xc7ff</value>
         <object_component_ref idref="oc-6e6"/>
      </symbol>
      <symbol id="sm-b6c">
         <name>__c_args__</name>
         <value>0x0</value>
      </symbol>
   </symbol_table>
   <title>Link successful</title>
</link_info>
