<?xml version="1.0" encoding="ISO-8859-1" ?>
<link_info>
   <banner>TMS320C2000 Linker PC v20.2.1.LTS</banner>
   <copyright>Copyright (c) 1996-2018 Texas Instruments Incorporated</copyright>
   <link_time>0x5f3642dc</link_time>
   <link_errors>0x0</link_errors>
   <output_file>clb_empty.out</output_file>
   <entry_point>
      <name>code_start</name>
      <address>0x0</address>
   </entry_point>
   <input_file_list>
      <input_file id="fl-2">
         <path>.\</path>
         <kind>object</kind>
         <file>empty.obj</file>
         <name>empty.obj</name>
      </input_file>
      <input_file id="fl-3">
         <path>.\syscfg\</path>
         <kind>object</kind>
         <file>clb_config.obj</file>
         <name>clb_config.obj</name>
      </input_file>
      <input_file id="fl-4">
         <path>.\syscfg\</path>
         <kind>object</kind>
         <file>clb_sim.obj</file>
         <name>clb_sim.obj</name>
      </input_file>
      <input_file id="fl-5">
         <path>.\Peripherals\clb\</path>
         <kind>object</kind>
         <file>user_clb.obj</file>
         <name>user_clb.obj</name>
      </input_file>
      <input_file id="fl-6">
         <path>.\device\</path>
         <kind>object</kind>
         <file>device.obj</file>
         <name>device.obj</name>
      </input_file>
      <input_file id="fl-7">
         <path>.\device\</path>
         <kind>object</kind>
         <file>f2838x_codestartbranch.obj</file>
         <name>f2838x_codestartbranch.obj</name>
      </input_file>
      <input_file id="fl-c">
         <kind>object</kind>
         <file>&lt;internal&gt;</file>
         <name>&lt;internal&gt;</name>
      </input_file>
      <input_file id="fl-d">
         <path>C:\TI\c2000_ware\C2000Ware_3_02_00_00\driverlib\f2838x\driverlib\ccs\Debug\</path>
         <kind>archive</kind>
         <file>driverlib.lib</file>
         <name>clb.obj</name>
      </input_file>
      <input_file id="fl-e">
         <path>C:\TI\c2000_ware\C2000Ware_3_02_00_00\driverlib\f2838x\driverlib\ccs\Debug\</path>
         <kind>archive</kind>
         <file>driverlib.lib</file>
         <name>gpio.obj</name>
      </input_file>
      <input_file id="fl-f">
         <path>C:\TI\c2000_ware\C2000Ware_3_02_00_00\driverlib\f2838x\driverlib\ccs\Debug\</path>
         <kind>archive</kind>
         <file>driverlib.lib</file>
         <name>interrupt.obj</name>
      </input_file>
      <input_file id="fl-10">
         <path>C:\TI\c2000_ware\C2000Ware_3_02_00_00\driverlib\f2838x\driverlib\ccs\Debug\</path>
         <kind>archive</kind>
         <file>driverlib.lib</file>
         <name>ipc.obj</name>
      </input_file>
      <input_file id="fl-11">
         <path>C:\TI\c2000_ware\C2000Ware_3_02_00_00\driverlib\f2838x\driverlib\ccs\Debug\</path>
         <kind>archive</kind>
         <file>driverlib.lib</file>
         <name>sysctl.obj</name>
      </input_file>
      <input_file id="fl-12">
         <path>C:\TI\c2000_ware\C2000Ware_3_02_00_00\driverlib\f2838x\driverlib\ccs\Debug\</path>
         <kind>archive</kind>
         <file>driverlib.lib</file>
         <name>xbar.obj</name>
      </input_file>
      <input_file id="fl-1e">
         <path>C:\TI\ccs10.1\ccs\tools\compiler\ti-cgt-c2000_20.2.1.LTS\lib\</path>
         <kind>archive</kind>
         <file>rts2800_fpu64_eabi.lib</file>
         <name>boot28.asm.obj</name>
      </input_file>
      <input_file id="fl-1f">
         <path>C:\TI\ccs10.1\ccs\tools\compiler\ti-cgt-c2000_20.2.1.LTS\lib\</path>
         <kind>archive</kind>
         <file>rts2800_fpu64_eabi.lib</file>
         <name>fs_div28.asm.obj</name>
      </input_file>
      <input_file id="fl-20">
         <path>C:\TI\ccs10.1\ccs\tools\compiler\ti-cgt-c2000_20.2.1.LTS\lib\</path>
         <kind>archive</kind>
         <file>rts2800_fpu64_eabi.lib</file>
         <name>pre_init.c.obj</name>
      </input_file>
      <input_file id="fl-21">
         <path>C:\TI\ccs10.1\ccs\tools\compiler\ti-cgt-c2000_20.2.1.LTS\lib\</path>
         <kind>archive</kind>
         <file>rts2800_fpu64_eabi.lib</file>
         <name>autoinit.c.obj</name>
      </input_file>
      <input_file id="fl-22">
         <path>C:\TI\ccs10.1\ccs\tools\compiler\ti-cgt-c2000_20.2.1.LTS\lib\</path>
         <kind>archive</kind>
         <file>rts2800_fpu64_eabi.lib</file>
         <name>copy_zero_init.c.obj</name>
      </input_file>
      <input_file id="fl-23">
         <path>C:\TI\ccs10.1\ccs\tools\compiler\ti-cgt-c2000_20.2.1.LTS\lib\</path>
         <kind>archive</kind>
         <file>rts2800_fpu64_eabi.lib</file>
         <name>copy_decompress_none.c.obj</name>
      </input_file>
      <input_file id="fl-24">
         <path>C:\TI\ccs10.1\ccs\tools\compiler\ti-cgt-c2000_20.2.1.LTS\lib\</path>
         <kind>archive</kind>
         <file>rts2800_fpu64_eabi.lib</file>
         <name>copy_decompress_lzss.c.obj</name>
      </input_file>
      <input_file id="fl-25">
         <path>C:\TI\ccs10.1\ccs\tools\compiler\ti-cgt-c2000_20.2.1.LTS\lib\</path>
         <kind>archive</kind>
         <file>rts2800_fpu64_eabi.lib</file>
         <name>exit.c.obj</name>
      </input_file>
      <input_file id="fl-26">
         <path>C:\TI\ccs10.1\ccs\tools\compiler\ti-cgt-c2000_20.2.1.LTS\lib\</path>
         <kind>archive</kind>
         <file>rts2800_fpu64_eabi.lib</file>
         <name>_lock.c.obj</name>
      </input_file>
      <input_file id="fl-27">
         <path>C:\TI\ccs10.1\ccs\tools\compiler\ti-cgt-c2000_20.2.1.LTS\lib\</path>
         <kind>archive</kind>
         <file>rts2800_fpu64_eabi.lib</file>
         <name>args_main.c.obj</name>
      </input_file>
      <input_file id="fl-28">
         <path>C:\TI\ccs10.1\ccs\tools\compiler\ti-cgt-c2000_20.2.1.LTS\lib\</path>
         <kind>archive</kind>
         <file>rts2800_fpu64_eabi.lib</file>
         <name>memset.c.obj</name>
      </input_file>
      <input_file id="fl-29">
         <path>C:\TI\ccs10.1\ccs\tools\compiler\ti-cgt-c2000_20.2.1.LTS\lib\</path>
         <kind>archive</kind>
         <file>rts2800_fpu64_eabi.lib</file>
         <name>cpy_tbl.c.obj</name>
      </input_file>
      <input_file id="fl-2a">
         <path>C:\TI\ccs10.1\ccs\tools\compiler\ti-cgt-c2000_20.2.1.LTS\lib\</path>
         <kind>archive</kind>
         <file>rts2800_fpu64_eabi.lib</file>
         <name>memcpy.c.obj</name>
      </input_file>
      <input_file id="fl-2b">
         <path>C:\TI\ccs10.1\ccs\tools\compiler\ti-cgt-c2000_20.2.1.LTS\lib\</path>
         <kind>archive</kind>
         <file>rts2800_fpu64_eabi.lib</file>
         <name>startup.c.obj</name>
      </input_file>
   </input_file_list>
   <object_component_list>
      <object_component id="oc-29">
         <name>codestart</name>
         <load_address>0x0</load_address>
         <run_address>0x0</run_address>
         <size>0x2</size>
         <input_file_ref idref="fl-7"/>
      </object_component>
      <object_component id="oc-13e">
         <name>.text:SysCtl_getLowSpeedClock</name>
         <load_address>0x8000</load_address>
         <run_address>0x8000</run_address>
         <size>0x1a</size>
         <input_file_ref idref="fl-11"/>
      </object_component>
      <object_component id="oc-271">
         <name>.text:SysCtl_selectXTALSingleEnded</name>
         <load_address>0x801a</load_address>
         <run_address>0x801a</run_address>
         <size>0x1a</size>
         <input_file_ref idref="fl-11"/>
      </object_component>
      <object_component id="oc-23c">
         <name>.text:CLB_enableCLB</name>
         <load_address>0x8034</load_address>
         <run_address>0x8034</run_address>
         <size>0x18</size>
         <input_file_ref idref="fl-5"/>
      </object_component>
      <object_component id="oc-1bc">
         <name>.text:DCC_disableDoneSignal</name>
         <load_address>0x804c</load_address>
         <run_address>0x804c</run_address>
         <size>0x17</size>
         <input_file_ref idref="fl-6"/>
      </object_component>
      <object_component id="oc-297">
         <name>.text:DCC_disableDoneSignal</name>
         <load_address>0x8063</load_address>
         <run_address>0x8063</run_address>
         <size>0x17</size>
         <input_file_ref idref="fl-11"/>
      </object_component>
      <object_component id="oc-1e0">
         <name>.text:DCC_enableDoneSignal</name>
         <load_address>0x807a</load_address>
         <run_address>0x807a</run_address>
         <size>0x17</size>
         <input_file_ref idref="fl-6"/>
      </object_component>
      <object_component id="oc-228">
         <name>.text:Device_enableUnbondedGPIOPullupsFor176Pin</name>
         <load_address>0x8091</load_address>
         <run_address>0x8091</run_address>
         <size>0x17</size>
         <input_file_ref idref="fl-6"/>
      </object_component>
      <object_component id="oc-19e">
         <name>.text:SysCtl_enablePeripheral</name>
         <load_address>0x80a8</load_address>
         <run_address>0x80a8</run_address>
         <size>0x17</size>
         <input_file_ref idref="fl-6"/>
      </object_component>
      <object_component id="oc-279">
         <name>.text:SysCtl_enablePeripheral</name>
         <load_address>0x80bf</load_address>
         <run_address>0x80bf</run_address>
         <size>0x17</size>
         <input_file_ref idref="fl-11"/>
      </object_component>
      <object_component id="oc-236">
         <name>.text:SysCtl_enablePeripheral</name>
         <load_address>0x80d6</load_address>
         <run_address>0x80d6</run_address>
         <size>0x17</size>
         <input_file_ref idref="fl-5"/>
      </object_component>
      <object_component id="oc-306">
         <name>.text:CLB_configHLCEventSelect</name>
         <load_address>0x80ed</load_address>
         <run_address>0x80ed</run_address>
         <size>0x16</size>
         <input_file_ref idref="fl-3"/>
      </object_component>
      <object_component id="oc-2fa">
         <name>.text:CLB_configMiscCtrlModes</name>
         <load_address>0x8103</load_address>
         <run_address>0x8103</run_address>
         <size>0x16</size>
         <input_file_ref idref="fl-3"/>
      </object_component>
      <object_component id="oc-1aa">
         <name>.text:DCC_clearDoneFlag</name>
         <load_address>0x8119</load_address>
         <run_address>0x8119</run_address>
         <size>0x16</size>
         <input_file_ref idref="fl-6"/>
      </object_component>
      <object_component id="oc-285">
         <name>.text:DCC_clearDoneFlag</name>
         <load_address>0x812f</load_address>
         <run_address>0x812f</run_address>
         <size>0x16</size>
         <input_file_ref idref="fl-11"/>
      </object_component>
      <object_component id="oc-1a4">
         <name>.text:DCC_clearErrorFlag</name>
         <load_address>0x8145</load_address>
         <run_address>0x8145</run_address>
         <size>0x16</size>
         <input_file_ref idref="fl-6"/>
      </object_component>
      <object_component id="oc-27f">
         <name>.text:DCC_clearErrorFlag</name>
         <load_address>0x815b</load_address>
         <run_address>0x815b</run_address>
         <size>0x16</size>
         <input_file_ref idref="fl-11"/>
      </object_component>
      <object_component id="oc-1b6">
         <name>.text:DCC_disableErrorSignal</name>
         <load_address>0x8171</load_address>
         <run_address>0x8171</run_address>
         <size>0x16</size>
         <input_file_ref idref="fl-6"/>
      </object_component>
      <object_component id="oc-291">
         <name>.text:DCC_disableErrorSignal</name>
         <load_address>0x8187</load_address>
         <run_address>0x8187</run_address>
         <size>0x16</size>
         <input_file_ref idref="fl-11"/>
      </object_component>
      <object_component id="oc-1da">
         <name>.text:DCC_enableErrorSignal</name>
         <load_address>0x819d</load_address>
         <run_address>0x819d</run_address>
         <size>0x16</size>
         <input_file_ref idref="fl-6"/>
      </object_component>
      <object_component id="oc-158">
         <name>.text:GPIO_unlockPortConfig</name>
         <load_address>0x81b3</load_address>
         <run_address>0x81b3</run_address>
         <size>0x15</size>
         <input_file_ref idref="fl-6"/>
      </object_component>
      <object_component id="oc-1b0">
         <name>.text:DCC_disableModule</name>
         <load_address>0x81c8</load_address>
         <run_address>0x81c8</run_address>
         <size>0x14</size>
         <input_file_ref idref="fl-6"/>
      </object_component>
      <object_component id="oc-28b">
         <name>.text:DCC_disableModule</name>
         <load_address>0x81dc</load_address>
         <run_address>0x81dc</run_address>
         <size>0x14</size>
         <input_file_ref idref="fl-11"/>
      </object_component>
      <object_component id="oc-1e6">
         <name>.text:DCC_enableModule</name>
         <load_address>0x81f0</load_address>
         <run_address>0x81f0</run_address>
         <size>0x14</size>
         <input_file_ref idref="fl-6"/>
      </object_component>
      <object_component id="oc-2b5">
         <name>.text:DCC_enableModule</name>
         <load_address>0x8204</load_address>
         <run_address>0x8204</run_address>
         <size>0x14</size>
         <input_file_ref idref="fl-11"/>
      </object_component>
      <object_component id="oc-14a">
         <name>.text:SysCtl_deviceCal</name>
         <load_address>0x8218</load_address>
         <run_address>0x8218</run_address>
         <size>0x14</size>
         <input_file_ref idref="fl-6"/>
      </object_component>
      <object_component id="oc-15e">
         <name>.text:Device_enableUnbondedGPIOPullups</name>
         <load_address>0x822c</load_address>
         <run_address>0x822c</run_address>
         <size>0x11</size>
         <input_file_ref idref="fl-6"/>
      </object_component>
      <object_component id="oc-12b">
         <name>.text:SysCtl_setCMClk</name>
         <load_address>0x823d</load_address>
         <run_address>0x823d</run_address>
         <size>0x11</size>
         <input_file_ref idref="fl-6"/>
      </object_component>
      <object_component id="oc-180">
         <name>.text:clb1_en</name>
         <load_address>0x824e</load_address>
         <run_address>0x824e</run_address>
         <size>0x10</size>
         <input_file_ref idref="fl-5"/>
      </object_component>
      <object_component id="oc-248">
         <name>.text:clb1_output_init_set</name>
         <load_address>0x825e</load_address>
         <run_address>0x825e</run_address>
         <size>0xf</size>
         <input_file_ref idref="fl-5"/>
      </object_component>
      <object_component id="oc-3a7">
         <name>.text:CLB_isAddressValid</name>
         <load_address>0x826d</load_address>
         <run_address>0x826d</run_address>
         <size>0xe</size>
         <input_file_ref idref="fl-3"/>
      </object_component>
      <object_component id="oc-39d">
         <name>.text:CLB_isAddressValid</name>
         <load_address>0x827b</load_address>
         <run_address>0x827b</run_address>
         <size>0xe</size>
         <input_file_ref idref="fl-d"/>
      </object_component>
      <object_component id="oc-3be">
         <name>.text:GPIO_isPinValid</name>
         <load_address>0x8289</load_address>
         <run_address>0x8289</run_address>
         <size>0xe</size>
         <input_file_ref idref="fl-e"/>
      </object_component>
      <object_component id="oc-16d">
         <name>.text:Interrupt_defaultHandler</name>
         <load_address>0x8297</load_address>
         <run_address>0x8297</run_address>
         <size>0xe</size>
         <input_file_ref idref="fl-f"/>
      </object_component>
      <object_component id="oc-11f">
         <name>.text:SysCtl_setLowSpeedClock</name>
         <load_address>0x82a5</load_address>
         <run_address>0x82a5</run_address>
         <size>0xe</size>
         <input_file_ref idref="fl-6"/>
      </object_component>
      <object_component id="oc-165">
         <name>.text:Interrupt_disableMaster</name>
         <load_address>0x82b3</load_address>
         <run_address>0x82b3</run_address>
         <size>0xd</size>
         <input_file_ref idref="fl-f"/>
      </object_component>
      <object_component id="oc-207">
         <name>.text:SysCtl_setPLLSysClk</name>
         <load_address>0x82c0</load_address>
         <run_address>0x82c0</run_address>
         <size>0xc</size>
         <input_file_ref idref="fl-11"/>
      </object_component>
      <object_component id="oc-63">
         <name>.text</name>
         <load_address>0x82cc</load_address>
         <run_address>0x82cc</run_address>
         <size>0xc</size>
         <input_file_ref idref="fl-27"/>
      </object_component>
      <object_component id="oc-1fa">
         <name>.text:SysCtl_isMCDClockFailureDetected</name>
         <load_address>0x82d8</load_address>
         <run_address>0x82d8</run_address>
         <size>0xb</size>
         <input_file_ref idref="fl-11"/>
      </object_component>
      <object_component id="oc-aa">
         <name>.text:main</name>
         <load_address>0x82e3</load_address>
         <run_address>0x82e3</run_address>
         <size>0xb</size>
         <input_file_ref idref="fl-2"/>
      </object_component>
      <object_component id="oc-fa">
         <name>.text</name>
         <load_address>0x82ee</load_address>
         <run_address>0x82ee</run_address>
         <size>0x9</size>
         <input_file_ref idref="fl-26"/>
      </object_component>
      <object_component id="oc-10d">
         <name>.text:SysCtl_disableWatchdog</name>
         <load_address>0x82f7</load_address>
         <run_address>0x82f7</run_address>
         <size>0x8</size>
         <input_file_ref idref="fl-6"/>
      </object_component>
      <object_component id="oc-22">
         <name>.text:decompress:none</name>
         <load_address>0x82ff</load_address>
         <run_address>0x82ff</run_address>
         <size>0x8</size>
         <input_file_ref idref="fl-23"/>
      </object_component>
      <object_component id="oc-331">
         <name>.text:SysCtl_resetMCD</name>
         <load_address>0x8307</load_address>
         <run_address>0x8307</run_address>
         <size>0x7</size>
         <input_file_ref idref="fl-11"/>
      </object_component>
      <object_component id="oc-138">
         <name>.text:__error__</name>
         <load_address>0x830e</load_address>
         <run_address>0x830e</run_address>
         <size>0x7</size>
         <input_file_ref idref="fl-6"/>
      </object_component>
      <object_component id="oc-179">
         <name>.text:Interrupt_illegalOperationHandler</name>
         <load_address>0x8315</load_address>
         <run_address>0x8315</run_address>
         <size>0x2</size>
         <input_file_ref idref="fl-f"/>
      </object_component>
      <object_component id="oc-173">
         <name>.text:Interrupt_nmiHandler</name>
         <load_address>0x8317</load_address>
         <run_address>0x8317</run_address>
         <size>0x2</size>
         <input_file_ref idref="fl-f"/>
      </object_component>
      <object_component id="oc-5c">
         <name>.text</name>
         <load_address>0x8319</load_address>
         <run_address>0x8319</run_address>
         <size>0x2</size>
         <input_file_ref idref="fl-20"/>
      </object_component>
      <object_component id="oc-150">
         <name>.text:Device_enableAllPeripherals</name>
         <load_address>0xc000</load_address>
         <run_address>0xc000</run_address>
         <size>0x163</size>
         <input_file_ref idref="fl-6"/>
      </object_component>
      <object_component id="oc-119">
         <name>.text:SysCtl_setClock</name>
         <load_address>0xc163</load_address>
         <run_address>0xc163</run_address>
         <size>0x138</size>
         <input_file_ref idref="fl-11"/>
      </object_component>
      <object_component id="oc-125">
         <name>.text:SysCtl_setAuxClock</name>
         <load_address>0xc29b</load_address>
         <run_address>0xc29b</run_address>
         <size>0x117</size>
         <input_file_ref idref="fl-11"/>
      </object_component>
      <object_component id="oc-20d">
         <name>.text:SysCtl_isPLLValid</name>
         <load_address>0xc3b2</load_address>
         <run_address>0xc3b2</run_address>
         <size>0x108</size>
         <input_file_ref idref="fl-11"/>
      </object_component>
      <object_component id="oc-113">
         <name>.text:Device_verifyXTAL</name>
         <load_address>0xc4ba</load_address>
         <run_address>0xc4ba</run_address>
         <size>0xbb</size>
         <input_file_ref idref="fl-6"/>
      </object_component>
      <object_component id="oc-242">
         <name>.text:initTILE1</name>
         <load_address>0xc575</load_address>
         <run_address>0xc575</run_address>
         <size>0xb4</size>
         <input_file_ref idref="fl-3"/>
      </object_component>
      <object_component id="oc-199">
         <name>.text</name>
         <load_address>0xc629</load_address>
         <run_address>0xc629</run_address>
         <size>0x88</size>
         <input_file_ref idref="fl-1f"/>
      </object_component>
      <object_component id="oc-144">
         <name>.text:SysCtl_getAuxClock</name>
         <load_address>0xc6b1</load_address>
         <run_address>0xc6b1</run_address>
         <size>0x67</size>
         <input_file_ref idref="fl-11"/>
      </object_component>
      <object_component id="oc-131">
         <name>.text:SysCtl_getClock</name>
         <load_address>0xc718</load_address>
         <run_address>0xc718</run_address>
         <size>0x60</size>
         <input_file_ref idref="fl-11"/>
      </object_component>
      <object_component id="oc-300">
         <name>.text:CLB_configCounterLoadMatch</name>
         <load_address>0xc778</load_address>
         <run_address>0xc778</run_address>
         <size>0x59</size>
         <input_file_ref idref="fl-d"/>
      </object_component>
      <object_component id="oc-30c">
         <name>.text:CLB_setHLCRegisters</name>
         <load_address>0xc7d1</load_address>
         <run_address>0xc7d1</run_address>
         <size>0x2b</size>
         <input_file_ref idref="fl-3"/>
      </object_component>
      <object_component id="oc-ed">
         <name>.text:clb_init_set</name>
         <load_address>0xc7fc</load_address>
         <run_address>0xc7fc</run_address>
         <size>0x3</size>
         <input_file_ref idref="fl-5"/>
      </object_component>
      <object_component id="oc-c0">
         <name>.text</name>
         <load_address>0xc7ff</load_address>
         <run_address>0xc7ff</run_address>
         <size>0x1</size>
         <input_file_ref idref="fl-2b"/>
      </object_component>
      <object_component id="oc-d5">
         <name>.text:Device_init</name>
         <load_address>0xc800</load_address>
         <run_address>0xc800</run_address>
         <size>0x57</size>
         <input_file_ref idref="fl-6"/>
      </object_component>
      <object_component id="oc-1ce">
         <name>.text:DCC_setCounterSeeds</name>
         <load_address>0xc857</load_address>
         <run_address>0xc857</run_address>
         <size>0x56</size>
         <input_file_ref idref="fl-6"/>
      </object_component>
      <object_component id="oc-2a9">
         <name>.text:DCC_setCounterSeeds</name>
         <load_address>0xc8ad</load_address>
         <run_address>0xc8ad</run_address>
         <size>0x56</size>
         <input_file_ref idref="fl-11"/>
      </object_component>
      <object_component id="oc-201">
         <name>.text:SysCtl_selectOscSource</name>
         <load_address>0xc903</load_address>
         <run_address>0xc903</run_address>
         <size>0x54</size>
         <input_file_ref idref="fl-11"/>
      </object_component>
      <object_component id="oc-38a">
         <name>.text:GPIO_setPadConfig</name>
         <load_address>0xc957</load_address>
         <run_address>0xc957</run_address>
         <size>0x52</size>
         <input_file_ref idref="fl-e"/>
      </object_component>
      <object_component id="oc-216">
         <name>.text:SysCtl_selectOscSourceAuxPLL</name>
         <load_address>0xc9a9</load_address>
         <run_address>0xc9a9</run_address>
         <size>0x47</size>
         <input_file_ref idref="fl-11"/>
      </object_component>
      <object_component id="oc-e1">
         <name>.text:Interrupt_initModule</name>
         <load_address>0xc9f0</load_address>
         <run_address>0xc9f0</run_address>
         <size>0x3d</size>
         <input_file_ref idref="fl-f"/>
      </object_component>
      <object_component id="oc-378">
         <name>.text:XBAR_setOutputMuxConfig</name>
         <load_address>0xca2d</load_address>
         <run_address>0xca2d</run_address>
         <size>0x38</size>
         <input_file_ref idref="fl-12"/>
      </object_component>
      <object_component id="oc-390">
         <name>.text:GPIO_setPinConfig</name>
         <load_address>0xca65</load_address>
         <run_address>0xca65</run_address>
         <size>0x37</size>
         <input_file_ref idref="fl-e"/>
      </object_component>
      <object_component id="oc-34c">
         <name>.text:CLB_isBaseValid</name>
         <load_address>0xca9c</load_address>
         <run_address>0xca9c</run_address>
         <size>0x33</size>
         <input_file_ref idref="fl-3"/>
      </object_component>
      <object_component id="oc-35b">
         <name>.text:CLB_isBaseValid</name>
         <load_address>0xcacf</load_address>
         <run_address>0xcacf</run_address>
         <size>0x33</size>
         <input_file_ref idref="fl-d"/>
      </object_component>
      <object_component id="oc-2c8">
         <name>.text:CLB_isBaseValid</name>
         <load_address>0xcb02</load_address>
         <run_address>0xcb02</run_address>
         <size>0x33</size>
         <input_file_ref idref="fl-5"/>
      </object_component>
      <object_component id="oc-36b">
         <name>.text:CLB_writeInterface</name>
         <load_address>0xcb35</load_address>
         <run_address>0xcb35</run_address>
         <size>0x33</size>
         <input_file_ref idref="fl-3"/>
      </object_component>
      <object_component id="oc-362">
         <name>.text:CLB_writeInterface</name>
         <load_address>0xcb68</load_address>
         <run_address>0xcb68</run_address>
         <size>0x32</size>
         <input_file_ref idref="fl-d"/>
      </object_component>
      <object_component id="oc-384">
         <name>.text:GPIO_setDirectionMode</name>
         <load_address>0xcb9a</load_address>
         <run_address>0xcb9a</run_address>
         <size>0x31</size>
         <input_file_ref idref="fl-e"/>
      </object_component>
      <object_component id="oc-1c">
         <name>.text:decompress:lzss</name>
         <load_address>0xcbcb</load_address>
         <run_address>0xcbcb</run_address>
         <size>0x31</size>
         <input_file_ref idref="fl-24"/>
      </object_component>
      <object_component id="oc-7a">
         <name>.text:__TI_auto_init_nobinit_nopinit</name>
         <load_address>0xcbfc</load_address>
         <run_address>0xcbfc</run_address>
         <size>0x2b</size>
         <input_file_ref idref="fl-21"/>
      </object_component>
      <object_component id="oc-69">
         <name>.text</name>
         <load_address>0xcc27</load_address>
         <run_address>0xcc27</run_address>
         <size>0x29</size>
         <input_file_ref idref="fl-25"/>
      </object_component>
      <object_component id="oc-2e2">
         <name>.text:CLB_selectFSMInputs</name>
         <load_address>0xcc50</load_address>
         <run_address>0xcc50</run_address>
         <size>0x25</size>
         <input_file_ref idref="fl-3"/>
      </object_component>
      <object_component id="oc-2d6">
         <name>.text:CLB_selectLUT4Inputs</name>
         <load_address>0xcc75</load_address>
         <run_address>0xcc75</run_address>
         <size>0x25</size>
         <input_file_ref idref="fl-3"/>
      </object_component>
      <object_component id="oc-329">
         <name>.text:CLB_setOutputMask</name>
         <load_address>0xcc9a</load_address>
         <run_address>0xcc9a</run_address>
         <size>0x25</size>
         <input_file_ref idref="fl-5"/>
      </object_component>
      <object_component id="oc-1d4">
         <name>.text:DCC_enableSingleShotMode</name>
         <load_address>0xccbf</load_address>
         <run_address>0xccbf</run_address>
         <size>0x25</size>
         <input_file_ref idref="fl-6"/>
      </object_component>
      <object_component id="oc-2af">
         <name>.text:DCC_enableSingleShotMode</name>
         <load_address>0xcce4</load_address>
         <run_address>0xcce4</run_address>
         <size>0x25</size>
         <input_file_ref idref="fl-11"/>
      </object_component>
      <object_component id="oc-2bf">
         <name>.text:SysCtl_pollX1Counter</name>
         <load_address>0xcd09</load_address>
         <run_address>0xcd09</run_address>
         <size>0x24</size>
         <input_file_ref idref="fl-11"/>
      </object_component>
      <object_component id="oc-26b">
         <name>.text:SysCtl_selectXTAL</name>
         <load_address>0xcd2d</load_address>
         <run_address>0xcd2d</run_address>
         <size>0x24</size>
         <input_file_ref idref="fl-11"/>
      </object_component>
      <object_component id="oc-315">
         <name>.text:CLB_programHLCInstruction</name>
         <load_address>0xcd51</load_address>
         <run_address>0xcd51</run_address>
         <size>0x21</size>
         <input_file_ref idref="fl-3"/>
      </object_component>
      <object_component id="oc-db">
         <name>.text:Device_initGPIO</name>
         <load_address>0xcd72</load_address>
         <run_address>0xcd72</run_address>
         <size>0x21</size>
         <input_file_ref idref="fl-6"/>
      </object_component>
      <object_component id="oc-31d">
         <name>.text:clb1_ou4_init_set</name>
         <load_address>0xcd93</load_address>
         <run_address>0xcd93</run_address>
         <size>0x21</size>
         <input_file_ref idref="fl-5"/>
      </object_component>
      <object_component id="oc-323">
         <name>.text:clb1_ou5_init_set</name>
         <load_address>0xcdb4</load_address>
         <run_address>0xcdb4</run_address>
         <size>0x21</size>
         <input_file_ref idref="fl-5"/>
      </object_component>
      <object_component id="oc-2e8">
         <name>.text:CLB_configFSMNextState</name>
         <load_address>0xcdd5</load_address>
         <run_address>0xcdd5</run_address>
         <size>0x20</size>
         <input_file_ref idref="fl-3"/>
      </object_component>
      <object_component id="oc-e7">
         <name>.text:Interrupt_initVectorTable</name>
         <load_address>0xcdf5</load_address>
         <run_address>0xcdf5</run_address>
         <size>0x20</size>
         <input_file_ref idref="fl-f"/>
      </object_component>
      <object_component id="oc-2f4">
         <name>.text:CLB_selectCounterInputs</name>
         <load_address>0xce15</load_address>
         <run_address>0xce15</run_address>
         <size>0x1f</size>
         <input_file_ref idref="fl-3"/>
      </object_component>
      <object_component id="oc-1c2">
         <name>.text:DCC_setCounter0ClkSource</name>
         <load_address>0xce34</load_address>
         <run_address>0xce34</run_address>
         <size>0x1f</size>
         <input_file_ref idref="fl-6"/>
      </object_component>
      <object_component id="oc-29d">
         <name>.text:DCC_setCounter0ClkSource</name>
         <load_address>0xce53</load_address>
         <run_address>0xce53</run_address>
         <size>0x1f</size>
         <input_file_ref idref="fl-11"/>
      </object_component>
      <object_component id="oc-1c8">
         <name>.text:DCC_setCounter1ClkSource</name>
         <load_address>0xce72</load_address>
         <run_address>0xce72</run_address>
         <size>0x1f</size>
         <input_file_ref idref="fl-6"/>
      </object_component>
      <object_component id="oc-2a3">
         <name>.text:DCC_setCounter1ClkSource</name>
         <load_address>0xce91</load_address>
         <run_address>0xce91</run_address>
         <size>0x1f</size>
         <input_file_ref idref="fl-11"/>
      </object_component>
      <object_component id="oc-3ae">
         <name>.text:XBAR_isBaseValid</name>
         <load_address>0xceb0</load_address>
         <run_address>0xceb0</run_address>
         <size>0x1f</size>
         <input_file_ref idref="fl-12"/>
      </object_component>
      <object_component id="oc-3b7">
         <name>.text:XBAR_isBaseValid</name>
         <load_address>0xcecf</load_address>
         <run_address>0xcecf</run_address>
         <size>0x1f</size>
         <input_file_ref idref="fl-5"/>
      </object_component>
      <object_component id="oc-1f2">
         <name>.text:DCC_getErrorStatus</name>
         <load_address>0xceee</load_address>
         <run_address>0xceee</run_address>
         <size>0x1d</size>
         <input_file_ref idref="fl-6"/>
      </object_component>
      <object_component id="oc-1ec">
         <name>.text:DCC_getSingleShotStatus</name>
         <load_address>0xcf0b</load_address>
         <run_address>0xcf0b</run_address>
         <size>0x1d</size>
         <input_file_ref idref="fl-6"/>
      </object_component>
      <object_component id="oc-31">
         <name>.text</name>
         <load_address>0xcf28</load_address>
         <run_address>0xcf28</run_address>
         <size>0x1d</size>
         <input_file_ref idref="fl-2a"/>
      </object_component>
      <object_component id="oc-2d0">
         <name>.text:CLB_configOutputLUT</name>
         <load_address>0xcf45</load_address>
         <run_address>0xcf45</run_address>
         <size>0x1c</size>
         <input_file_ref idref="fl-3"/>
      </object_component>
      <object_component id="oc-37e">
         <name>.text:XBAR_enableOutputMux</name>
         <load_address>0xcf61</load_address>
         <run_address>0xcf61</run_address>
         <size>0x1c</size>
         <input_file_ref idref="fl-5"/>
      </object_component>
      <object_component id="oc-2ee">
         <name>.text:CLB_configFSMLUTFunction</name>
         <load_address>0xcf7d</load_address>
         <run_address>0xcf7d</run_address>
         <size>0x1b</size>
         <input_file_ref idref="fl-3"/>
      </object_component>
      <object_component id="oc-2dc">
         <name>.text:CLB_configLUT4Function</name>
         <load_address>0xcf98</load_address>
         <run_address>0xcf98</run_address>
         <size>0x1b</size>
         <input_file_ref idref="fl-3"/>
      </object_component>
      <object_component id="oc-256">
         <name>.text:DCC_isBaseValid</name>
         <load_address>0xcfb3</load_address>
         <run_address>0xcfb3</run_address>
         <size>0x1a</size>
         <input_file_ref idref="fl-6"/>
      </object_component>
      <object_component id="oc-33a">
         <name>.text:DCC_isBaseValid</name>
         <load_address>0xcfcd</load_address>
         <run_address>0xcfcd</run_address>
         <size>0x1a</size>
         <input_file_ref idref="fl-11"/>
      </object_component>
      <object_component id="oc-45">
         <name>.text</name>
         <load_address>0xcfe7</load_address>
         <run_address>0xcfe7</run_address>
         <size>0x19</size>
         <input_file_ref idref="fl-1e"/>
      </object_component>
      <object_component id="oc-405">
         <name>.cinit..data.load</name>
         <load_address>0x1b8</load_address>
         <run_address>0x1b8</run_address>
         <size>0xb</size>
      </object_component>
      <object_component id="oc-403">
         <name>__TI_handler_table</name>
         <load_address>0x1c4</load_address>
         <run_address>0x1c4</run_address>
         <size>0x4</size>
      </object_component>
      <object_component id="oc-404">
         <name>__TI_cinit_table</name>
         <load_address>0x1c8</load_address>
         <run_address>0x1c8</run_address>
         <size>0x4</size>
      </object_component>
      <object_component id="oc-2e">
         <name>.stack</name>
         <uninitialized>true</uninitialized>
         <run_address>0x400</run_address>
         <size>0x0</size>
         <input_file_ref idref="fl-1e"/>
      </object_component>
      <object_component id="oc-406">
         <name>.stack</name>
         <uninitialized>true</uninitialized>
         <run_address>0x400</run_address>
         <size>0x0</size>
      </object_component>
      <object_component id="oc-1f9">
         <name>.const:.string</name>
         <load_address>0xa800</load_address>
         <run_address>0xa800</run_address>
         <size>0xba</size>
         <input_file_ref idref="fl-11"/>
      </object_component>
      <object_component id="oc-3c4">
         <name>.const:.string</name>
         <load_address>0xa8ba</load_address>
         <run_address>0xa8ba</run_address>
         <size>0xb8</size>
         <input_file_ref idref="fl-e"/>
      </object_component>
      <object_component id="oc-361">
         <name>.const:.string</name>
         <load_address>0xa972</load_address>
         <run_address>0xa972</run_address>
         <size>0xb7</size>
         <input_file_ref idref="fl-d"/>
      </object_component>
      <object_component id="oc-137">
         <name>.const:.string</name>
         <load_address>0xaa2a</load_address>
         <run_address>0xaa2a</run_address>
         <size>0xa3</size>
         <input_file_ref idref="fl-6"/>
      </object_component>
      <object_component id="oc-2ce">
         <name>.const:.string</name>
         <load_address>0xaace</load_address>
         <run_address>0xaace</run_address>
         <size>0x90</size>
         <input_file_ref idref="fl-5"/>
      </object_component>
      <object_component id="oc-3b4">
         <name>.const:.string</name>
         <load_address>0xab5e</load_address>
         <run_address>0xab5e</run_address>
         <size>0x5c</size>
         <input_file_ref idref="fl-12"/>
      </object_component>
      <object_component id="oc-352">
         <name>.const:.string</name>
         <load_address>0xabba</load_address>
         <run_address>0xabba</run_address>
         <size>0x47</size>
         <input_file_ref idref="fl-3"/>
      </object_component>
      <object_component id="oc-312">
         <name>.data:TILE1HLCInstr</name>
         <load_address>0xac02</load_address>
         <run_address>0xac02</run_address>
         <size>0x20</size>
         <input_file_ref idref="fl-3"/>
      </object_component>
      <object_component id="oc-b2">
         <name>.data</name>
         <load_address>0xac22</load_address>
         <run_address>0xac22</run_address>
         <size>0x6</size>
         <input_file_ref idref="fl-25"/>
      </object_component>
      <object_component id="oc-b5">
         <name>.data:_lock</name>
         <load_address>0xac28</load_address>
         <run_address>0xac28</run_address>
         <size>0x2</size>
         <input_file_ref idref="fl-26"/>
      </object_component>
      <object_component id="oc-18b">
         <name>.data:_unlock</name>
         <load_address>0xac2a</load_address>
         <run_address>0xac2a</run_address>
         <size>0x2</size>
         <input_file_ref idref="fl-26"/>
      </object_component>
      <object_component id="oc-200">
         <name>.TI.ramfunc</name>
         <load_address>0x1b1</load_address>
         <run_address>0x1b1</run_address>
         <size>0x4</size>
         <input_file_ref idref="fl-11"/>
      </object_component>
      <object_component id="oc-f4">
         <name>.debug_types</name>
         <load_address>0x0</load_address>
         <run_address>0x0</run_address>
         <size>0x2d9</size>
         <input_file_ref idref="fl-2"/>
      </object_component>
      <object_component id="oc-31c">
         <name>.debug_types</name>
         <load_address>0x2d9</load_address>
         <run_address>0x2d9</run_address>
         <size>0x29c</size>
         <input_file_ref idref="fl-3"/>
      </object_component>
      <object_component id="oc-187">
         <name>.debug_types</name>
         <load_address>0x575</load_address>
         <run_address>0x575</run_address>
         <size>0x571a</size>
         <input_file_ref idref="fl-5"/>
      </object_component>
      <object_component id="oc-157">
         <name>.debug_types</name>
         <load_address>0x5c8f</load_address>
         <run_address>0x5c8f</run_address>
         <size>0x144e</size>
         <input_file_ref idref="fl-6"/>
      </object_component>
      <object_component id="oc-369">
         <name>.debug_types</name>
         <load_address>0x70dd</load_address>
         <run_address>0x70dd</run_address>
         <size>0xf1</size>
         <input_file_ref idref="fl-d"/>
      </object_component>
      <object_component id="oc-3c6">
         <name>.debug_types</name>
         <load_address>0x71ce</load_address>
         <run_address>0x71ce</run_address>
         <size>0x35f</size>
         <input_file_ref idref="fl-e"/>
      </object_component>
      <object_component id="oc-16c">
         <name>.debug_types</name>
         <load_address>0x752d</load_address>
         <run_address>0x752d</run_address>
         <size>0x37</size>
         <input_file_ref idref="fl-f"/>
      </object_component>
      <object_component id="oc-214">
         <name>.debug_types</name>
         <load_address>0x7564</load_address>
         <run_address>0x7564</run_address>
         <size>0x8b4</size>
         <input_file_ref idref="fl-11"/>
      </object_component>
      <object_component id="oc-3b6">
         <name>.debug_types</name>
         <load_address>0x7e18</load_address>
         <run_address>0x7e18</run_address>
         <size>0x209d</size>
         <input_file_ref idref="fl-12"/>
      </object_component>
      <object_component id="oc-79">
         <name>.debug_types</name>
         <load_address>0x0</load_address>
         <run_address>0x0</run_address>
         <size>0x0</size>
         <input_file_ref idref="fl-20"/>
      </object_component>
      <object_component id="oc-c7">
         <name>.debug_types</name>
         <load_address>0x9eb5</load_address>
         <run_address>0x9eb5</run_address>
         <size>0x517</size>
         <input_file_ref idref="fl-21"/>
      </object_component>
      <object_component id="oc-38">
         <name>.debug_types</name>
         <load_address>0xa3cc</load_address>
         <run_address>0xa3cc</run_address>
         <size>0x1c8</size>
         <input_file_ref idref="fl-23"/>
      </object_component>
      <object_component id="oc-30">
         <name>.debug_types</name>
         <load_address>0xa594</load_address>
         <run_address>0xa594</run_address>
         <size>0x191</size>
         <input_file_ref idref="fl-24"/>
      </object_component>
      <object_component id="oc-b9">
         <name>.debug_types</name>
         <load_address>0xa725</load_address>
         <run_address>0xa725</run_address>
         <size>0xbf</size>
         <input_file_ref idref="fl-25"/>
      </object_component>
      <object_component id="oc-102">
         <name>.debug_types</name>
         <load_address>0xa7e4</load_address>
         <run_address>0xa7e4</run_address>
         <size>0x2f</size>
         <input_file_ref idref="fl-26"/>
      </object_component>
      <object_component id="oc-b1">
         <name>.debug_types</name>
         <load_address>0xa813</load_address>
         <run_address>0xa813</run_address>
         <size>0xe1</size>
         <input_file_ref idref="fl-27"/>
      </object_component>
      <object_component id="oc-4f">
         <name>.debug_types</name>
         <load_address>0xa8f4</load_address>
         <run_address>0xa8f4</run_address>
         <size>0xe3</size>
         <input_file_ref idref="fl-2a"/>
      </object_component>
      <object_component id="oc-107">
         <name>.debug_types</name>
         <load_address>0x0</load_address>
         <run_address>0x0</run_address>
         <size>0x0</size>
         <input_file_ref idref="fl-2b"/>
      </object_component>
      <object_component id="oc-ad">
         <name>.debug_info</name>
         <load_address>0x0</load_address>
         <run_address>0x0</run_address>
         <size>0x14f</size>
         <input_file_ref idref="fl-2"/>
      </object_component>
      <object_component id="oc-313">
         <name>.debug_info</name>
         <load_address>0x14f</load_address>
         <run_address>0x14f</run_address>
         <size>0xe4</size>
         <input_file_ref idref="fl-3"/>
      </object_component>
      <object_component id="oc-34e">
         <name>.debug_info</name>
         <load_address>0x233</load_address>
         <run_address>0x233</run_address>
         <size>0x169</size>
         <input_file_ref idref="fl-3"/>
      </object_component>
      <object_component id="oc-3a9">
         <name>.debug_info</name>
         <load_address>0x39c</load_address>
         <run_address>0x39c</run_address>
         <size>0x175</size>
         <input_file_ref idref="fl-3"/>
      </object_component>
      <object_component id="oc-36d">
         <name>.debug_info</name>
         <load_address>0x511</load_address>
         <run_address>0x511</run_address>
         <size>0x1d8</size>
         <input_file_ref idref="fl-3"/>
      </object_component>
      <object_component id="oc-2d8">
         <name>.debug_info</name>
         <load_address>0x6e9</load_address>
         <run_address>0x6e9</run_address>
         <size>0x1df</size>
         <input_file_ref idref="fl-3"/>
      </object_component>
      <object_component id="oc-2dd">
         <name>.debug_info</name>
         <load_address>0x8c8</load_address>
         <run_address>0x8c8</run_address>
         <size>0x1bc</size>
         <input_file_ref idref="fl-3"/>
      </object_component>
      <object_component id="oc-2e3">
         <name>.debug_info</name>
         <load_address>0xa84</load_address>
         <run_address>0xa84</run_address>
         <size>0x1df</size>
         <input_file_ref idref="fl-3"/>
      </object_component>
      <object_component id="oc-2f1">
         <name>.debug_info</name>
         <load_address>0xc63</load_address>
         <run_address>0xc63</run_address>
         <size>0x1c4</size>
         <input_file_ref idref="fl-3"/>
      </object_component>
      <object_component id="oc-2ea">
         <name>.debug_info</name>
         <load_address>0xe27</load_address>
         <run_address>0xe27</run_address>
         <size>0x1d8</size>
         <input_file_ref idref="fl-3"/>
      </object_component>
      <object_component id="oc-2f5">
         <name>.debug_info</name>
         <load_address>0xfff</load_address>
         <run_address>0xfff</run_address>
         <size>0x1dd</size>
         <input_file_ref idref="fl-3"/>
      </object_component>
      <object_component id="oc-2fd">
         <name>.debug_info</name>
         <load_address>0x11dc</load_address>
         <run_address>0x11dc</run_address>
         <size>0x1aa</size>
         <input_file_ref idref="fl-3"/>
      </object_component>
      <object_component id="oc-2d3">
         <name>.debug_info</name>
         <load_address>0x1386</load_address>
         <run_address>0x1386</run_address>
         <size>0x1c6</size>
         <input_file_ref idref="fl-3"/>
      </object_component>
      <object_component id="oc-309">
         <name>.debug_info</name>
         <load_address>0x154c</load_address>
         <run_address>0x154c</run_address>
         <size>0x1ac</size>
         <input_file_ref idref="fl-3"/>
      </object_component>
      <object_component id="oc-317">
         <name>.debug_info</name>
         <load_address>0x16f8</load_address>
         <run_address>0x16f8</run_address>
         <size>0x1f3</size>
         <input_file_ref idref="fl-3"/>
      </object_component>
      <object_component id="oc-30f">
         <name>.debug_info</name>
         <load_address>0x18eb</load_address>
         <run_address>0x18eb</run_address>
         <size>0x239</size>
         <input_file_ref idref="fl-3"/>
      </object_component>
      <object_component id="oc-245">
         <name>.debug_info</name>
         <load_address>0x1b24</load_address>
         <run_address>0x1b24</run_address>
         <size>0x36f</size>
         <input_file_ref idref="fl-3"/>
      </object_component>
      <object_component id="oc-238">
         <name>.debug_info</name>
         <load_address>0x1e93</load_address>
         <run_address>0x1e93</run_address>
         <size>0x1b4</size>
         <input_file_ref idref="fl-5"/>
      </object_component>
      <object_component id="oc-2ca">
         <name>.debug_info</name>
         <load_address>0x2047</load_address>
         <run_address>0x2047</run_address>
         <size>0x173</size>
         <input_file_ref idref="fl-5"/>
      </object_component>
      <object_component id="oc-23e">
         <name>.debug_info</name>
         <load_address>0x21ba</load_address>
         <run_address>0x21ba</run_address>
         <size>0x18b</size>
         <input_file_ref idref="fl-5"/>
      </object_component>
      <object_component id="oc-32b">
         <name>.debug_info</name>
         <load_address>0x2345</load_address>
         <run_address>0x2345</run_address>
         <size>0x1cf</size>
         <input_file_ref idref="fl-5"/>
      </object_component>
      <object_component id="oc-3b8">
         <name>.debug_info</name>
         <load_address>0x2514</load_address>
         <run_address>0x2514</run_address>
         <size>0x176</size>
         <input_file_ref idref="fl-5"/>
      </object_component>
      <object_component id="oc-37f">
         <name>.debug_info</name>
         <load_address>0x268a</load_address>
         <run_address>0x268a</run_address>
         <size>0x1e8</size>
         <input_file_ref idref="fl-5"/>
      </object_component>
      <object_component id="oc-31e">
         <name>.debug_info</name>
         <load_address>0x2872</load_address>
         <run_address>0x2872</run_address>
         <size>0x1a3</size>
         <input_file_ref idref="fl-5"/>
      </object_component>
      <object_component id="oc-324">
         <name>.debug_info</name>
         <load_address>0x2a15</load_address>
         <run_address>0x2a15</run_address>
         <size>0x1a3</size>
         <input_file_ref idref="fl-5"/>
      </object_component>
      <object_component id="oc-249">
         <name>.debug_info</name>
         <load_address>0x2bb8</load_address>
         <run_address>0x2bb8</run_address>
         <size>0x16e</size>
         <input_file_ref idref="fl-5"/>
      </object_component>
      <object_component id="oc-181">
         <name>.debug_info</name>
         <load_address>0x2d26</load_address>
         <run_address>0x2d26</run_address>
         <size>0x169</size>
         <input_file_ref idref="fl-5"/>
      </object_component>
      <object_component id="oc-ee">
         <name>.debug_info</name>
         <load_address>0x2e8f</load_address>
         <run_address>0x2e8f</run_address>
         <size>0x128</size>
         <input_file_ref idref="fl-5"/>
      </object_component>
      <object_component id="oc-14b">
         <name>.debug_info</name>
         <load_address>0x2fb7</load_address>
         <run_address>0x2fb7</run_address>
         <size>0x149</size>
         <input_file_ref idref="fl-6"/>
      </object_component>
      <object_component id="oc-19f">
         <name>.debug_info</name>
         <load_address>0x3100</load_address>
         <run_address>0x3100</run_address>
         <size>0x1a9</size>
         <input_file_ref idref="fl-6"/>
      </object_component>
      <object_component id="oc-120">
         <name>.debug_info</name>
         <load_address>0x32a9</load_address>
         <run_address>0x32a9</run_address>
         <size>0x17d</size>
         <input_file_ref idref="fl-6"/>
      </object_component>
      <object_component id="oc-10e">
         <name>.debug_info</name>
         <load_address>0x3426</load_address>
         <run_address>0x3426</run_address>
         <size>0x150</size>
         <input_file_ref idref="fl-6"/>
      </object_component>
      <object_component id="oc-12c">
         <name>.debug_info</name>
         <load_address>0x3576</load_address>
         <run_address>0x3576</run_address>
         <size>0x18e</size>
         <input_file_ref idref="fl-6"/>
      </object_component>
      <object_component id="oc-257">
         <name>.debug_info</name>
         <load_address>0x3704</load_address>
         <run_address>0x3704</run_address>
         <size>0x166</size>
         <input_file_ref idref="fl-6"/>
      </object_component>
      <object_component id="oc-1e7">
         <name>.debug_info</name>
         <load_address>0x386a</load_address>
         <run_address>0x386a</run_address>
         <size>0x184</size>
         <input_file_ref idref="fl-6"/>
      </object_component>
      <object_component id="oc-1b1">
         <name>.debug_info</name>
         <load_address>0x39ee</load_address>
         <run_address>0x39ee</run_address>
         <size>0x186</size>
         <input_file_ref idref="fl-6"/>
      </object_component>
      <object_component id="oc-1db">
         <name>.debug_info</name>
         <load_address>0x3b74</load_address>
         <run_address>0x3b74</run_address>
         <size>0x190</size>
         <input_file_ref idref="fl-6"/>
      </object_component>
      <object_component id="oc-1e1">
         <name>.debug_info</name>
         <load_address>0x3d04</load_address>
         <run_address>0x3d04</run_address>
         <size>0x18e</size>
         <input_file_ref idref="fl-6"/>
      </object_component>
      <object_component id="oc-1b7">
         <name>.debug_info</name>
         <load_address>0x3e92</load_address>
         <run_address>0x3e92</run_address>
         <size>0x192</size>
         <input_file_ref idref="fl-6"/>
      </object_component>
      <object_component id="oc-1bd">
         <name>.debug_info</name>
         <load_address>0x4024</load_address>
         <run_address>0x4024</run_address>
         <size>0x190</size>
         <input_file_ref idref="fl-6"/>
      </object_component>
      <object_component id="oc-1d5">
         <name>.debug_info</name>
         <load_address>0x41b4</load_address>
         <run_address>0x41b4</run_address>
         <size>0x1b7</size>
         <input_file_ref idref="fl-6"/>
      </object_component>
      <object_component id="oc-1f3">
         <name>.debug_info</name>
         <load_address>0x436b</load_address>
         <run_address>0x436b</run_address>
         <size>0x192</size>
         <input_file_ref idref="fl-6"/>
      </object_component>
      <object_component id="oc-1ed">
         <name>.debug_info</name>
         <load_address>0x44fd</load_address>
         <run_address>0x44fd</run_address>
         <size>0x19c</size>
         <input_file_ref idref="fl-6"/>
      </object_component>
      <object_component id="oc-1a5">
         <name>.debug_info</name>
         <load_address>0x4699</load_address>
         <run_address>0x4699</run_address>
         <size>0x18a</size>
         <input_file_ref idref="fl-6"/>
      </object_component>
      <object_component id="oc-1ab">
         <name>.debug_info</name>
         <load_address>0x4823</load_address>
         <run_address>0x4823</run_address>
         <size>0x188</size>
         <input_file_ref idref="fl-6"/>
      </object_component>
      <object_component id="oc-1c9">
         <name>.debug_info</name>
         <load_address>0x49ab</load_address>
         <run_address>0x49ab</run_address>
         <size>0x1bb</size>
         <input_file_ref idref="fl-6"/>
      </object_component>
      <object_component id="oc-1c3">
         <name>.debug_info</name>
         <load_address>0x4b66</load_address>
         <run_address>0x4b66</run_address>
         <size>0x1bb</size>
         <input_file_ref idref="fl-6"/>
      </object_component>
      <object_component id="oc-1d0">
         <name>.debug_info</name>
         <load_address>0x4d21</load_address>
         <run_address>0x4d21</run_address>
         <size>0x1fd</size>
         <input_file_ref idref="fl-6"/>
      </object_component>
      <object_component id="oc-15a">
         <name>.debug_info</name>
         <load_address>0x4f1e</load_address>
         <run_address>0x4f1e</run_address>
         <size>0x1ac</size>
         <input_file_ref idref="fl-6"/>
      </object_component>
      <object_component id="oc-d6">
         <name>.debug_info</name>
         <load_address>0x50ca</load_address>
         <run_address>0x50ca</run_address>
         <size>0x256</size>
         <input_file_ref idref="fl-6"/>
      </object_component>
      <object_component id="oc-151">
         <name>.debug_info</name>
         <load_address>0x5320</load_address>
         <run_address>0x5320</run_address>
         <size>0xbab</size>
         <input_file_ref idref="fl-6"/>
      </object_component>
      <object_component id="oc-dc">
         <name>.debug_info</name>
         <load_address>0x5ecb</load_address>
         <run_address>0x5ecb</run_address>
         <size>0x1d3</size>
         <input_file_ref idref="fl-6"/>
      </object_component>
      <object_component id="oc-229">
         <name>.debug_info</name>
         <load_address>0x609e</load_address>
         <run_address>0x609e</run_address>
         <size>0x13f</size>
         <input_file_ref idref="fl-6"/>
      </object_component>
      <object_component id="oc-160">
         <name>.debug_info</name>
         <load_address>0x61dd</load_address>
         <run_address>0x61dd</run_address>
         <size>0x171</size>
         <input_file_ref idref="fl-6"/>
      </object_component>
      <object_component id="oc-114">
         <name>.debug_info</name>
         <load_address>0x634e</load_address>
         <run_address>0x634e</run_address>
         <size>0x359</size>
         <input_file_ref idref="fl-6"/>
      </object_component>
      <object_component id="oc-139">
         <name>.debug_info</name>
         <load_address>0x66a7</load_address>
         <run_address>0x66a7</run_address>
         <size>0x149</size>
         <input_file_ref idref="fl-6"/>
      </object_component>
      <object_component id="oc-2b">
         <name>.debug_info</name>
         <load_address>0x67f0</load_address>
         <run_address>0x67f0</run_address>
         <size>0xfb</size>
         <input_file_ref idref="fl-7"/>
      </object_component>
      <object_component id="oc-35c">
         <name>.debug_info</name>
         <load_address>0x68eb</load_address>
         <run_address>0x68eb</run_address>
         <size>0x1fd</size>
         <input_file_ref idref="fl-d"/>
      </object_component>
      <object_component id="oc-39e">
         <name>.debug_info</name>
         <load_address>0x6ae8</load_address>
         <run_address>0x6ae8</run_address>
         <size>0x209</size>
         <input_file_ref idref="fl-d"/>
      </object_component>
      <object_component id="oc-363">
         <name>.debug_info</name>
         <load_address>0x6cf1</load_address>
         <run_address>0x6cf1</run_address>
         <size>0x26c</size>
         <input_file_ref idref="fl-d"/>
      </object_component>
      <object_component id="oc-301">
         <name>.debug_info</name>
         <load_address>0x6f5d</load_address>
         <run_address>0x6f5d</run_address>
         <size>0x367</size>
         <input_file_ref idref="fl-d"/>
      </object_component>
      <object_component id="oc-3c0">
         <name>.debug_info</name>
         <load_address>0x72c4</load_address>
         <run_address>0x72c4</run_address>
         <size>0x1fb</size>
         <input_file_ref idref="fl-e"/>
      </object_component>
      <object_component id="oc-386">
         <name>.debug_info</name>
         <load_address>0x74bf</load_address>
         <run_address>0x74bf</run_address>
         <size>0x273</size>
         <input_file_ref idref="fl-e"/>
      </object_component>
      <object_component id="oc-38b">
         <name>.debug_info</name>
         <load_address>0x7732</load_address>
         <run_address>0x7732</run_address>
         <size>0x25c</size>
         <input_file_ref idref="fl-e"/>
      </object_component>
      <object_component id="oc-391">
         <name>.debug_info</name>
         <load_address>0x798e</load_address>
         <run_address>0x798e</run_address>
         <size>0x245</size>
         <input_file_ref idref="fl-e"/>
      </object_component>
      <object_component id="oc-167">
         <name>.debug_info</name>
         <load_address>0x7bd3</load_address>
         <run_address>0x7bd3</run_address>
         <size>0x1f8</size>
         <input_file_ref idref="fl-f"/>
      </object_component>
      <object_component id="oc-16f">
         <name>.debug_info</name>
         <load_address>0x7dcb</load_address>
         <run_address>0x7dcb</run_address>
         <size>0x212</size>
         <input_file_ref idref="fl-f"/>
      </object_component>
      <object_component id="oc-17b">
         <name>.debug_info</name>
         <load_address>0x7fdd</load_address>
         <run_address>0x7fdd</run_address>
         <size>0x1f8</size>
         <input_file_ref idref="fl-f"/>
      </object_component>
      <object_component id="oc-175">
         <name>.debug_info</name>
         <load_address>0x81d5</load_address>
         <run_address>0x81d5</run_address>
         <size>0x1de</size>
         <input_file_ref idref="fl-f"/>
      </object_component>
      <object_component id="oc-e2">
         <name>.debug_info</name>
         <load_address>0x83b3</load_address>
         <run_address>0x83b3</run_address>
         <size>0x205</size>
         <input_file_ref idref="fl-f"/>
      </object_component>
      <object_component id="oc-e8">
         <name>.debug_info</name>
         <load_address>0x85b8</load_address>
         <run_address>0x85b8</run_address>
         <size>0x200</size>
         <input_file_ref idref="fl-f"/>
      </object_component>
      <object_component id="oc-27c">
         <name>.debug_info</name>
         <load_address>0x87b8</load_address>
         <run_address>0x87b8</run_address>
         <size>0x241</size>
         <input_file_ref idref="fl-11"/>
      </object_component>
      <object_component id="oc-1fd">
         <name>.debug_info</name>
         <load_address>0x89f9</load_address>
         <run_address>0x89f9</run_address>
         <size>0x204</size>
         <input_file_ref idref="fl-11"/>
      </object_component>
      <object_component id="oc-334">
         <name>.debug_info</name>
         <load_address>0x8bfd</load_address>
         <run_address>0x8bfd</run_address>
         <size>0x1da</size>
         <input_file_ref idref="fl-11"/>
      </object_component>
      <object_component id="oc-20a">
         <name>.debug_info</name>
         <load_address>0x8dd7</load_address>
         <run_address>0x8dd7</run_address>
         <size>0x209</size>
         <input_file_ref idref="fl-11"/>
      </object_component>
      <object_component id="oc-33d">
         <name>.debug_info</name>
         <load_address>0x8fe0</load_address>
         <run_address>0x8fe0</run_address>
         <size>0x1fe</size>
         <input_file_ref idref="fl-11"/>
      </object_component>
      <object_component id="oc-2b8">
         <name>.debug_info</name>
         <load_address>0x91de</load_address>
         <run_address>0x91de</run_address>
         <size>0x21c</size>
         <input_file_ref idref="fl-11"/>
      </object_component>
      <object_component id="oc-28e">
         <name>.debug_info</name>
         <load_address>0x93fa</load_address>
         <run_address>0x93fa</run_address>
         <size>0x21e</size>
         <input_file_ref idref="fl-11"/>
      </object_component>
      <object_component id="oc-294">
         <name>.debug_info</name>
         <load_address>0x9618</load_address>
         <run_address>0x9618</run_address>
         <size>0x22a</size>
         <input_file_ref idref="fl-11"/>
      </object_component>
      <object_component id="oc-29a">
         <name>.debug_info</name>
         <load_address>0x9842</load_address>
         <run_address>0x9842</run_address>
         <size>0x228</size>
         <input_file_ref idref="fl-11"/>
      </object_component>
      <object_component id="oc-2b2">
         <name>.debug_info</name>
         <load_address>0x9a6a</load_address>
         <run_address>0x9a6a</run_address>
         <size>0x24f</size>
         <input_file_ref idref="fl-11"/>
      </object_component>
      <object_component id="oc-282">
         <name>.debug_info</name>
         <load_address>0x9cb9</load_address>
         <run_address>0x9cb9</run_address>
         <size>0x222</size>
         <input_file_ref idref="fl-11"/>
      </object_component>
      <object_component id="oc-288">
         <name>.debug_info</name>
         <load_address>0x9edb</load_address>
         <run_address>0x9edb</run_address>
         <size>0x220</size>
         <input_file_ref idref="fl-11"/>
      </object_component>
      <object_component id="oc-2a6">
         <name>.debug_info</name>
         <load_address>0xa0fb</load_address>
         <run_address>0xa0fb</run_address>
         <size>0x253</size>
         <input_file_ref idref="fl-11"/>
      </object_component>
      <object_component id="oc-2a0">
         <name>.debug_info</name>
         <load_address>0xa34e</load_address>
         <run_address>0xa34e</run_address>
         <size>0x253</size>
         <input_file_ref idref="fl-11"/>
      </object_component>
      <object_component id="oc-2ac">
         <name>.debug_info</name>
         <load_address>0xa5a1</load_address>
         <run_address>0xa5a1</run_address>
         <size>0x295</size>
         <input_file_ref idref="fl-11"/>
      </object_component>
      <object_component id="oc-2c2">
         <name>.debug_info</name>
         <load_address>0xa836</load_address>
         <run_address>0xa836</run_address>
         <size>0x20a</size>
         <input_file_ref idref="fl-11"/>
      </object_component>
      <object_component id="oc-134">
         <name>.debug_info</name>
         <load_address>0xaa40</load_address>
         <run_address>0xaa40</run_address>
         <size>0x26d</size>
         <input_file_ref idref="fl-11"/>
      </object_component>
      <object_component id="oc-147">
         <name>.debug_info</name>
         <load_address>0xacad</load_address>
         <run_address>0xacad</run_address>
         <size>0x262</size>
         <input_file_ref idref="fl-11"/>
      </object_component>
      <object_component id="oc-11c">
         <name>.debug_info</name>
         <load_address>0xaf0f</load_address>
         <run_address>0xaf0f</run_address>
         <size>0x3d2</size>
         <input_file_ref idref="fl-11"/>
      </object_component>
      <object_component id="oc-128">
         <name>.debug_info</name>
         <load_address>0xb2e1</load_address>
         <run_address>0xb2e1</run_address>
         <size>0x369</size>
         <input_file_ref idref="fl-11"/>
      </object_component>
      <object_component id="oc-26e">
         <name>.debug_info</name>
         <load_address>0xb64a</load_address>
         <run_address>0xb64a</run_address>
         <size>0x24d</size>
         <input_file_ref idref="fl-11"/>
      </object_component>
      <object_component id="oc-274">
         <name>.debug_info</name>
         <load_address>0xb897</load_address>
         <run_address>0xb897</run_address>
         <size>0x234</size>
         <input_file_ref idref="fl-11"/>
      </object_component>
      <object_component id="oc-204">
         <name>.debug_info</name>
         <load_address>0xbacb</load_address>
         <run_address>0xbacb</run_address>
         <size>0x25b</size>
         <input_file_ref idref="fl-11"/>
      </object_component>
      <object_component id="oc-218">
         <name>.debug_info</name>
         <load_address>0xbd26</load_address>
         <run_address>0xbd26</run_address>
         <size>0x253</size>
         <input_file_ref idref="fl-11"/>
      </object_component>
      <object_component id="oc-140">
         <name>.debug_info</name>
         <load_address>0xbf79</load_address>
         <run_address>0xbf79</run_address>
         <size>0x247</size>
         <input_file_ref idref="fl-11"/>
      </object_component>
      <object_component id="oc-20f">
         <name>.debug_info</name>
         <load_address>0xc1c0</load_address>
         <run_address>0xc1c0</run_address>
         <size>0x4f1</size>
         <input_file_ref idref="fl-11"/>
      </object_component>
      <object_component id="oc-3b2">
         <name>.debug_info</name>
         <load_address>0xc6b1</load_address>
         <run_address>0xc6b1</run_address>
         <size>0x201</size>
         <input_file_ref idref="fl-12"/>
      </object_component>
      <object_component id="oc-37b">
         <name>.debug_info</name>
         <load_address>0xc8b2</load_address>
         <run_address>0xc8b2</run_address>
         <size>0x29f</size>
         <input_file_ref idref="fl-12"/>
      </object_component>
      <object_component id="oc-46">
         <name>.debug_info</name>
         <load_address>0xcb51</load_address>
         <run_address>0xcb51</run_address>
         <size>0x158</size>
         <input_file_ref idref="fl-1e"/>
      </object_component>
      <object_component id="oc-19a">
         <name>.debug_info</name>
         <load_address>0xcca9</load_address>
         <run_address>0xcca9</run_address>
         <size>0x127</size>
         <input_file_ref idref="fl-1f"/>
      </object_component>
      <object_component id="oc-5f">
         <name>.debug_info</name>
         <load_address>0xcdd0</load_address>
         <run_address>0xcdd0</run_address>
         <size>0x14d</size>
         <input_file_ref idref="fl-20"/>
      </object_component>
      <object_component id="oc-7b">
         <name>.debug_info</name>
         <load_address>0xcf1d</load_address>
         <run_address>0xcf1d</run_address>
         <size>0x1bf</size>
         <input_file_ref idref="fl-21"/>
      </object_component>
      <object_component id="oc-25">
         <name>.debug_info</name>
         <load_address>0xd0dc</load_address>
         <run_address>0xd0dc</run_address>
         <size>0x1b7</size>
         <input_file_ref idref="fl-23"/>
      </object_component>
      <object_component id="oc-1e">
         <name>.debug_info</name>
         <load_address>0xd293</load_address>
         <run_address>0xd293</run_address>
         <size>0x20c</size>
         <input_file_ref idref="fl-24"/>
      </object_component>
      <object_component id="oc-b3">
         <name>.debug_info</name>
         <load_address>0xd49f</load_address>
         <run_address>0xd49f</run_address>
         <size>0x19e</size>
         <input_file_ref idref="fl-25"/>
      </object_component>
      <object_component id="oc-6d">
         <name>.debug_info</name>
         <load_address>0xd63d</load_address>
         <run_address>0xd63d</run_address>
         <size>0x1a9</size>
         <input_file_ref idref="fl-25"/>
      </object_component>
      <object_component id="oc-b6">
         <name>.debug_info</name>
         <load_address>0xd7e6</load_address>
         <run_address>0xd7e6</run_address>
         <size>0x107</size>
         <input_file_ref idref="fl-26"/>
      </object_component>
      <object_component id="oc-18c">
         <name>.debug_info</name>
         <load_address>0xd8ed</load_address>
         <run_address>0xd8ed</run_address>
         <size>0x10b</size>
         <input_file_ref idref="fl-26"/>
      </object_component>
      <object_component id="oc-fc">
         <name>.debug_info</name>
         <load_address>0xd9f8</load_address>
         <run_address>0xd9f8</run_address>
         <size>0x203</size>
         <input_file_ref idref="fl-26"/>
      </object_component>
      <object_component id="oc-64">
         <name>.debug_info</name>
         <load_address>0xdbfb</load_address>
         <run_address>0xdbfb</run_address>
         <size>0x15d</size>
         <input_file_ref idref="fl-27"/>
      </object_component>
      <object_component id="oc-34">
         <name>.debug_info</name>
         <load_address>0xdd58</load_address>
         <run_address>0xdd58</run_address>
         <size>0x19b</size>
         <input_file_ref idref="fl-2a"/>
      </object_component>
      <object_component id="oc-c3">
         <name>.debug_info</name>
         <load_address>0xdef3</load_address>
         <run_address>0xdef3</run_address>
         <size>0x147</size>
         <input_file_ref idref="fl-2b"/>
      </object_component>
      <object_component id="oc-40a">
         <name>.debug_info</name>
         <load_address>0xe03a</load_address>
         <run_address>0xe03a</run_address>
         <size>0x9c</size>
      </object_component>
      <object_component id="oc-af">
         <name>.debug_line</name>
         <load_address>0x0</load_address>
         <run_address>0x0</run_address>
         <size>0x46</size>
         <input_file_ref idref="fl-2"/>
      </object_component>
      <object_component id="oc-189">
         <name>.debug_line</name>
         <load_address>0x46</load_address>
         <run_address>0x46</run_address>
         <size>0x21</size>
         <input_file_ref idref="fl-2"/>
      </object_component>
      <object_component id="oc-373">
         <name>.debug_line</name>
         <load_address>0x67</load_address>
         <run_address>0x67</run_address>
         <size>0x38</size>
         <input_file_ref idref="fl-3"/>
      </object_component>
      <object_component id="oc-351">
         <name>.debug_line</name>
         <load_address>0x9f</load_address>
         <run_address>0x9f</run_address>
         <size>0x85</size>
         <input_file_ref idref="fl-3"/>
      </object_component>
      <object_component id="oc-3ac">
         <name>.debug_line</name>
         <load_address>0x124</load_address>
         <run_address>0x124</run_address>
         <size>0x81</size>
         <input_file_ref idref="fl-3"/>
      </object_component>
      <object_component id="oc-36c">
         <name>.debug_line</name>
         <load_address>0x1a5</load_address>
         <run_address>0x1a5</run_address>
         <size>0x87</size>
         <input_file_ref idref="fl-3"/>
      </object_component>
      <object_component id="oc-2db">
         <name>.debug_line</name>
         <load_address>0x22c</load_address>
         <run_address>0x22c</run_address>
         <size>0x87</size>
         <input_file_ref idref="fl-3"/>
      </object_component>
      <object_component id="oc-2e1">
         <name>.debug_line</name>
         <load_address>0x2b3</load_address>
         <run_address>0x2b3</run_address>
         <size>0x85</size>
         <input_file_ref idref="fl-3"/>
      </object_component>
      <object_component id="oc-2e7">
         <name>.debug_line</name>
         <load_address>0x338</load_address>
         <run_address>0x338</run_address>
         <size>0x87</size>
         <input_file_ref idref="fl-3"/>
      </object_component>
      <object_component id="oc-2ef">
         <name>.debug_line</name>
         <load_address>0x3bf</load_address>
         <run_address>0x3bf</run_address>
         <size>0x85</size>
         <input_file_ref idref="fl-3"/>
      </object_component>
      <object_component id="oc-2ed">
         <name>.debug_line</name>
         <load_address>0x444</load_address>
         <run_address>0x444</run_address>
         <size>0x86</size>
         <input_file_ref idref="fl-3"/>
      </object_component>
      <object_component id="oc-2f9">
         <name>.debug_line</name>
         <load_address>0x4ca</load_address>
         <run_address>0x4ca</run_address>
         <size>0x87</size>
         <input_file_ref idref="fl-3"/>
      </object_component>
      <object_component id="oc-2fb">
         <name>.debug_line</name>
         <load_address>0x551</load_address>
         <run_address>0x551</run_address>
         <size>0x84</size>
         <input_file_ref idref="fl-3"/>
      </object_component>
      <object_component id="oc-2d1">
         <name>.debug_line</name>
         <load_address>0x5d5</load_address>
         <run_address>0x5d5</run_address>
         <size>0x84</size>
         <input_file_ref idref="fl-3"/>
      </object_component>
      <object_component id="oc-307">
         <name>.debug_line</name>
         <load_address>0x659</load_address>
         <run_address>0x659</run_address>
         <size>0x84</size>
         <input_file_ref idref="fl-3"/>
      </object_component>
      <object_component id="oc-31a">
         <name>.debug_line</name>
         <load_address>0x6dd</load_address>
         <run_address>0x6dd</run_address>
         <size>0x83</size>
         <input_file_ref idref="fl-3"/>
      </object_component>
      <object_component id="oc-30d">
         <name>.debug_line</name>
         <load_address>0x760</load_address>
         <run_address>0x760</run_address>
         <size>0x85</size>
         <input_file_ref idref="fl-3"/>
      </object_component>
      <object_component id="oc-243">
         <name>.debug_line</name>
         <load_address>0x7e5</load_address>
         <run_address>0x7e5</run_address>
         <size>0x6f</size>
         <input_file_ref idref="fl-3"/>
      </object_component>
      <object_component id="oc-376">
         <name>.debug_line</name>
         <load_address>0x854</load_address>
         <run_address>0x854</run_address>
         <size>0xb7</size>
         <input_file_ref idref="fl-3"/>
      </object_component>
      <object_component id="oc-237">
         <name>.debug_line</name>
         <load_address>0x90b</load_address>
         <run_address>0x90b</run_address>
         <size>0x88</size>
         <input_file_ref idref="fl-5"/>
      </object_component>
      <object_component id="oc-2c9">
         <name>.debug_line</name>
         <load_address>0x993</load_address>
         <run_address>0x993</run_address>
         <size>0x85</size>
         <input_file_ref idref="fl-5"/>
      </object_component>
      <object_component id="oc-23d">
         <name>.debug_line</name>
         <load_address>0xa18</load_address>
         <run_address>0xa18</run_address>
         <size>0x84</size>
         <input_file_ref idref="fl-5"/>
      </object_component>
      <object_component id="oc-32a">
         <name>.debug_line</name>
         <load_address>0xa9c</load_address>
         <run_address>0xa9c</run_address>
         <size>0x86</size>
         <input_file_ref idref="fl-5"/>
      </object_component>
      <object_component id="oc-3bb">
         <name>.debug_line</name>
         <load_address>0xb22</load_address>
         <run_address>0xb22</run_address>
         <size>0x82</size>
         <input_file_ref idref="fl-5"/>
      </object_component>
      <object_component id="oc-383">
         <name>.debug_line</name>
         <load_address>0xba4</load_address>
         <run_address>0xba4</run_address>
         <size>0x88</size>
         <input_file_ref idref="fl-5"/>
      </object_component>
      <object_component id="oc-321">
         <name>.debug_line</name>
         <load_address>0xc2c</load_address>
         <run_address>0xc2c</run_address>
         <size>0x5c</size>
         <input_file_ref idref="fl-5"/>
      </object_component>
      <object_component id="oc-328">
         <name>.debug_line</name>
         <load_address>0xc88</load_address>
         <run_address>0xc88</run_address>
         <size>0x5c</size>
         <input_file_ref idref="fl-5"/>
      </object_component>
      <object_component id="oc-24d">
         <name>.debug_line</name>
         <load_address>0xce4</load_address>
         <run_address>0xce4</run_address>
         <size>0x5a</size>
         <input_file_ref idref="fl-5"/>
[...]
         <name>RAMGS12</name>
         <page_id>0x0</page_id>
         <origin>0x19000</origin>
         <length>0x1000</length>
         <used_space>0x0</used_space>
         <unused_space>0x1000</unused_space>
         <attributes>RWIX</attributes>
         <usage_details>
         </usage_details>
      </memory_area>
      <memory_area display="yes" color="green">
         <name>RAMGS13</name>
         <page_id>0x0</page_id>
         <origin>0x1a000</origin>
         <length>0x1000</length>
         <used_space>0x0</used_space>
         <unused_space>0x1000</unused_space>
         <attributes>RWIX</attributes>
         <usage_details>
         </usage_details>
      </memory_area>
      <memory_area display="yes" color="green">
         <name>RAMGS14</name>
         <page_id>0x0</page_id>
         <origin>0x1b000</origin>
         <length>0x1000</length>
         <used_space>0x0</used_space>
         <unused_space>0x1000</unused_space>
         <attributes>RWIX</attributes>
         <usage_details>
         </usage_details>
      </memory_area>
      <memory_area display="yes" color="green">
         <name>RAMGS15</name>
         <page_id>0x0</page_id>
         <origin>0x1c000</origin>
         <length>0xff8</length>
         <used_space>0x0</used_space>
         <unused_space>0xff8</unused_space>
         <attributes>RWIX</attributes>
         <usage_details>
         </usage_details>
      </memory_area>
      <memory_area display="yes" color="green">
         <name>CMTOCPURAM</name>
         <page_id>0x0</page_id>
         <origin>0x38000</origin>
         <length>0x800</length>
         <used_space>0x0</used_space>
         <unused_space>0x800</unused_space>
         <attributes>RWIX</attributes>
         <usage_details>
         </usage_details>
      </memory_area>
      <memory_area display="yes" color="green">
         <name>CPUTOCMRAM</name>
         <page_id>0x0</page_id>
         <origin>0x39000</origin>
         <length>0x800</length>
         <used_space>0x0</used_space>
         <unused_space>0x800</unused_space>
         <attributes>RWIX</attributes>
         <usage_details>
         </usage_details>
      </memory_area>
      <memory_area display="yes" color="green">
         <name>CPU1TOCPU2RAM</name>
         <page_id>0x0</page_id>
         <origin>0x3a000</origin>
         <length>0x800</length>
         <used_space>0x0</used_space>
         <unused_space>0x800</unused_space>
         <attributes>RWIX</attributes>
         <usage_details>
         </usage_details>
      </memory_area>
      <memory_area display="yes" color="green">
         <name>CPU2TOCPU1RAM</name>
         <page_id>0x0</page_id>
         <origin>0x3b000</origin>
         <length>0x800</length>
         <used_space>0x0</used_space>
         <unused_space>0x800</unused_space>
         <attributes>RWIX</attributes>
         <usage_details>
         </usage_details>
      </memory_area>
      <memory_area display="yes" color="green">
         <name>CANA_MSG_RAM</name>
         <page_id>0x0</page_id>
         <origin>0x49000</origin>
         <length>0x800</length>
         <used_space>0x0</used_space>
         <unused_space>0x800</unused_space>
         <attributes>RWIX</attributes>
         <usage_details>
         </usage_details>
      </memory_area>
      <memory_area display="yes" color="green">
         <name>CANB_MSG_RAM</name>
         <page_id>0x0</page_id>
         <origin>0x4b000</origin>
         <length>0x800</length>
         <used_space>0x0</used_space>
         <unused_space>0x800</unused_space>
         <attributes>RWIX</attributes>
         <usage_details>
         </usage_details>
      </memory_area>
      <memory_area display="yes" color="green">
         <name>FLASH0</name>
         <page_id>0x0</page_id>
         <origin>0x80000</origin>
         <length>0x2000</length>
         <used_space>0x0</used_space>
         <unused_space>0x2000</unused_space>
         <attributes>RWIX</attributes>
         <usage_details>
         </usage_details>
      </memory_area>
      <memory_area display="yes" color="green">
         <name>FLASH1</name>
         <page_id>0x0</page_id>
         <origin>0x82000</origin>
         <length>0x2000</length>
         <used_space>0x0</used_space>
         <unused_space>0x2000</unused_space>
         <attributes>RWIX</attributes>
         <usage_details>
         </usage_details>
      </memory_area>
      <memory_area display="yes" color="green">
         <name>FLASH2</name>
         <page_id>0x0</page_id>
         <origin>0x84000</origin>
         <length>0x2000</length>
         <used_space>0x0</used_space>
         <unused_space>0x2000</unused_space>
         <attributes>RWIX</attributes>
         <usage_details>
         </usage_details>
      </memory_area>
      <memory_area display="yes" color="green">
         <name>FLASH3</name>
         <page_id>0x0</page_id>
         <origin>0x86000</origin>
         <length>0x2000</length>
         <used_space>0x0</used_space>
         <unused_space>0x2000</unused_space>
         <attributes>RWIX</attributes>
         <usage_details>
         </usage_details>
      </memory_area>
      <memory_area display="yes" color="green">
         <name>FLASH4</name>
         <page_id>0x0</page_id>
         <origin>0x88000</origin>
         <length>0x8000</length>
         <used_space>0x0</used_space>
         <unused_space>0x8000</unused_space>
         <attributes>RWIX</attributes>
         <usage_details>
         </usage_details>
      </memory_area>
      <memory_area display="yes" color="green">
         <name>FLASH5</name>
         <page_id>0x0</page_id>
         <origin>0x90000</origin>
         <length>0x8000</length>
         <used_space>0x0</used_space>
         <unused_space>0x8000</unused_space>
         <attributes>RWIX</attributes>
         <usage_details>
         </usage_details>
      </memory_area>
      <memory_area display="yes" color="green">
         <name>FLASH6</name>
         <page_id>0x0</page_id>
         <origin>0x98000</origin>
         <length>0x8000</length>
         <used_space>0x0</used_space>
         <unused_space>0x8000</unused_space>
         <attributes>RWIX</attributes>
         <usage_details>
         </usage_details>
      </memory_area>
      <memory_area display="yes" color="green">
         <name>FLASH7</name>
         <page_id>0x0</page_id>
         <origin>0xa0000</origin>
         <length>0x8000</length>
         <used_space>0x0</used_space>
         <unused_space>0x8000</unused_space>
         <attributes>RWIX</attributes>
         <usage_details>
         </usage_details>
      </memory_area>
      <memory_area display="yes" color="green">
         <name>FLASH8</name>
         <page_id>0x0</page_id>
         <origin>0xa8000</origin>
         <length>0x8000</length>
         <used_space>0x0</used_space>
         <unused_space>0x8000</unused_space>
         <attributes>RWIX</attributes>
         <usage_details>
         </usage_details>
      </memory_area>
      <memory_area display="yes" color="green">
         <name>FLASH9</name>
         <page_id>0x0</page_id>
         <origin>0xb0000</origin>
         <length>0x8000</length>
         <used_space>0x0</used_space>
         <unused_space>0x8000</unused_space>
         <attributes>RWIX</attributes>
         <usage_details>
         </usage_details>
      </memory_area>
      <memory_area display="yes" color="green">
         <name>FLASH10</name>
         <page_id>0x0</page_id>
         <origin>0xb8000</origin>
         <length>0x2000</length>
         <used_space>0x0</used_space>
         <unused_space>0x2000</unused_space>
         <attributes>RWIX</attributes>
         <usage_details>
         </usage_details>
      </memory_area>
      <memory_area display="yes" color="green">
         <name>FLASH11</name>
         <page_id>0x0</page_id>
         <origin>0xba000</origin>
         <length>0x2000</length>
         <used_space>0x0</used_space>
         <unused_space>0x2000</unused_space>
         <attributes>RWIX</attributes>
         <usage_details>
         </usage_details>
      </memory_area>
      <memory_area display="yes" color="green">
         <name>FLASH12</name>
         <page_id>0x0</page_id>
         <origin>0xbc000</origin>
         <length>0x2000</length>
         <used_space>0x0</used_space>
         <unused_space>0x2000</unused_space>
         <attributes>RWIX</attributes>
         <usage_details>
         </usage_details>
      </memory_area>
      <memory_area display="yes" color="green">
         <name>FLASH13</name>
         <page_id>0x0</page_id>
         <origin>0xbe000</origin>
         <length>0x2000</length>
         <used_space>0x0</used_space>
         <unused_space>0x2000</unused_space>
         <attributes>RWIX</attributes>
         <usage_details>
         </usage_details>
      </memory_area>
      <memory_area display="no" color="green">
         <name>RESET</name>
         <page_id>0x0</page_id>
         <origin>0x3fffc0</origin>
         <length>0x2</length>
         <used_space>0x0</used_space>
         <unused_space>0x2</unused_space>
         <attributes>RWIX</attributes>
         <usage_details>
         </usage_details>
      </memory_area>
   </placement_map>
   <cptbl_list>
      <cptbl>
         <name>__TI_cinit_table</name>
         <cprec>
            <name>.data</name>
            <load_address>0x1b8</load_address>
            <load_size>0xb</load_size>
            <run_address>0xac02</run_address>
            <run_size>0x2a</run_size>
            <compression>lzss</compression>
         </cprec>
      </cptbl>
   </cptbl_list>
   <handler_table>
      <handler_table_name>__TI_handler_table</handler_table_name>
      <handler>
         <index>0x0</index>
         <name>__TI_decompress_lzss</name>
      </handler>
      <handler>
         <index>0x1</index>
         <name>__TI_decompress_none</name>
      </handler>
   </handler_table>
   <symbol_table>
      <symbol id="sm-1">
         <name>__TI_CINIT_Base</name>
         <value>0x1c8</value>
      </symbol>
      <symbol id="sm-2">
         <name>__TI_CINIT_Limit</name>
         <value>0x1cc</value>
      </symbol>
      <symbol id="sm-3">
         <name>__TI_Handler_Table_Base</name>
         <value>0x1c4</value>
      </symbol>
      <symbol id="sm-4">
         <name>__TI_Handler_Table_Limit</name>
         <value>0x1c8</value>
      </symbol>
      <symbol id="sm-5">
         <name>__TI_STACK_SIZE</name>
         <value>0x100</value>
      </symbol>
      <symbol id="sm-6">
         <name>__TI_STACK_END</name>
         <value>0x500</value>
      </symbol>
      <symbol id="sm-7">
         <name>__TI_pprof_out_hndl</name>
         <value>0xffffffff</value>
      </symbol>
      <symbol id="sm-8">
         <name>__TI_prof_data_start</name>
         <value>0xffffffff</value>
      </symbol>
      <symbol id="sm-9">
         <name>__TI_prof_data_size</name>
         <value>0xffffffff</value>
      </symbol>
      <symbol id="sm-3b">
         <name>main</name>
         <value>0x82e3</value>
         <object_component_ref idref="oc-aa"/>
      </symbol>
      <symbol id="sm-d3">
         <name>initTILE1</name>
         <value>0xc575</value>
         <object_component_ref idref="oc-242"/>
      </symbol>
      <symbol id="sm-d4">
         <name>TILE1HLCInstr</name>
         <value>0xac02</value>
         <object_component_ref idref="oc-312"/>
      </symbol>
      <symbol id="sm-13a">
         <name>clb1_output_init_set</name>
         <value>0x825e</value>
         <object_component_ref idref="oc-248"/>
      </symbol>
      <symbol id="sm-13b">
         <name>clb1_en</name>
         <value>0x824e</value>
         <object_component_ref idref="oc-180"/>
      </symbol>
      <symbol id="sm-13c">
         <name>clb1_ou4_init_set</name>
         <value>0xcd93</value>
         <object_component_ref idref="oc-31d"/>
      </symbol>
      <symbol id="sm-13d">
         <name>clb1_ou5_init_set</name>
         <value>0xcdb4</value>
         <object_component_ref idref="oc-323"/>
      </symbol>
      <symbol id="sm-13e">
         <name>clb_init_set</name>
         <value>0xc7fc</value>
         <object_component_ref idref="oc-ed"/>
      </symbol>
      <symbol id="sm-243">
         <name>Device_enableAllPeripherals</name>
         <value>0xc000</value>
         <object_component_ref idref="oc-150"/>
      </symbol>
      <symbol id="sm-244">
         <name>Device_verifyXTAL</name>
         <value>0xc4ba</value>
         <object_component_ref idref="oc-113"/>
      </symbol>
      <symbol id="sm-245">
         <name>Device_initGPIO</name>
         <value>0xcd72</value>
         <object_component_ref idref="oc-db"/>
      </symbol>
      <symbol id="sm-246">
         <name>Device_init</name>
         <value>0xc800</value>
         <object_component_ref idref="oc-d5"/>
      </symbol>
      <symbol id="sm-247">
         <name>Device_enableUnbondedGPIOPullups</name>
         <value>0x822c</value>
         <object_component_ref idref="oc-15e"/>
      </symbol>
      <symbol id="sm-248">
         <name>__error__</name>
         <value>0x830e</value>
         <object_component_ref idref="oc-138"/>
      </symbol>
      <symbol id="sm-249">
         <name>Device_enableUnbondedGPIOPullupsFor176Pin</name>
         <value>0x8091</value>
         <object_component_ref idref="oc-228"/>
      </symbol>
      <symbol id="sm-251">
         <name>code_start</name>
         <value>0x0</value>
         <object_component_ref idref="oc-29"/>
      </symbol>
      <symbol id="sm-285">
         <name>CLB_configCounterLoadMatch</name>
         <value>0xc778</value>
         <object_component_ref idref="oc-300"/>
      </symbol>
      <symbol id="sm-2b7">
         <name>GPIO_setPadConfig</name>
         <value>0xc957</value>
         <object_component_ref idref="oc-38a"/>
      </symbol>
      <symbol id="sm-2b8">
         <name>GPIO_setDirectionMode</name>
         <value>0xcb9a</value>
         <object_component_ref idref="oc-384"/>
      </symbol>
      <symbol id="sm-2b9">
         <name>GPIO_setPinConfig</name>
         <value>0xca65</value>
         <object_component_ref idref="oc-390"/>
      </symbol>
      <symbol id="sm-2f6">
         <name>Interrupt_initModule</name>
         <value>0xc9f0</value>
         <object_component_ref idref="oc-e1"/>
      </symbol>
      <symbol id="sm-2f7">
         <name>Interrupt_initVectorTable</name>
         <value>0xcdf5</value>
         <object_component_ref idref="oc-e7"/>
      </symbol>
      <symbol id="sm-434">
         <name>SysCtl_isPLLValid</name>
         <value>0xc3b2</value>
         <object_component_ref idref="oc-20d"/>
      </symbol>
      <symbol id="sm-435">
         <name>SysCtl_delay</name>
         <value>0x1b1</value>
         <object_component_ref idref="oc-200"/>
      </symbol>
      <symbol id="sm-436">
         <name>SysCtl_getAuxClock</name>
         <value>0xc6b1</value>
         <object_component_ref idref="oc-144"/>
      </symbol>
      <symbol id="sm-437">
         <name>SysCtl_selectXTALSingleEnded</name>
         <value>0x801a</value>
         <object_component_ref idref="oc-271"/>
      </symbol>
      <symbol id="sm-438">
         <name>SysCtl_selectXTAL</name>
         <value>0xcd2d</value>
         <object_component_ref idref="oc-26b"/>
      </symbol>
      <symbol id="sm-439">
         <name>SysCtl_selectOscSource</name>
         <value>0xc903</value>
         <object_component_ref idref="oc-201"/>
      </symbol>
      <symbol id="sm-43a">
         <name>SysCtl_getLowSpeedClock</name>
         <value>0x8000</value>
         <object_component_ref idref="oc-13e"/>
      </symbol>
      <symbol id="sm-43b">
         <name>SysCtl_setClock</name>
         <value>0xc163</value>
         <object_component_ref idref="oc-119"/>
      </symbol>
      <symbol id="sm-43c">
         <name>SysCtl_getClock</name>
         <value>0xc718</value>
         <object_component_ref idref="oc-131"/>
      </symbol>
      <symbol id="sm-43d">
         <name>SysCtl_selectOscSourceAuxPLL</name>
         <value>0xc9a9</value>
         <object_component_ref idref="oc-216"/>
      </symbol>
      <symbol id="sm-43e">
         <name>SysCtl_setAuxClock</name>
         <value>0xc29b</value>
         <object_component_ref idref="oc-125"/>
      </symbol>
      <symbol id="sm-45a">
         <name>XBAR_setOutputMuxConfig</name>
         <value>0xca2d</value>
         <object_component_ref idref="oc-378"/>
      </symbol>
      <symbol id="sm-464">
         <name>_c_int00</name>
         <value>0xcfe7</value>
         <object_component_ref idref="oc-45"/>
      </symbol>
      <symbol id="sm-465">
         <name>__stack</name>
         <value>0x400</value>
         <object_component_ref idref="oc-2e"/>
      </symbol>
      <symbol id="sm-472">
         <name>__c28xabi_divf</name>
         <value>0xc629</value>
         <object_component_ref idref="oc-199"/>
      </symbol>
      <symbol id="sm-47f">
         <name>_system_pre_init</name>
         <value>0x8319</value>
         <object_component_ref idref="oc-5c"/>
      </symbol>
      <symbol id="sm-48e">
         <name>__TI_auto_init_nobinit_nopinit</name>
         <value>0xcbfc</value>
         <object_component_ref idref="oc-7a"/>
      </symbol>
      <symbol id="sm-49c">
         <name>__TI_decompress_none</name>
         <value>0x82ff</value>
         <object_component_ref idref="oc-22"/>
      </symbol>
      <symbol id="sm-4b0">
         <name>__TI_decompress_lzss</name>
         <value>0xcbcb</value>
         <object_component_ref idref="oc-1c"/>
      </symbol>
      <symbol id="sm-4c6">
         <name>C$$EXIT</name>
         <value>0xcc27</value>
         <object_component_ref idref="oc-69"/>
      </symbol>
      <symbol id="sm-4c7">
         <name>abort</name>
         <value>0xcc27</value>
         <object_component_ref idref="oc-69"/>
      </symbol>
      <symbol id="sm-4c8">
         <name>exit</name>
         <value>0xcc29</value>
         <object_component_ref idref="oc-69"/>
      </symbol>
      <symbol id="sm-4c9">
         <name>__TI_dtors_ptr</name>
         <value>0xac26</value>
         <object_component_ref idref="oc-b2"/>
      </symbol>
      <symbol id="sm-4ca">
         <name>__TI_cleanup_ptr</name>
         <value>0xac24</value>
         <object_component_ref idref="oc-b2"/>
      </symbol>
      <symbol id="sm-4cb">
         <name>__TI_enable_exit_profile_output</name>
         <value>0xac22</value>
         <object_component_ref idref="oc-b2"/>
      </symbol>
      <symbol id="sm-4e2">
         <name>_nop</name>
         <value>0x82f6</value>
         <object_component_ref idref="oc-fa"/>
      </symbol>
      <symbol id="sm-4e3">
         <name>_lock</name>
         <value>0xac28</value>
         <object_component_ref idref="oc-b5"/>
      </symbol>
      <symbol id="sm-4e4">
         <name>_unlock</name>
         <value>0xac2a</value>
         <object_component_ref idref="oc-18b"/>
      </symbol>
      <symbol id="sm-4e5">
         <name>_register_lock</name>
         <value>0x82f2</value>
         <object_component_ref idref="oc-fa"/>
      </symbol>
      <symbol id="sm-4e6">
         <name>_register_unlock</name>
         <value>0x82ee</value>
         <object_component_ref idref="oc-fa"/>
      </symbol>
      <symbol id="sm-4f5">
         <name>_args_main</name>
         <value>0x82cc</value>
         <object_component_ref idref="oc-63"/>
      </symbol>
      <symbol id="sm-509">
         <name>memcpy</name>
         <value>0xcf28</value>
         <object_component_ref idref="oc-31"/>
      </symbol>
      <symbol id="sm-516">
         <name>_system_post_cinit</name>
         <value>0xc7ff</value>
         <object_component_ref idref="oc-c0"/>
      </symbol>
      <symbol id="sm-518">
         <name>__c_args__</name>
         <value>0x0</value>
      </symbol>
   </symbol_table>
   <title>Link successful</title>
</link_info>
