******************************************************************************
             TMS320C2000 Linker PC v18.12.4                    
******************************************************************************
>> Linked Thu Jul 23 11:04:30 2020

OUTPUT FILE NAME:   <empty_driverlib_project.out>
ENTRY POINT SYMBOL: "code_start"  address: 00000000


MEMORY CONFIGURATION

         name            origin    length      used     unused   attr    fill
----------------------  --------  ---------  --------  --------  ----  --------
  BEGIN                 00000000   00000002  00000002  00000000  RWIX
  BOOT_RSVD             00000002   000001af  00000000  000001af  RWIX
  RAMM0                 000001b1   0000024f  00000014  0000023b  RWIX
  RAMM1                 00000400   000003f8  00000100  000002f8  RWIX
  RAMLS0                00008000   00000800  000000ec  00000714  RWIX
  RAMLS1                00008800   00000800  00000000  00000800  RWIX
  RAMLS2                00009000   00000800  00000000  00000800  RWIX
  RAMLS3                00009800   00000800  00000000  00000800  RWIX
  RAMLS4                0000a000   00000800  00000000  00000800  RWIX
  RAMLS5                0000a800   00000800  0000031f  000004e1  RWIX
  RAMLS6                0000b000   00000800  00000000  00000800  RWIX
  RAMLS7                0000b800   00000800  00000000  00000800  RWIX
  RAMD0                 0000c000   00000800  00000800  00000000  RWIX
  RAMD1                 0000c800   00000800  00000800  00000000  RWIX
  RAMGS0                0000d000   00001000  00000000  00001000  RWIX
  RAMGS1                0000e000   00001000  00000000  00001000  RWIX
  RAMGS2                0000f000   00001000  00000000  00001000  RWIX
  RAMGS3                00010000   00001000  00000000  00001000  RWIX
  RAMGS4                00011000   00001000  00000000  00001000  RWIX
  RAMGS5                00012000   00001000  00000000  00001000  RWIX
  RAMGS6                00013000   00001000  00000000  00001000  RWIX
  RAMGS7                00014000   00001000  00000000  00001000  RWIX
  RAMGS8                00015000   00001000  00000000  00001000  RWIX
  RAMGS9                00016000   00001000  00000000  00001000  RWIX
  RAMGS10               00017000   00001000  00000000  00001000  RWIX
  RAMGS11               00018000   00001000  00000000  00001000  RWIX
  RAMGS12               00019000   00001000  00000000  00001000  RWIX
  RAMGS13               0001a000   00001000  00000000  00001000  RWIX
  RAMGS14               0001b000   00001000  00000000  00001000  RWIX
  RAMGS15               0001c000   00000ff8  00000000  00000ff8  RWIX
  CMTOCPURAM            00038000   00000800  00000000  00000800  RWIX
  CPUTOCMRAM            00039000   00000800  00000000  00000800  RWIX
  CPU1TOCPU2RAM         0003a000   00000800  00000000  00000800  RWIX
  CPU2TOCPU1RAM         0003b000   00000800  00000000  00000800  RWIX
  CANA_MSG_RAM          00049000   00000800  00000000  00000800  RWIX
  CANB_MSG_RAM          0004b000   00000800  00000000  00000800  RWIX
  FLASH0                00080000   00002000  00000000  00002000  RWIX
  FLASH1                00082000   00002000  00000000  00002000  RWIX
  FLASH2                00084000   00002000  00000000  00002000  RWIX
  FLASH3                00086000   00002000  00000000  00002000  RWIX
  FLASH4                00088000   00008000  00000000  00008000  RWIX
  FLASH5                00090000   00008000  00000000  00008000  RWIX
  FLASH6                00098000   00008000  00000000  00008000  RWIX
  FLASH7                000a0000   00008000  00000000  00008000  RWIX
  FLASH8                000a8000   00008000  00000000  00008000  RWIX
  FLASH9                000b0000   00008000  00000000  00008000  RWIX
  FLASH10               000b8000   00002000  00000000  00002000  RWIX
  FLASH11               000ba000   00002000  00000000  00002000  RWIX
  FLASH12               000bc000   00002000  00000000  00002000  RWIX
  FLASH13               000be000   00002000  00000000  00002000  RWIX
  RESET                 003fffc0   00000002  00000000  00000002  RWIX


SECTION ALLOCATION MAP

 output                                  attributes/
section   page    origin      length       input sections
--------  ----  ----------  ----------   ----------------
codestart 
*          0    00000000    00000002     
                  00000000    00000002     f2838x_codestartbranch.obj (codestart)

.cinit     0    000001b8    00000010     
                  000001b8    00000008     (.cinit..data.load) [load image, compression = lzss]
                  000001c0    00000004     (__TI_handler_table)
                  000001c4    00000004     (__TI_cinit_table)

.reset     0    003fffc0    00000000     DSECT

.stack     0    00000400    00000100     UNINITIALIZED
                  00000400    00000100     --HOLE--

.init_array 
*          0    000001b1    00000000     UNINITIALIZED

.const     0    0000a800    00000315     
                  0000a800    000000ba     driverlib.lib : sysctl.obj (.const:.string)
                  0000a8ba    000000b8                   : gpio.obj (.const:.string)
                  0000a972    000000b7                   : sci.obj (.const:.string)
                  0000aa29    00000001     --HOLE-- [fill = 0]
                  0000aa2a    000000a3     device.obj (.const:.string)
                  0000aacd    00000001     --HOLE-- [fill = 0]
                  0000aace    00000047     user_sci.obj (.const:.string)

.data      0    0000ab16    0000000a     UNINITIALIZED
                  0000ab16    00000006     rts2800_fpu64_eabi.lib : exit.c.obj (.data)
                  0000ab1c    00000002                            : _lock.c.obj (.data:_lock)
                  0000ab1e    00000002                            : _lock.c.obj (.data:_unlock)

.TI.ramfunc 
*          0    000001b1    00000004     
                  000001b1    00000004     driverlib.lib : sysctl.obj (.TI.ramfunc)

.text.1    0    00008000    000000ec     
                  00008000    00000014     driverlib.lib : sci.obj (.text:SCI_enableModule)
                  00008014    00000014     user_sci.obj (.text:SCI_resetChannels)
                  00008028    00000014     device.obj (.text:SysCtl_deviceCal)
                  0000803c    00000011     device.obj (.text:Device_enableUnbondedGPIOPullups)
                  0000804d    00000011     device.obj (.text:SysCtl_setCMClk)
                  0000805e    0000000e     driverlib.lib : interrupt.obj (.text:Interrupt_defaultHandler)
                  0000806c    0000000e     device.obj (.text:SysCtl_setLowSpeedClock)
                  0000807a    0000000d     driverlib.lib : interrupt.obj (.text:Interrupt_disableMaster)
                  00008087    0000000d     main.obj (.text:Interrupt_enableMaster)
                  00008094    0000000c     driverlib.lib : sysctl.obj (.text:SysCtl_setPLLSysClk)
                  000080a0    0000000c     rts2800_fpu64_eabi.lib : args_main.c.obj (.text)
                  000080ac    0000000b     driverlib.lib : sysctl.obj (.text:SysCtl_isMCDClockFailureDetected)
                  000080b7    0000000a     user_sci.obj (.text:scia_send)
                  000080c1    00000009     rts2800_fpu64_eabi.lib : _lock.c.obj (.text)
                  000080ca    00000008     device.obj (.text:SysCtl_disableWatchdog)
                  000080d2    00000008     rts2800_fpu64_eabi.lib : copy_decompress_none.c.obj (.text:decompress:none)
                  000080da    00000007     driverlib.lib : sysctl.obj (.text:SysCtl_resetMCD)
                  000080e1    00000007     device.obj (.text:__error__)
                  000080e8    00000002     driverlib.lib : interrupt.obj (.text:Interrupt_nmiHandler)
                  000080ea    00000002     rts2800_fpu64_eabi.lib : pre_init.c.obj (.text)

.text.2    0    0000c000    00000800     
                  0000c000    00000163     device.obj (.text:Device_enableAllPeripherals)
                  0000c163    00000138     driverlib.lib : sysctl.obj (.text:SysCtl_setClock)
                  0000c29b    00000117                   : sysctl.obj (.text:SysCtl_setAuxClock)
                  0000c3b2    00000108                   : sysctl.obj (.text:SysCtl_isPLLValid)
                  0000c4ba    000000bb     device.obj (.text:Device_verifyXTAL)
                  0000c575    00000088     rts2800_fpu64_eabi.lib : fs_div28.asm.obj (.text)
                  0000c5fd    00000067     driverlib.lib : sysctl.obj (.text:SysCtl_getAuxClock)
                  0000c664    00000060                   : sysctl.obj (.text:SysCtl_getClock)
                  0000c6c4    00000057     device.obj (.text:Device_init)
                  0000c71b    00000056     device.obj (.text:DCC_setCounterSeeds)
                  0000c771    00000056     driverlib.lib : sysctl.obj (.text:DCC_setCounterSeeds)
                  0000c7c7    00000038                   : gpio.obj (.text:GPIO_setMasterCore)
                  0000c7ff    00000001     rts2800_fpu64_eabi.lib : startup.c.obj (.text)

.text.3    0    0000c800    00000800     
                  0000c800    00000054     driverlib.lib : sysctl.obj (.text:SysCtl_selectOscSource)
                  0000c854    00000052                   : gpio.obj (.text:GPIO_setPadConfig)
                  0000c8a6    00000047                   : sysctl.obj (.text:SysCtl_selectOscSourceAuxPLL)
                  0000c8ed    00000046                   : sci.obj (.text:SCI_clearInterruptStatus)
                  0000c933    0000003e                   : sci.obj (.text:SCI_setConfig)
                  0000c971    0000003d                   : interrupt.obj (.text:Interrupt_initModule)
                  0000c9ae    00000038                   : gpio.obj (.text:GPIO_setQualificationMode)
                  0000c9e6    00000037                   : gpio.obj (.text:GPIO_setPinConfig)
                  0000ca1d    00000031                   : gpio.obj (.text:GPIO_setDirectionMode)
                  0000ca4e    00000031     rts2800_fpu64_eabi.lib : copy_decompress_lzss.c.obj (.text:decompress:lzss)
                  0000ca7f    0000002b                            : autoinit.c.obj (.text:__TI_auto_init_nobinit_nopinit)
                  0000caaa    00000029                            : exit.c.obj (.text)
                  0000cad3    00000027     user_sci.obj (.text:SCI_setFIFOInterruptLevel)
                  0000cafa    00000027     user_sci.obj (.text:initSCIAFIFO)
                  0000cb21    00000025     device.obj (.text:DCC_enableSingleShotMode)
                  0000cb46    00000025     driverlib.lib : sysctl.obj (.text:DCC_enableSingleShotMode)
                  0000cb6b    00000024                   : sysctl.obj (.text:SysCtl_pollX1Counter)
                  0000cb8f    00000024                   : sysctl.obj (.text:SysCtl_selectXTAL)
                  0000cbb3    00000021     device.obj (.text:Device_initGPIO)
                  0000cbd4    00000020     driverlib.lib : interrupt.obj (.text:Interrupt_initVectorTable)
                  0000cbf4    0000001f     device.obj (.text:DCC_setCounter0ClkSource)
                  0000cc13    0000001f     driverlib.lib : sysctl.obj (.text:DCC_setCounter0ClkSource)
                  0000cc32    0000001f     device.obj (.text:DCC_setCounter1ClkSource)
                  0000cc51    0000001f     driverlib.lib : sysctl.obj (.text:DCC_setCounter1ClkSource)
                  0000cc70    0000001f                   : sci.obj (.text:SCI_isBaseValid)
                  0000cc8f    0000001f     user_sci.obj (.text:SCI_isBaseValid)
                  0000ccae    0000001e     user_sci.obj (.text:SCI_enableFIFO)
                  0000cccc    0000001d     device.obj (.text:DCC_getErrorStatus)
                  0000cce9    0000001d     device.obj (.text:DCC_getSingleShotStatus)
                  0000cd06    0000001d     rts2800_fpu64_eabi.lib : memcpy.c.obj (.text)
                  0000cd23    0000001a     device.obj (.text:DCC_isBaseValid)
                  0000cd3d    0000001a     driverlib.lib : sysctl.obj (.text:DCC_isBaseValid)
                  0000cd57    0000001a                   : sysctl.obj (.text:SysCtl_getLowSpeedClock)
                  0000cd71    0000001a                   : sysctl.obj (.text:SysCtl_selectXTALSingleEnded)
                  0000cd8b    00000019                   : sci.obj (.text:SCI_disableModule)
                  0000cda4    00000019                   : sci.obj (.text:SCI_performSoftwareReset)
                  0000cdbd    00000019     user_sci.obj (.text:SCI_resetTxFIFO)
                  0000cdd6    00000019     main.obj (.text:main)
                  0000cdef    00000019     rts2800_fpu64_eabi.lib : boot28.asm.obj (.text)
                  0000ce08    00000019     user_sci.obj (.text:scia_rx_init_set)
                  0000ce21    00000019     user_sci.obj (.text:scia_tx_init_set)
                  0000ce3a    00000018     user_sci.obj (.text:scia_init_set)
                  0000ce52    00000017     device.obj (.text:DCC_disableDoneSignal)
                  0000ce69    00000017     driverlib.lib : sysctl.obj (.text:DCC_disableDoneSignal)
                  0000ce80    00000017     device.obj (.text:DCC_enableDoneSignal)
                  0000ce97    00000017     device.obj (.text:Device_enableUnbondedGPIOPullupsFor176Pin)
                  0000ceae    00000017     device.obj (.text:SysCtl_enablePeripheral)
                  0000cec5    00000017     driverlib.lib : sysctl.obj (.text:SysCtl_enablePeripheral)
                  0000cedc    00000016     device.obj (.text:DCC_clearDoneFlag)
                  0000cef2    00000016     driverlib.lib : sysctl.obj (.text:DCC_clearDoneFlag)
                  0000cf08    00000016     device.obj (.text:DCC_clearErrorFlag)
                  0000cf1e    00000016     driverlib.lib : sysctl.obj (.text:DCC_clearErrorFlag)
                  0000cf34    00000016     device.obj (.text:DCC_disableErrorSignal)
                  0000cf4a    00000016     driverlib.lib : sysctl.obj (.text:DCC_disableErrorSignal)
                  0000cf60    00000016     device.obj (.text:DCC_enableErrorSignal)
                  0000cf76    00000015     device.obj (.text:GPIO_unlockPortConfig)
                  0000cf8b    00000015     user_sci.obj (.text:SCI_writeCharNonBlocking)
                  0000cfa0    00000014     device.obj (.text:DCC_disableModule)
                  0000cfb4    00000014     driverlib.lib : sysctl.obj (.text:DCC_disableModule)
                  0000cfc8    00000014     device.obj (.text:DCC_enableModule)
                  0000cfdc    00000014     driverlib.lib : sysctl.obj (.text:DCC_enableModule)
                  0000cff0    0000000e                   : gpio.obj (.text:GPIO_isPinValid)
                  0000cffe    00000002                   : interrupt.obj (.text:Interrupt_illegalOperationHandler)

MODULE SUMMARY

       Module                       code   ro data   rw data
       ------                       ----   -------   -------
    .\
       main.obj                     38     0         0      
    +--+----------------------------+------+---------+---------+
       Total:                       38     0         0      
                                                            
    .\Peripherals\sci\
       user_sci.obj                 289    71        0      
    +--+----------------------------+------+---------+---------+
       Total:                       289    71        0      
                                                            
    .\device\
       device.obj                   1255   163       0      
       f2838x_codestartbranch.obj   2      0         0      
    +--+----------------------------+------+---------+---------+
       Total:                       1257   163       0      
                                                            
    C:/TI/c2000_ware/C2000Ware_3_02_00_00/driverlib/f2838x/driverlib/ccs/Debug/driverlib.lib
       sysctl.obj                   1730   186       0      
       gpio.obj                     312    184       0      
       sci.obj                      233    183       0      
       interrupt.obj                124    0         0      
    +--+----------------------------+------+---------+---------+
       Total:                       2399   553       0      
                                                            
    C:\TI\ccs9.3\ccs\tools\compiler\ti-cgt-c2000_18.12.4.LTS\lib\rts2800_fpu64_eabi.lib
       fs_div28.asm.obj             136    0         0      
       copy_decompress_lzss.c.obj   49     0         0      
       exit.c.obj                   41     0         6      
       autoinit.c.obj               43     0         0      
       memcpy.c.obj                 29     0         0      
       boot28.asm.obj               25     0         0      
       _lock.c.obj                  9      0         4      
       args_main.c.obj              12     0         0      
       copy_decompress_none.c.obj   8      0         0      
       pre_init.c.obj               2      0         0      
       startup.c.obj                1      0         0      
    +--+----------------------------+------+---------+---------+
       Total:                       355    0         10     
                                                            
       Stack:                       0      0         256    
       Linker Generated:            0      16        0      
    +--+----------------------------+------+---------+---------+
       Grand Total:                 4338   803       266    


LINKER GENERATED COPY TABLES

__TI_cinit_table @ 000001c4 records: 1, size/record: 4, table size: 4
	.data: load addr=000001b8, load size=00000008 bytes, run addr=0000ab16, run size=0000000a bytes, compression=lzss


LINKER GENERATED HANDLER TABLE

__TI_handler_table @ 000001c0 records: 2, size/record: 2, table size: 4
	index: 0, handler: __TI_decompress_lzss
	index: 1, handler: __TI_decompress_none


GLOBAL DATA SYMBOLS: SORTED BY DATA PAGE

address     data page           name
--------    ----------------    ----
00000400      10 (00000400)     __stack

0000ab16     2ac (0000ab00)     __TI_enable_exit_profile_output
0000ab18     2ac (0000ab00)     __TI_cleanup_ptr
0000ab1a     2ac (0000ab00)     __TI_dtors_ptr
0000ab1c     2ac (0000ab00)     _lock
0000ab1e     2ac (0000ab00)     _unlock


GLOBAL SYMBOLS: SORTED ALPHABETICALLY BY Name 

page  address   name                                     
----  -------   ----                                     
0     0000caaa  C$$EXIT                                  
0     0000c000  Device_enableAllPeripherals              
0     0000803c  Device_enableUnbondedGPIOPullups         
0     0000ce97  Device_enableUnbondedGPIOPullupsFor176Pin
0     0000c6c4  Device_init                              
0     0000cbb3  Device_initGPIO                          
0     0000c4ba  Device_verifyXTAL                        
0     0000ca1d  GPIO_setDirectionMode                    
0     0000c7c7  GPIO_setMasterCore                       
0     0000c854  GPIO_setPadConfig                        
0     0000c9e6  GPIO_setPinConfig                        
0     0000c9ae  GPIO_setQualificationMode                
0     0000c971  Interrupt_initModule                     
0     0000cbd4  Interrupt_initVectorTable                
0     0000c8ed  SCI_clearInterruptStatus                 
0     0000c933  SCI_setConfig                            
0     000001b1  SysCtl_delay                             
0     0000c5fd  SysCtl_getAuxClock                       
0     0000c664  SysCtl_getClock                          
0     0000cd57  SysCtl_getLowSpeedClock                  
0     0000c3b2  SysCtl_isPLLValid                        
0     0000c800  SysCtl_selectOscSource                   
0     0000c8a6  SysCtl_selectOscSourceAuxPLL             
0     0000cb8f  SysCtl_selectXTAL                        
0     0000cd71  SysCtl_selectXTALSingleEnded             
0     0000c29b  SysCtl_setAuxClock                       
0     0000c163  SysCtl_setClock                          
0     000001c4  __TI_CINIT_Base                          
0     000001c8  __TI_CINIT_Limit                         
0     000001c0  __TI_Handler_Table_Base                  
0     000001c4  __TI_Handler_Table_Limit                 
0     00000500  __TI_STACK_END                           
abs   00000100  __TI_STACK_SIZE                          
0     0000ca7f  __TI_auto_init_nobinit_nopinit           
0     0000ab18  __TI_cleanup_ptr                         
0     0000ca4e  __TI_decompress_lzss                     
0     000080d2  __TI_decompress_none                     
0     0000ab1a  __TI_dtors_ptr                           
0     0000ab16  __TI_enable_exit_profile_output          
abs   ffffffff  __TI_pprof_out_hndl                      
abs   ffffffff  __TI_prof_data_size                      
abs   ffffffff  __TI_prof_data_start                     
0     0000c575  __c28xabi_divf                           
n/a   UNDEFED   __c_args__                               
0     000080e1  __error__                                
0     00000400  __stack                                  
0     000080a0  _args_main                               
0     0000cdef  _c_int00                                 
0     0000ab1c  _lock                                    
0     000080c9  _nop                                     
0     000080c5  _register_lock                           
0     000080c1  _register_unlock                         
0     0000c7ff  _system_post_cinit                       
0     000080ea  _system_pre_init                         
0     0000ab1e  _unlock                                  
0     0000caaa  abort                                    
0     00000000  code_start                               
0     0000caac  exit                                     
0     0000cafa  initSCIAFIFO                             
0     0000cdd6  main                                     
0     0000cd06  memcpy                                   
0     0000ce3a  scia_init_set                            
0     0000ce08  scia_rx_init_set                         
0     000080b7  scia_send                                
0     0000ce21  scia_tx_init_set                         


GLOBAL SYMBOLS: SORTED BY Symbol Address 

page  address   name                                     
----  -------   ----                                     
0     00000000  code_start                               
0     000001b1  SysCtl_delay                             
0     000001c0  __TI_Handler_Table_Base                  
0     000001c4  __TI_CINIT_Base                          
0     000001c4  __TI_Handler_Table_Limit                 
0     000001c8  __TI_CINIT_Limit                         
0     00000400  __stack                                  
0     00000500  __TI_STACK_END                           
0     0000803c  Device_enableUnbondedGPIOPullups         
0     000080a0  _args_main                               
0     000080b7  scia_send                                
0     000080c1  _register_unlock                         
0     000080c5  _register_lock                           
0     000080c9  _nop                                     
0     000080d2  __TI_decompress_none                     
0     000080e1  __error__                                
0     000080ea  _system_pre_init                         
0     0000ab16  __TI_enable_exit_profile_output          
0     0000ab18  __TI_cleanup_ptr                         
0     0000ab1a  __TI_dtors_ptr                           
0     0000ab1c  _lock                                    
0     0000ab1e  _unlock                                  
0     0000c000  Device_enableAllPeripherals              
0     0000c163  SysCtl_setClock                          
0     0000c29b  SysCtl_setAuxClock                       
0     0000c3b2  SysCtl_isPLLValid                        
0     0000c4ba  Device_verifyXTAL                        
0     0000c575  __c28xabi_divf                           
0     0000c5fd  SysCtl_getAuxClock                       
0     0000c664  SysCtl_getClock                          
0     0000c6c4  Device_init                              
0     0000c7c7  GPIO_setMasterCore                       
0     0000c7ff  _system_post_cinit                       
0     0000c800  SysCtl_selectOscSource                   
0     0000c854  GPIO_setPadConfig                        
0     0000c8a6  SysCtl_selectOscSourceAuxPLL             
0     0000c8ed  SCI_clearInterruptStatus                 
0     0000c933  SCI_setConfig                            
0     0000c971  Interrupt_initModule                     
0     0000c9ae  GPIO_setQualificationMode                
0     0000c9e6  GPIO_setPinConfig                        
0     0000ca1d  GPIO_setDirectionMode                    
0     0000ca4e  __TI_decompress_lzss                     
0     0000ca7f  __TI_auto_init_nobinit_nopinit           
0     0000caaa  C$$EXIT                                  
0     0000caaa  abort                                    
0     0000caac  exit                                     
0     0000cafa  initSCIAFIFO                             
0     0000cb8f  SysCtl_selectXTAL                        
0     0000cbb3  Device_initGPIO                          
0     0000cbd4  Interrupt_initVectorTable                
0     0000cd06  memcpy                                   
0     0000cd57  SysCtl_getLowSpeedClock                  
0     0000cd71  SysCtl_selectXTALSingleEnded             
0     0000cdd6  main                                     
0     0000cdef  _c_int00                                 
0     0000ce08  scia_rx_init_set                         
0     0000ce21  scia_tx_init_set                         
0     0000ce3a  scia_init_set                            
0     0000ce97  Device_enableUnbondedGPIOPullupsFor176Pin
abs   00000100  __TI_STACK_SIZE                          
abs   ffffffff  __TI_pprof_out_hndl                      
abs   ffffffff  __TI_prof_data_size                      
abs   ffffffff  __TI_prof_data_start                     
n/a   UNDEFED   __c_args__                               

[65 symbols]
